Archive member included to satisfy reference by file (symbol)

c:/st/stm32cubeide_1.9.0/stm32cubeide/plugins/com.st.stm32cube.ide.mcu.externaltools.gnu-tools-for-stm32.10.3-2021.10.win32_1.0.0.202111181127/tools/bin/../lib/gcc/arm-none-eabi/10.3.1/../../../../arm-none-eabi/lib/thumb/v7e-m+fp/hard\libc_nano.a(lib_a-errno.o)
                              ./Core/Src/syscalls.o (__errno)
c:/st/stm32cubeide_1.9.0/stm32cubeide/plugins/com.st.stm32cube.ide.mcu.externaltools.gnu-tools-for-stm32.10.3-2021.10.win32_1.0.0.202111181127/tools/bin/../lib/gcc/arm-none-eabi/10.3.1/../../../../arm-none-eabi/lib/thumb/v7e-m+fp/hard\libc_nano.a(lib_a-exit.o)
                              c:/st/stm32cubeide_1.9.0/stm32cubeide/plugins/com.st.stm32cube.ide.mcu.externaltools.gnu-tools-for-stm32.10.3-2021.10.win32_1.0.0.202111181127/tools/bin/../lib/gcc/arm-none-eabi/10.3.1/../../../../arm-none-eabi/lib/thumb/v7e-m+fp/hard/crt0.o (exit)
c:/st/stm32cubeide_1.9.0/stm32cubeide/plugins/com.st.stm32cube.ide.mcu.externaltools.gnu-tools-for-stm32.10.3-2021.10.win32_1.0.0.202111181127/tools/bin/../lib/gcc/arm-none-eabi/10.3.1/../../../../arm-none-eabi/lib/thumb/v7e-m+fp/hard\libc_nano.a(lib_a-impure.o)
                              c:/st/stm32cubeide_1.9.0/stm32cubeide/plugins/com.st.stm32cube.ide.mcu.externaltools.gnu-tools-for-stm32.10.3-2021.10.win32_1.0.0.202111181127/tools/bin/../lib/gcc/arm-none-eabi/10.3.1/../../../../arm-none-eabi/lib/thumb/v7e-m+fp/hard\libc_nano.a(lib_a-exit.o) (_global_impure_ptr)
c:/st/stm32cubeide_1.9.0/stm32cubeide/plugins/com.st.stm32cube.ide.mcu.externaltools.gnu-tools-for-stm32.10.3-2021.10.win32_1.0.0.202111181127/tools/bin/../lib/gcc/arm-none-eabi/10.3.1/../../../../arm-none-eabi/lib/thumb/v7e-m+fp/hard\libc_nano.a(lib_a-init.o)
                              c:/st/stm32cubeide_1.9.0/stm32cubeide/plugins/com.st.stm32cube.ide.mcu.externaltools.gnu-tools-for-stm32.10.3-2021.10.win32_1.0.0.202111181127/tools/bin/../lib/gcc/arm-none-eabi/10.3.1/../../../../arm-none-eabi/lib/thumb/v7e-m+fp/hard/crt0.o (__libc_init_array)
c:/st/stm32cubeide_1.9.0/stm32cubeide/plugins/com.st.stm32cube.ide.mcu.externaltools.gnu-tools-for-stm32.10.3-2021.10.win32_1.0.0.202111181127/tools/bin/../lib/gcc/arm-none-eabi/10.3.1/../../../../arm-none-eabi/lib/thumb/v7e-m+fp/hard\libc_nano.a(lib_a-malloc.o)
                              ./Middlewares/ST/STM32_USB_Host_Library/Class/MSC/Src/usbh_msc.o (malloc)
c:/st/stm32cubeide_1.9.0/stm32cubeide/plugins/com.st.stm32cube.ide.mcu.externaltools.gnu-tools-for-stm32.10.3-2021.10.win32_1.0.0.202111181127/tools/bin/../lib/gcc/arm-none-eabi/10.3.1/../../../../arm-none-eabi/lib/thumb/v7e-m+fp/hard\libc_nano.a(lib_a-memcpy-stub.o)
                              ./Core/Src/MY_LIS3DSH.o (memcpy)
c:/st/stm32cubeide_1.9.0/stm32cubeide/plugins/com.st.stm32cube.ide.mcu.externaltools.gnu-tools-for-stm32.10.3-2021.10.win32_1.0.0.202111181127/tools/bin/../lib/gcc/arm-none-eabi/10.3.1/../../../../arm-none-eabi/lib/thumb/v7e-m+fp/hard\libc_nano.a(lib_a-memset.o)
                              c:/st/stm32cubeide_1.9.0/stm32cubeide/plugins/com.st.stm32cube.ide.mcu.externaltools.gnu-tools-for-stm32.10.3-2021.10.win32_1.0.0.202111181127/tools/bin/../lib/gcc/arm-none-eabi/10.3.1/../../../../arm-none-eabi/lib/thumb/v7e-m+fp/hard/crt0.o (memset)
c:/st/stm32cubeide_1.9.0/stm32cubeide/plugins/com.st.stm32cube.ide.mcu.externaltools.gnu-tools-for-stm32.10.3-2021.10.win32_1.0.0.202111181127/tools/bin/../lib/gcc/arm-none-eabi/10.3.1/../../../../arm-none-eabi/lib/thumb/v7e-m+fp/hard\libc_nano.a(lib_a-nano-freer.o)
                              c:/st/stm32cubeide_1.9.0/stm32cubeide/plugins/com.st.stm32cube.ide.mcu.externaltools.gnu-tools-for-stm32.10.3-2021.10.win32_1.0.0.202111181127/tools/bin/../lib/gcc/arm-none-eabi/10.3.1/../../../../arm-none-eabi/lib/thumb/v7e-m+fp/hard\libc_nano.a(lib_a-malloc.o) (_free_r)
c:/st/stm32cubeide_1.9.0/stm32cubeide/plugins/com.st.stm32cube.ide.mcu.externaltools.gnu-tools-for-stm32.10.3-2021.10.win32_1.0.0.202111181127/tools/bin/../lib/gcc/arm-none-eabi/10.3.1/../../../../arm-none-eabi/lib/thumb/v7e-m+fp/hard\libc_nano.a(lib_a-nano-mallocr.o)
                              c:/st/stm32cubeide_1.9.0/stm32cubeide/plugins/com.st.stm32cube.ide.mcu.externaltools.gnu-tools-for-stm32.10.3-2021.10.win32_1.0.0.202111181127/tools/bin/../lib/gcc/arm-none-eabi/10.3.1/../../../../arm-none-eabi/lib/thumb/v7e-m+fp/hard\libc_nano.a(lib_a-malloc.o) (_malloc_r)
c:/st/stm32cubeide_1.9.0/stm32cubeide/plugins/com.st.stm32cube.ide.mcu.externaltools.gnu-tools-for-stm32.10.3-2021.10.win32_1.0.0.202111181127/tools/bin/../lib/gcc/arm-none-eabi/10.3.1/../../../../arm-none-eabi/lib/thumb/v7e-m+fp/hard\libc_nano.a(lib_a-sbrkr.o)
[...]
Memory Configuration

Name             Origin             Length             Attributes
CCMRAM           0x0000000010000000 0x0000000000010000 xrw
RAM              0x0000000020000000 0x0000000000020000 xrw
FLASH            0x0000000008000000 0x0000000000100000 xr
*default*        0x0000000000000000 0xffffffffffffffff

Linker script and memory map

LOAD c:/st/stm32cubeide_1.9.0/stm32cubeide/plugins/com.st.stm32cube.ide.mcu.externaltools.gnu-tools-for-stm32.10.3-2021.10.win32_1.0.0.202111181127/tools/bin/../lib/gcc/arm-none-eabi/10.3.1/thumb/v7e-m+fp/hard/crti.o
LOAD c:/st/stm32cubeide_1.9.0/stm32cubeide/plugins/com.st.stm32cube.ide.mcu.externaltools.gnu-tools-for-stm32.10.3-2021.10.win32_1.0.0.202111181127/tools/bin/../lib/gcc/arm-none-eabi/10.3.1/thumb/v7e-m+fp/hard/crtbegin.o
LOAD c:/st/stm32cubeide_1.9.0/stm32cubeide/plugins/com.st.stm32cube.ide.mcu.externaltools.gnu-tools-for-stm32.10.3-2021.10.win32_1.0.0.202111181127/tools/bin/../lib/gcc/arm-none-eabi/10.3.1/../../../../arm-none-eabi/lib/thumb/v7e-m+fp/hard/crt0.o
LOAD ./Core/Src/AUDIO.o
LOAD ./Core/Src/AUDIO_LINK.o
LOAD ./Core/Src/File_Handling.o
LOAD ./Core/Src/MY_LIS3DSH.o
LOAD ./Core/Src/cs43l22.o
LOAD ./Core/Src/dma.o
LOAD ./Core/Src/gpio.o
LOAD ./Core/Src/i2c.o
LOAD ./Core/Src/i2s.o
LOAD ./Core/Src/main.o
LOAD ./Core/Src/spi.o
LOAD ./Core/Src/stm32f4xx_hal_msp.o
LOAD ./Core/Src/stm32f4xx_it.o
LOAD ./Core/Src/syscalls.o
LOAD ./Core/Src/sysmem.o
LOAD ./Core/Src/system_stm32f4xx.o
LOAD ./Core/Src/waveplayer.o
LOAD ./Core/Startup/startup_stm32f407vgtx.o
LOAD ./Drivers/STM32F4xx_HAL_Driver/Src/stm32f4xx_hal.o
LOAD ./Drivers/STM32F4xx_HAL_Driver/Src/stm32f4xx_hal_cortex.o
LOAD ./Drivers/STM32F4xx_HAL_Driver/Src/stm32f4xx_hal_dma.o
LOAD ./Drivers/STM32F4xx_HAL_Driver/Src/stm32f4xx_hal_dma_ex.o
LOAD ./Drivers/STM32F4xx_HAL_Driver/Src/stm32f4xx_hal_exti.o
LOAD ./Drivers/STM32F4xx_HAL_Driver/Src/stm32f4xx_hal_flash.o
LOAD ./Drivers/STM32F4xx_HAL_Driver/Src/stm32f4xx_hal_flash_ex.o
LOAD ./Drivers/STM32F4xx_HAL_Driver/Src/stm32f4xx_hal_flash_ramfunc.o
LOAD ./Drivers/STM32F4xx_HAL_Driver/Src/stm32f4xx_hal_gpio.o
LOAD ./Drivers/STM32F4xx_HAL_Driver/Src/stm32f4xx_hal_hcd.o
LOAD ./Drivers/STM32F4xx_HAL_Driver/Src/stm32f4xx_hal_i2c.o
LOAD ./Drivers/STM32F4xx_HAL_Driver/Src/stm32f4xx_hal_i2c_ex.o
LOAD ./Drivers/STM32F4xx_HAL_Driver/Src/stm32f4xx_hal_i2s.o
LOAD ./Drivers/STM32F4xx_HAL_Driver/Src/stm32f4xx_hal_i2s_ex.o
LOAD ./Drivers/STM32F4xx_HAL_Driver/Src/stm32f4xx_hal_pwr.o
LOAD ./Drivers/STM32F4xx_HAL_Driver/Src/stm32f4xx_hal_pwr_ex.o
LOAD ./Drivers/STM32F4xx_HAL_Driver/Src/stm32f4xx_hal_rcc.o
LOAD ./Drivers/STM32F4xx_HAL_Driver/Src/stm32f4xx_hal_rcc_ex.o
LOAD ./Drivers/STM32F4xx_HAL_Driver/Src/stm32f4xx_hal_spi.o
LOAD ./Drivers/STM32F4xx_HAL_Driver/Src/stm32f4xx_hal_tim.o
LOAD ./Drivers/STM32F4xx_HAL_Driver/Src/stm32f4xx_hal_tim_ex.o
LOAD ./Drivers/STM32F4xx_HAL_Driver/Src/stm32f4xx_ll_usb.o
LOAD ./FATFS/App/fatfs.o
LOAD ./FATFS/Target/usbh_diskio.o
LOAD ./Middlewares/ST/STM32_USB_Host_Library/Class/MSC/Src/usbh_msc.o
LOAD ./Middlewares/ST/STM32_USB_Host_Library/Class/MSC/Src/usbh_msc_bot.o
LOAD ./Middlewares/ST/STM32_USB_Host_Library/Class/MSC/Src/usbh_msc_scsi.o
LOAD ./Middlewares/ST/STM32_USB_Host_Library/Core/Src/usbh_core.o
LOAD ./Middlewares/ST/STM32_USB_Host_Library/Core/Src/usbh_ctlreq.o
LOAD ./Middlewares/ST/STM32_USB_Host_Library/Core/Src/usbh_ioreq.o
LOAD ./Middlewares/ST/STM32_USB_Host_Library/Core/Src/usbh_pipes.o
LOAD ./Middlewares/Third_Party/FatFs/src/diskio.o
LOAD ./Middlewares/Third_Party/FatFs/src/ff.o
LOAD ./Middlewares/Third_Party/FatFs/src/ff_gen_drv.o
LOAD ./Middlewares/Third_Party/FatFs/src/option/ccsbcs.o
LOAD ./Middlewares/Third_Party/FatFs/src/option/syscall.o
LOAD ./USB_HOST/App/usb_host.o
LOAD ./USB_HOST/Target/usbh_conf.o
LOAD ./USB_HOST/Target/usbh_platform.o
START GROUP
LOAD c:/st/stm32cubeide_1.9.0/stm32cubeide/plugins/com.st.stm32cube.ide.mcu.externaltools.gnu-tools-for-stm32.10.3-2021.10.win32_1.0.0.202111181127/tools/bin/../lib/gcc/arm-none-eabi/10.3.1/../../../../arm-none-eabi/lib/thumb/v7e-m+fp/hard\libc_nano.a
LOAD c:/st/stm32cubeide_1.9.0/stm32cubeide/plugins/com.st.stm32cube.ide.mcu.externaltools.gnu-tools-for-stm32.10.3-2021.10.win32_1.0.0.202111181127/tools/bin/../lib/gcc/arm-none-eabi/10.3.1/../../../../arm-none-eabi/lib/thumb/v7e-m+fp/hard\libm.a
END GROUP
START GROUP
LOAD c:/st/stm32cubeide_1.9.0/stm32cubeide/plugins/com.st.stm32cube.ide.mcu.externaltools.gnu-tools-for-stm32.10.3-2021.10.win32_1.0.0.202111181127/tools/bin/../lib/gcc/arm-none-eabi/10.3.1/thumb/v7e-m+fp/hard\libgcc.a
LOAD c:/st/stm32cubeide_1.9.0/stm32cubeide/plugins/com.st.stm32cube.ide.mcu.externaltools.gnu-tools-for-stm32.10.3-2021.10.win32_1.0.0.202111181127/tools/bin/../lib/gcc/arm-none-eabi/10.3.1/../../../../arm-none-eabi/lib/thumb/v7e-m+fp/hard\libc_nano.a
END GROUP
START GROUP
LOAD c:/st/stm32cubeide_1.9.0/stm32cubeide/plugins/com.st.stm32cube.ide.mcu.externaltools.gnu-tools-for-stm32.10.3-2021.10.win32_1.0.0.202111181127/tools/bin/../lib/gcc/arm-none-eabi/10.3.1/thumb/v7e-m+fp/hard\libgcc.a
LOAD c:/st/stm32cubeide_1.9.0/stm32cubeide/plugins/com.st.stm32cube.ide.mcu.externaltools.gnu-tools-for-stm32.10.3-2021.10.win32_1.0.0.202111181127/tools/bin/../lib/gcc/arm-none-eabi/10.3.1/../../../../arm-none-eabi/lib/thumb/v7e-m+fp/hard\libc_nano.a
LOAD c:/st/stm32cubeide_1.9.0/stm32cubeide/plugins/com.st.stm32cube.ide.mcu.externaltools.gnu-tools-for-stm32.10.3-2021.10.win32_1.0.0.202111181127/tools/bin/../lib/gcc/arm-none-eabi/10.3.1/../../../../arm-none-eabi/lib/thumb/v7e-m+fp/hard\libnosys.a
END GROUP
START GROUP
LOAD c:/st/stm32cubeide_1.9.0/stm32cubeide/plugins/com.st.stm32cube.ide.mcu.externaltools.gnu-tools-for-stm32.10.3-2021.10.win32_1.0.0.202111181127/tools/bin/../lib/gcc/arm-none-eabi/10.3.1/thumb/v7e-m+fp/hard\libgcc.a
LOAD c:/st/stm32cubeide_1.9.0/stm32cubeide/plugins/com.st.stm32cube.ide.mcu.externaltools.gnu-tools-for-stm32.10.3-2021.10.win32_1.0.0.202111181127/tools/bin/../lib/gcc/arm-none-eabi/10.3.1/../../../../arm-none-eabi/lib/thumb/v7e-m+fp/hard\libc_nano.a
LOAD c:/st/stm32cubeide_1.9.0/stm32cubeide/plugins/com.st.stm32cube.ide.mcu.externaltools.gnu-tools-for-stm32.10.3-2021.10.win32_1.0.0.202111181127/tools/bin/../lib/gcc/arm-none-eabi/10.3.1/../../../../arm-none-eabi/lib/thumb/v7e-m+fp/hard\libnosys.a
END GROUP
LOAD c:/st/stm32cubeide_1.9.0/stm32cubeide/plugins/com.st.stm32cube.ide.mcu.externaltools.gnu-tools-for-stm32.10.3-2021.10.win32_1.0.0.202111181127/tools/bin/../lib/gcc/arm-none-eabi/10.3.1/thumb/v7e-m+fp/hard/crtend.o
LOAD c:/st/stm32cubeide_1.9.0/stm32cubeide/plugins/com.st.stm32cube.ide.mcu.externaltools.gnu-tools-for-stm32.10.3-2021.10.win32_1.0.0.202111181127/tools/bin/../lib/gcc/arm-none-eabi/10.3.1/thumb/v7e-m+fp/hard/crtn.o
                0x0000000020020000                _estack = (ORIGIN (RAM) + LENGTH (RAM))
                0x0000000000000200                _Min_Heap_Size = 0x200
                0x0000000000000400                _Min_Stack_Size = 0x400

.isr_vector     0x0000000008000000      0x188
                0x0000000008000000                . = ALIGN (0x4)
 *(.isr_vector)
 .isr_vector    0x0000000008000000      0x188 ./Core/Startup/startup_stm32f407vgtx.o
                0x0000000008000000                g_pfnVectors
                0x0000000008000188                . = ALIGN (0x4)

.text           0x0000000008000188    0x108e8
                0x0000000008000188                . = ALIGN (0x4)
 *(.text)
 .text          0x0000000008000188       0x40 c:/st/stm32cubeide_1.9.0/stm32cubeide/plugins/com.st.stm32cube.ide.mcu.externaltools.gnu-tools-for-stm32.10.3-2021.10.win32_1.0.0.202111181127/tools/bin/../lib/gcc/arm-none-eabi/10.3.1/thumb/v7e-m+fp/hard/crtbegin.o
 .text          0x00000000080001c8       0x30 c:/st/stm32cubeide_1.9.0/stm32cubeide/plugins/com.st.stm32cube.ide.mcu.externaltools.gnu-tools-for-stm32.10.3-2021.10.win32_1.0.0.202111181127/tools/bin/../lib/gcc/arm-none-eabi/10.3.1/thumb/v7e-m+fp/hard\libgcc.a(_aeabi_uldivmod.o)
                0x00000000080001c8                __aeabi_uldivmod
 .text          0x00000000080001f8      0x2d0 c:/st/stm32cubeide_1.9.0/stm32cubeide/plugins/com.st.stm32cube.ide.mcu.externaltools.gnu-tools-for-stm32.10.3-2021.10.win32_1.0.0.202111181127/tools/bin/../lib/gcc/arm-none-eabi/10.3.1/thumb/v7e-m+fp/hard\libgcc.a(_udivmoddi4.o)
                0x00000000080001f8                __udivmoddi4
 .text          0x00000000080004c8        0x4 c:/st/stm32cubeide_1.9.0/stm32cubeide/plugins/com.st.stm32cube.ide.mcu.externaltools.gnu-tools-for-stm32.10.3-2021.10.win32_1.0.0.202111181127/tools/bin/../lib/gcc/arm-none-eabi/10.3.1/thumb/v7e-m+fp/hard\libgcc.a(_dvmd_tls.o)
                0x00000000080004c8                __aeabi_idiv0
                0x00000000080004c8                __aeabi_ldiv0
 *(.text*)
 .text.AUDIO_OUT_Init
                0x00000000080004cc       0x9c ./Core/Src/AUDIO.o
                0x00000000080004cc                AUDIO_OUT_Init
 .text.AUDIO_OUT_Play
                0x0000000008000568       0x54 ./Core/Src/AUDIO.o
                0x0000000008000568                AUDIO_OUT_Play
 .text.AUDIO_OUT_Pause
                0x00000000080005bc       0x2c ./Core/Src/AUDIO.o
                0x00000000080005bc                AUDIO_OUT_Pause
 .text.AUDIO_OUT_Resume
                0x00000000080005e8       0x2c ./Core/Src/AUDIO.o
                0x00000000080005e8                AUDIO_OUT_Resume
 .text.AUDIO_OUT_Stop
                0x0000000008000614       0x50 ./Core/Src/AUDIO.o
                0x0000000008000614                AUDIO_OUT_Stop
 .text.AUDIO_OUT_SetVolume
                0x0000000008000664       0x30 ./Core/Src/AUDIO.o
                0x0000000008000664                AUDIO_OUT_SetVolume
 .text.HAL_I2S_TxCpltCallback
                0x0000000008000694       0x24 ./Core/Src/AUDIO.o
                0x0000000008000694                HAL_I2S_TxCpltCallback
 .text.HAL_I2S_TxHalfCpltCallback
                0x00000000080006b8       0x24 ./Core/Src/AUDIO.o
                0x00000000080006b8                HAL_I2S_TxHalfCpltCallback
 .text.AUDIO_OUT_ClockConfig
                0x00000000080006dc       0xb4 ./Core/Src/AUDIO.o
                0x00000000080006dc                AUDIO_OUT_ClockConfig
 .text.AUDIO_OUT_MspInit
                0x0000000008000790      0x180 ./Core/Src/AUDIO.o
                0x0000000008000790                AUDIO_OUT_MspInit
 .text.AUDIO_OUT_Error_CallBack
                0x0000000008000910        0xe ./Core/Src/AUDIO.o
                0x0000000008000910                AUDIO_OUT_Error_CallBack
 *fill*         0x000000000800091e        0x2 
 .text.I2S3_Init
                0x0000000008000920       0x70 ./Core/Src/AUDIO.o
 .text.HAL_I2S_ErrorCallback
                0x0000000008000990       0x24 ./Core/Src/AUDIO.o
                0x0000000008000990                HAL_I2S_ErrorCallback
 .text.I2Cx_Init
                0x00000000080009b4       0x64 ./Core/Src/AUDIO_LINK.o
 .text.I2Cx_WriteData
                0x0000000008000a18       0x50 ./Core/Src/AUDIO_LINK.o
 .text.I2Cx_ReadData
                0x0000000008000a68       0x58 ./Core/Src/AUDIO_LINK.o
 .text.I2Cx_Error
                0x0000000008000ac0       0x18 ./Core/Src/AUDIO_LINK.o
 .text.I2Cx_MspInit
                0x0000000008000ad8       0xac ./Core/Src/AUDIO_LINK.o
 .text.AUDIO_IO_Init
                0x0000000008000b84       0x70 ./Core/Src/AUDIO_LINK.o
                0x0000000008000b84                AUDIO_IO_Init
 .text.AUDIO_IO_DeInit
                0x0000000008000bf4        0xe ./Core/Src/AUDIO_LINK.o
                0x0000000008000bf4                AUDIO_IO_DeInit
 .text.AUDIO_IO_Write
                0x0000000008000c02       0x28 ./Core/Src/AUDIO_LINK.o
                0x0000000008000c02                AUDIO_IO_Write
 .text.AUDIO_IO_Read
                0x0000000008000c2a       0x28 ./Core/Src/AUDIO_LINK.o
                0x0000000008000c2a                AUDIO_IO_Read
 *fill*         0x0000000008000c52        0x2 
 .text.AUDIO_StorageParse
                0x0000000008000c54      0x13c ./Core/Src/File_Handling.o
                0x0000000008000c54                AUDIO_StorageParse
 .text.AUDIO_GetWavObjectNumber
                0x0000000008000d90       0x1c ./Core/Src/File_Handling.o
                0x0000000008000d90                AUDIO_GetWavObjectNumber
 .text.Mount_USB
                0x0000000008000dac       0x28 ./Core/Src/File_Handling.o
                0x0000000008000dac                Mount_USB
 .text.LIS3DSH_WriteIO
                0x0000000008000dd4       0x54 ./Core/Src/MY_LIS3DSH.o
                0x0000000008000dd4                LIS3DSH_WriteIO
 .text.LIS3DSH_ReadIO
                0x0000000008000e28       0x88 ./Core/Src/MY_LIS3DSH.o
                0x0000000008000e28                LIS3DSH_ReadIO
 .text.LIS3DSH_Init
                0x0000000008000eb0      0x1a0 ./Core/Src/MY_LIS3DSH.o
                0x0000000008000eb0                LIS3DSH_Init
 .text.LIS3DSH_GetDataRaw
                0x0000000008001050       0x86 ./Core/Src/MY_LIS3DSH.o
                0x0000000008001050                LIS3DSH_GetDataRaw
 *fill*         0x00000000080010d6        0x2 
 .text.cs43l22_Init
                0x00000000080010d8      0x1c8 ./Core/Src/cs43l22.o
                0x00000000080010d8                cs43l22_Init
 .text.cs43l22_DeInit
                0x00000000080012a0        0xc ./Core/Src/cs43l22.o
                0x00000000080012a0                cs43l22_DeInit
 .text.cs43l22_ReadID
                0x00000000080012ac       0x30 ./Core/Src/cs43l22.o
                0x00000000080012ac                cs43l22_ReadID
 .text.cs43l22_Play
                0x00000000080012dc       0x74 ./Core/Src/cs43l22.o
                0x00000000080012dc                cs43l22_Play
 .text.cs43l22_Pause
                0x0000000008001350       0x42 ./Core/Src/cs43l22.o
                0x0000000008001350                cs43l22_Pause
 *fill*         0x0000000008001392        0x2 
 .text.cs43l22_Resume
                0x0000000008001394       0x78 ./Core/Src/cs43l22.o
                0x0000000008001394                cs43l22_Resume
 .text.cs43l22_Stop
                0x000000000800140c       0x68 ./Core/Src/cs43l22.o
                0x000000000800140c                cs43l22_Stop
 .text.cs43l22_SetVolume
                0x0000000008001474       0xbc ./Core/Src/cs43l22.o
                0x0000000008001474                cs43l22_SetVolume
 .text.cs43l22_SetFrequency
                0x0000000008001530       0x1a ./Core/Src/cs43l22.o
                0x0000000008001530                cs43l22_SetFrequency
 *fill*         0x000000000800154a        0x2 
 .text.cs43l22_SetMute
                0x000000000800154c       0xbc ./Core/Src/cs43l22.o
                0x000000000800154c                cs43l22_SetMute
 .text.cs43l22_SetOutputMode
                0x0000000008001608       0xe4 ./Core/Src/cs43l22.o
                0x0000000008001608                cs43l22_SetOutputMode
 .text.cs43l22_Reset
                0x00000000080016ec       0x18 ./Core/Src/cs43l22.o
                0x00000000080016ec                cs43l22_Reset
 .text.CODEC_IO_Write
                0x0000000008001704       0x2e ./Core/Src/cs43l22.o
 *fill*         0x0000000008001732        0x2 
 .text.MX_DMA_Init
                0x0000000008001734       0x40 ./Core/Src/dma.o
                0x0000000008001734                MX_DMA_Init
 .text.MX_GPIO_Init
                0x0000000008001774      0x224 ./Core/Src/gpio.o
                0x0000000008001774                MX_GPIO_Init
 .text.MX_I2C1_Init
                0x0000000008001998       0x5c ./Core/Src/i2c.o
                0x0000000008001998                MX_I2C1_Init
 .text.HAL_I2C_MspInit
                0x00000000080019f4       0x90 ./Core/Src/i2c.o
                0x00000000080019f4                HAL_I2C_MspInit
 .text.HAL_I2C_MspDeInit
                0x0000000008001a84       0x44 ./Core/Src/i2c.o
                0x0000000008001a84                HAL_I2C_MspDeInit
 .text.MX_I2S3_Init
                0x0000000008001ac8       0x5c ./Core/Src/i2s.o
                0x0000000008001ac8                MX_I2S3_Init
 .text.HAL_I2S_MspInit
                0x0000000008001b24      0x17c ./Core/Src/i2s.o
                0x0000000008001b24                HAL_I2S_MspInit
 .text.HAL_GPIO_EXTI_Callback
                0x0000000008001ca0       0x5c ./Core/Src/main.o
                0x0000000008001ca0                HAL_GPIO_EXTI_Callback
 .text.main     0x0000000008001cfc       0xa0 ./Core/Src/main.o
                0x0000000008001cfc                main
 .text.HandleTilt
                0x0000000008001d9c      0x210 ./Core/Src/main.o
                0x0000000008001d9c                HandleTilt
 .text.SystemClock_Config
                0x0000000008001fac       0xd4 ./Core/Src/main.o
                0x0000000008001fac                SystemClock_Config
 .text.Error_Handler
                0x0000000008002080        0xa ./Core/Src/main.o
                0x0000000008002080                Error_Handler
 *fill*         0x000000000800208a        0x2 
 .text.MX_SPI1_Init
                0x000000000800208c       0x6c ./Core/Src/spi.o
                0x000000000800208c                MX_SPI1_Init
 .text.HAL_SPI_MspInit
                0x00000000080020f8       0x90 ./Core/Src/spi.o
                0x00000000080020f8                HAL_SPI_MspInit
 .text.HAL_MspInit
                0x0000000008002188       0x50 ./Core/Src/stm32f4xx_hal_msp.o
                0x0000000008002188                HAL_MspInit
 .text.NMI_Handler
                0x00000000080021d8        0x6 ./Core/Src/stm32f4xx_it.o
                0x00000000080021d8                NMI_Handler
 .text.HardFault_Handler
                0x00000000080021de        0x6 ./Core/Src/stm32f4xx_it.o
                0x00000000080021de                HardFault_Handler
 .text.MemManage_Handler
                0x00000000080021e4        0x6 ./Core/Src/stm32f4xx_it.o
                0x00000000080021e4                MemManage_Handler
 .text.BusFault_Handler
                0x00000000080021ea        0x6 ./Core/Src/stm32f4xx_it.o
                0x00000000080021ea                BusFault_Handler
 .text.UsageFault_Handler
                0x00000000080021f0        0x6 ./Core/Src/stm32f4xx_it.o
                0x00000000080021f0                UsageFault_Handler
 .text.SVC_Handler
                0x00000000080021f6        0xe ./Core/Src/stm32f4xx_it.o
                0x00000000080021f6                SVC_Handler
 .text.DebugMon_Handler
                0x0000000008002204        0xe ./Core/Src/stm32f4xx_it.o
                0x0000000008002204                DebugMon_Handler
 .text.PendSV_Handler
                0x0000000008002212        0xe ./Core/Src/stm32f4xx_it.o
                0x0000000008002212                PendSV_Handler
 .text.SysTick_Handler
                0x0000000008002220        0xc ./Core/Src/stm32f4xx_it.o
                0x0000000008002220                SysTick_Handler
 .text.EXTI0_IRQHandler
                0x000000000800222c        0xe ./Core/Src/stm32f4xx_it.o
                0x000000000800222c                EXTI0_IRQHandler
 *fill*         0x000000000800223a        0x2 
 .text.DMA1_Stream5_IRQHandler
                0x000000000800223c       0x14 ./Core/Src/stm32f4xx_it.o
                0x000000000800223c                DMA1_Stream5_IRQHandler
 .text.OTG_FS_IRQHandler
                0x0000000008002250       0x14 ./Core/Src/stm32f4xx_it.o
                0x0000000008002250                OTG_FS_IRQHandler
 .text._sbrk    0x0000000008002264       0x6c ./Core/Src/sysmem.o
                0x0000000008002264                _sbrk
 .text.SystemInit
                0x00000000080022d0       0x24 ./Core/Src/system_stm32f4xx.o
                0x00000000080022d0                SystemInit
 .text.PlayerInit
                0x00000000080022f4       0x30 ./Core/Src/waveplayer.o
                0x00000000080022f4                PlayerInit
 .text.GetCurrentVolume
                0x0000000008002324       0x18 ./Core/Src/waveplayer.o
                0x0000000008002324                GetCurrentVolume
 .text.AUDIO_PLAYER_Start
                0x000000000800233c       0xc0 ./Core/Src/waveplayer.o
                0x000000000800233c                AUDIO_PLAYER_Start
 .text.AUDIO_PLAYER_Process
                0x00000000080023fc      0x234 ./Core/Src/waveplayer.o
                0x00000000080023fc                AUDIO_PLAYER_Process
 .text.AUDIO_OUT_TransferComplete_CallBack
                0x0000000008002630       0x28 ./Core/Src/waveplayer.o
                0x0000000008002630                AUDIO_OUT_TransferComplete_CallBack
 .text.AUDIO_OUT_HalfTransfer_CallBack
                0x0000000008002658       0x28 ./Core/Src/waveplayer.o
                0x0000000008002658                AUDIO_OUT_HalfTransfer_CallBack
 .text.Reset_Handler
                0x0000000008002680       0x50 ./Core/Startup/startup_stm32f407vgtx.o
                0x0000000008002680                Reset_Handler
 .text.Default_Handler
                0x00000000080026d0        0x2 ./Core/Startup/startup_stm32f407vgtx.o
                0x00000000080026d0                RTC_Alarm_IRQHandler
                0x00000000080026d0                HASH_RNG_IRQHandler
                0x00000000080026d0                EXTI2_IRQHandler
                0x00000000080026d0                TIM8_CC_IRQHandler
                0x00000000080026d0                TIM1_CC_IRQHandler
                0x00000000080026d0                DMA2_Stream5_IRQHandler
                0x00000000080026d0                PVD_IRQHandler
                0x00000000080026d0                SDIO_IRQHandler
                0x00000000080026d0                TAMP_STAMP_IRQHandler
                0x00000000080026d0                CAN2_RX1_IRQHandler
                0x00000000080026d0                EXTI3_IRQHandler
                0x00000000080026d0                TIM8_TRG_COM_TIM14_IRQHandler
                0x00000000080026d0                TIM1_UP_TIM10_IRQHandler
                0x00000000080026d0                TIM8_UP_TIM13_IRQHandler
                0x00000000080026d0                I2C3_ER_IRQHandler
                0x00000000080026d0                I2C2_EV_IRQHandler
                0x00000000080026d0                DMA1_Stream2_IRQHandler
                0x00000000080026d0                CAN1_RX0_IRQHandler
                0x00000000080026d0                FPU_IRQHandler
                0x00000000080026d0                OTG_HS_WKUP_IRQHandler
                0x00000000080026d0                CAN2_SCE_IRQHandler
                0x00000000080026d0                DMA2_Stream2_IRQHandler
                0x00000000080026d0                SPI1_IRQHandler
                0x00000000080026d0                TIM6_DAC_IRQHandler
                0x00000000080026d0                TIM1_BRK_TIM9_IRQHandler
                0x00000000080026d0                DCMI_IRQHandler
                0x00000000080026d0                CAN2_RX0_IRQHandler
                0x00000000080026d0                DMA2_Stream3_IRQHandler
                0x00000000080026d0                USART6_IRQHandler
                0x00000000080026d0                USART3_IRQHandler
                0x00000000080026d0                CAN1_RX1_IRQHandler
                0x00000000080026d0                UART5_IRQHandler
                0x00000000080026d0                DMA2_Stream0_IRQHandler
                0x00000000080026d0                TIM4_IRQHandler
                0x00000000080026d0                I2C1_EV_IRQHandler
                0x00000000080026d0                DMA1_Stream6_IRQHandler
                0x00000000080026d0                DMA1_Stream1_IRQHandler
                0x00000000080026d0                UART4_IRQHandler
                0x00000000080026d0                TIM3_IRQHandler
                0x00000000080026d0                RCC_IRQHandler
                0x00000000080026d0                TIM8_BRK_TIM12_IRQHandler
                0x00000000080026d0                Default_Handler
                0x00000000080026d0                EXTI15_10_IRQHandler
                0x00000000080026d0                ADC_IRQHandler
                0x00000000080026d0                DMA1_Stream7_IRQHandler
                0x00000000080026d0                TIM7_IRQHandler
                0x00000000080026d0                CAN2_TX_IRQHandler
                0x00000000080026d0                TIM5_IRQHandler
                0x00000000080026d0                DMA2_Stream7_IRQHandler
                0x00000000080026d0                I2C3_EV_IRQHandler
                0x00000000080026d0                EXTI9_5_IRQHandler
                0x00000000080026d0                RTC_WKUP_IRQHandler
                0x00000000080026d0                ETH_WKUP_IRQHandler
                0x00000000080026d0                SPI2_IRQHandler
                0x00000000080026d0                OTG_HS_EP1_IN_IRQHandler
                0x00000000080026d0                DMA1_Stream0_IRQHandler
                0x00000000080026d0                CAN1_TX_IRQHandler
                0x00000000080026d0                EXTI4_IRQHandler
                0x00000000080026d0                FSMC_IRQHandler
                0x00000000080026d0                ETH_IRQHandler
                0x00000000080026d0                OTG_HS_EP1_OUT_IRQHandler
                0x00000000080026d0                WWDG_IRQHandler
                0x00000000080026d0                TIM2_IRQHandler
                0x00000000080026d0                OTG_FS_WKUP_IRQHandler
                0x00000000080026d0                TIM1_TRG_COM_TIM11_IRQHandler
                0x00000000080026d0                OTG_HS_IRQHandler
                0x00000000080026d0                EXTI1_IRQHandler
                0x00000000080026d0                USART2_IRQHandler
                0x00000000080026d0                I2C2_ER_IRQHandler
                0x00000000080026d0                DMA2_Stream1_IRQHandler
                0x00000000080026d0                CAN1_SCE_IRQHandler
                0x00000000080026d0                FLASH_IRQHandler
                0x00000000080026d0                DMA2_Stream4_IRQHandler
                0x00000000080026d0                USART1_IRQHandler
                0x00000000080026d0                SPI3_IRQHandler
                0x00000000080026d0                DMA1_Stream4_IRQHandler
                0x00000000080026d0                I2C1_ER_IRQHandler
                0x00000000080026d0                DMA2_Stream6_IRQHandler
                0x00000000080026d0                DMA1_Stream3_IRQHandler
 *fill*         0x00000000080026d2        0x2 
 .text.HAL_Init
                0x00000000080026d4       0x44 ./Drivers/STM32F4xx_HAL_Driver/Src/stm32f4xx_hal.o
                0x00000000080026d4                HAL_Init
 .text.HAL_InitTick
                0x0000000008002718       0x60 ./Drivers/STM32F4xx_HAL_Driver/Src/stm32f4xx_hal.o
                0x0000000008002718                HAL_InitTick
 .text.HAL_IncTick
                0x0000000008002778       0x28 ./Drivers/STM32F4xx_HAL_Driver/Src/stm32f4xx_hal.o
                0x0000000008002778                HAL_IncTick
 .text.HAL_GetTick
                0x00000000080027a0       0x18 ./Drivers/STM32F4xx_HAL_Driver/Src/stm32f4xx_hal.o
                0x00000000080027a0                HAL_GetTick
 .text.HAL_Delay
                0x00000000080027b8       0x48 ./Drivers/STM32F4xx_HAL_Driver/Src/stm32f4xx_hal.o
                0x00000000080027b8                HAL_Delay
 .text.__NVIC_SetPriorityGrouping
                0x0000000008002800       0x48 ./Drivers/STM32F4xx_HAL_Driver/Src/stm32f4xx_hal_cortex.o
 .text.__NVIC_GetPriorityGrouping
                0x0000000008002848       0x1c ./Drivers/STM32F4xx_HAL_Driver/Src/stm32f4xx_hal_cortex.o
 .text.__NVIC_EnableIRQ
                0x0000000008002864       0x3c ./Drivers/STM32F4xx_HAL_Driver/Src/stm32f4xx_hal_cortex.o
 .text.__NVIC_SetPriority
                0x00000000080028a0       0x54 ./Drivers/STM32F4xx_HAL_Driver/Src/stm32f4xx_hal_cortex.o
 .text.NVIC_EncodePriority
                0x00000000080028f4       0x66 ./Drivers/STM32F4xx_HAL_Driver/Src/stm32f4xx_hal_cortex.o
 *fill*         0x000000000800295a        0x2 
 .text.SysTick_Config
                0x000000000800295c       0x44 ./Drivers/STM32F4xx_HAL_Driver/Src/stm32f4xx_hal_cortex.o
 .text.HAL_NVIC_SetPriorityGrouping
                0x00000000080029a0       0x16 ./Drivers/STM32F4xx_HAL_Driver/Src/stm32f4xx_hal_cortex.o
                0x00000000080029a0                HAL_NVIC_SetPriorityGrouping
 .text.HAL_NVIC_SetPriority
                0x00000000080029b6       0x38 ./Drivers/STM32F4xx_HAL_Driver/Src/stm32f4xx_hal_cortex.o
                0x00000000080029b6                HAL_NVIC_SetPriority
 .text.HAL_NVIC_EnableIRQ
                0x00000000080029ee       0x1c ./Drivers/STM32F4xx_HAL_Driver/Src/stm32f4xx_hal_cortex.o
                0x00000000080029ee                HAL_NVIC_EnableIRQ
 .text.HAL_SYSTICK_Config
                0x0000000008002a0a       0x18 ./Drivers/STM32F4xx_HAL_Driver/Src/stm32f4xx_hal_cortex.o
                0x0000000008002a0a                HAL_SYSTICK_Config
 *fill*         0x0000000008002a22        0x2 
 .text.HAL_DMA_Init
                0x0000000008002a24      0x15c ./Drivers/STM32F4xx_HAL_Driver/Src/stm32f4xx_hal_dma.o
                0x0000000008002a24                HAL_DMA_Init
 .text.HAL_DMA_DeInit
                0x0000000008002b80       0xbc ./Drivers/STM32F4xx_HAL_Driver/Src/stm32f4xx_hal_dma.o
                0x0000000008002b80                HAL_DMA_DeInit
 .text.HAL_DMA_Start_IT
                0x0000000008002c3c       0xb0 ./Drivers/STM32F4xx_HAL_Driver/Src/stm32f4xx_hal_dma.o
                0x0000000008002c3c                HAL_DMA_Start_IT
 .text.HAL_DMA_Abort
                0x0000000008002cec       0xe0 ./Drivers/STM32F4xx_HAL_Driver/Src/stm32f4xx_hal_dma.o
                0x0000000008002cec                HAL_DMA_Abort
 .text.HAL_DMA_IRQHandler
                0x0000000008002dcc      0x314 ./Drivers/STM32F4xx_HAL_Driver/Src/stm32f4xx_hal_dma.o
                0x0000000008002dcc                HAL_DMA_IRQHandler
 .text.DMA_SetConfig
                0x00000000080030e0       0x5c ./Drivers/STM32F4xx_HAL_Driver/Src/stm32f4xx_hal_dma.o
 .text.DMA_CalcBaseAndBitshift
                0x000000000800313c       0x6c ./Drivers/STM32F4xx_HAL_Driver/Src/stm32f4xx_hal_dma.o
 .text.DMA_CheckFifoParam
                0x00000000080031a8       0xf8 ./Drivers/STM32F4xx_HAL_Driver/Src/stm32f4xx_hal_dma.o
 .text.HAL_GPIO_Init
                0x00000000080032a0      0x338 ./Drivers/STM32F4xx_HAL_Driver/Src/stm32f4xx_hal_gpio.o
                0x00000000080032a0                HAL_GPIO_Init
 .text.HAL_GPIO_DeInit
                0x00000000080035d8      0x1f8 ./Drivers/STM32F4xx_HAL_Driver/Src/stm32f4xx_hal_gpio.o
                0x00000000080035d8                HAL_GPIO_DeInit
 .text.HAL_GPIO_WritePin
                0x00000000080037d0       0x32 ./Drivers/STM32F4xx_HAL_Driver/Src/stm32f4xx_hal_gpio.o
                0x00000000080037d0                HAL_GPIO_WritePin
 .text.HAL_GPIO_TogglePin
                0x0000000008003802       0x34 ./Drivers/STM32F4xx_HAL_Driver/Src/stm32f4xx_hal_gpio.o
                0x0000000008003802                HAL_GPIO_TogglePin
 *fill*         0x0000000008003836        0x2 
 .text.HAL_GPIO_EXTI_IRQHandler
                0x0000000008003838       0x30 ./Drivers/STM32F4xx_HAL_Driver/Src/stm32f4xx_hal_gpio.o
                0x0000000008003838                HAL_GPIO_EXTI_IRQHandler
 .text.HAL_HCD_Init
                0x0000000008003868       0xc4 ./Drivers/STM32F4xx_HAL_Driver/Src/stm32f4xx_hal_hcd.o
                0x0000000008003868                HAL_HCD_Init
 .text.HAL_HCD_HC_Init
                0x000000000800392c      0x11e ./Drivers/STM32F4xx_HAL_Driver/Src/stm32f4xx_hal_hcd.o
                0x000000000800392c                HAL_HCD_HC_Init
 .text.HAL_HCD_HC_Halt
                0x0000000008003a4a       0x46 ./Drivers/STM32F4xx_HAL_Driver/Src/stm32f4xx_hal_hcd.o
                0x0000000008003a4a                HAL_HCD_HC_Halt
 .text.HAL_HCD_HC_SubmitRequest
                0x0000000008003a90      0x2ac ./Drivers/STM32F4xx_HAL_Driver/Src/stm32f4xx_hal_hcd.o
                0x0000000008003a90                HAL_HCD_HC_SubmitRequest
 .text.HAL_HCD_IRQHandler
                0x0000000008003d3c      0x216 ./Drivers/STM32F4xx_HAL_Driver/Src/stm32f4xx_hal_hcd.o
                0x0000000008003d3c                HAL_HCD_IRQHandler
 .text.HAL_HCD_Start
                0x0000000008003f52       0x46 ./Drivers/STM32F4xx_HAL_Driver/Src/stm32f4xx_hal_hcd.o
                0x0000000008003f52                HAL_HCD_Start
 .text.HAL_HCD_Stop
                0x0000000008003f98       0x3a ./Drivers/STM32F4xx_HAL_Driver/Src/stm32f4xx_hal_hcd.o
                0x0000000008003f98                HAL_HCD_Stop
 .text.HAL_HCD_ResetPort
                0x0000000008003fd2       0x1c ./Drivers/STM32F4xx_HAL_Driver/Src/stm32f4xx_hal_hcd.o
                0x0000000008003fd2                HAL_HCD_ResetPort
 .text.HAL_HCD_HC_GetURBState
                0x0000000008003fee       0x28 ./Drivers/STM32F4xx_HAL_Driver/Src/stm32f4xx_hal_hcd.o
                0x0000000008003fee                HAL_HCD_HC_GetURBState
 .text.HAL_HCD_HC_GetXferCount
                0x0000000008004016       0x28 ./Drivers/STM32F4xx_HAL_Driver/Src/stm32f4xx_hal_hcd.o
                0x0000000008004016                HAL_HCD_HC_GetXferCount
 .text.HAL_HCD_GetCurrentFrame
                0x000000000800403e       0x1c ./Drivers/STM32F4xx_HAL_Driver/Src/stm32f4xx_hal_hcd.o
                0x000000000800403e                HAL_HCD_GetCurrentFrame
 .text.HAL_HCD_GetCurrentSpeed
                0x000000000800405a       0x1c ./Drivers/STM32F4xx_HAL_Driver/Src/stm32f4xx_hal_hcd.o
                0x000000000800405a                HAL_HCD_GetCurrentSpeed
 .text.HCD_HC_IN_IRQHandler
                0x0000000008004076      0x6aa ./Drivers/STM32F4xx_HAL_Driver/Src/stm32f4xx_hal_hcd.o
 .text.HCD_HC_OUT_IRQHandler
                0x0000000008004720      0x6d2 ./Drivers/STM32F4xx_HAL_Driver/Src/stm32f4xx_hal_hcd.o
 .text.HCD_RXQLVL_IRQHandler
                0x0000000008004df2      0x1a4 ./Drivers/STM32F4xx_HAL_Driver/Src/stm32f4xx_hal_hcd.o
 .text.HCD_Port_IRQHandler
                0x0000000008004f96       0xe6 ./Drivers/STM32F4xx_HAL_Driver/Src/stm32f4xx_hal_hcd.o
 .text.HAL_I2C_Init
                0x000000000800507c      0x288 ./Drivers/STM32F4xx_HAL_Driver/Src/stm32f4xx_hal_i2c.o
                0x000000000800507c                HAL_I2C_Init
 .text.HAL_I2C_DeInit
                0x0000000008005304       0x5e ./Drivers/STM32F4xx_HAL_Driver/Src/stm32f4xx_hal_i2c.o
                0x0000000008005304                HAL_I2C_DeInit
 *fill*         0x0000000008005362        0x2 
 .text.HAL_I2C_Mem_Write
                0x0000000008005364      0x1f4 ./Drivers/STM32F4xx_HAL_Driver/Src/stm32f4xx_hal_i2c.o
                0x0000000008005364                HAL_I2C_Mem_Write
 .text.HAL_I2C_Mem_Read
                0x0000000008005558      0x44c ./Drivers/STM32F4xx_HAL_Driver/Src/stm32f4xx_hal_i2c.o
                0x0000000008005558                HAL_I2C_Mem_Read
 .text.HAL_I2C_GetState
                0x00000000080059a4       0x1c ./Drivers/STM32F4xx_HAL_Driver/Src/stm32f4xx_hal_i2c.o
                0x00000000080059a4                HAL_I2C_GetState
 .text.I2C_RequestMemoryWrite
                0x00000000080059c0      0x12c ./Drivers/STM32F4xx_HAL_Driver/Src/stm32f4xx_hal_i2c.o
 .text.I2C_RequestMemoryRead
                0x0000000008005aec      0x1d0 ./Drivers/STM32F4xx_HAL_Driver/Src/stm32f4xx_hal_i2c.o
 .text.I2C_WaitOnFlagUntilTimeout
                0x0000000008005cbc       0xae ./Drivers/STM32F4xx_HAL_Driver/Src/stm32f4xx_hal_i2c.o
 .text.I2C_WaitOnMasterAddressFlagUntilTimeout
                0x0000000008005d6a       0xfe ./Drivers/STM32F4xx_HAL_Driver/Src/stm32f4xx_hal_i2c.o
 .text.I2C_WaitOnTXEFlagUntilTimeout
                0x0000000008005e68       0x82 ./Drivers/STM32F4xx_HAL_Driver/Src/stm32f4xx_hal_i2c.o
 .text.I2C_WaitOnBTFFlagUntilTimeout
                0x0000000008005eea       0x82 ./Drivers/STM32F4xx_HAL_Driver/Src/stm32f4xx_hal_i2c.o
 .text.I2C_WaitOnRXNEFlagUntilTimeout
                0x0000000008005f6c       0xac ./Drivers/STM32F4xx_HAL_Driver/Src/stm32f4xx_hal_i2c.o
 .text.I2C_IsAcknowledgeFailed
                0x0000000008006018       0x5e ./Drivers/STM32F4xx_HAL_Driver/Src/stm32f4xx_hal_i2c.o
 *fill*         0x0000000008006076        0x2 
 .text.HAL_I2S_Init
                0x0000000008006078      0x280 ./Drivers/STM32F4xx_HAL_Driver/Src/stm32f4xx_hal_i2s.o
                0x0000000008006078                HAL_I2S_Init
 .text.HAL_I2S_Transmit_DMA
                0x00000000080062f8      0x150 ./Drivers/STM32F4xx_HAL_Driver/Src/stm32f4xx_hal_i2s.o
                0x00000000080062f8                HAL_I2S_Transmit_DMA
 .text.HAL_I2S_DMAPause
                0x0000000008006448       0xc4 ./Drivers/STM32F4xx_HAL_Driver/Src/stm32f4xx_hal_i2s.o
                0x0000000008006448                HAL_I2S_DMAPause
 .text.HAL_I2S_DMAResume
                0x000000000800650c      0x128 ./Drivers/STM32F4xx_HAL_Driver/Src/stm32f4xx_hal_i2s.o
                0x000000000800650c                HAL_I2S_DMAResume
 .text.HAL_I2S_DMAStop
                0x0000000008006634      0x3b4 ./Drivers/STM32F4xx_HAL_Driver/Src/stm32f4xx_hal_i2s.o
                0x0000000008006634                HAL_I2S_DMAStop
 .text.HAL_I2S_RxCpltCallback
                0x00000000080069e8       0x14 ./Drivers/STM32F4xx_HAL_Driver/Src/stm32f4xx_hal_i2s.o
                0x00000000080069e8                HAL_I2S_RxCpltCallback
 .text.HAL_I2S_GetState
                0x00000000080069fc       0x1c ./Drivers/STM32F4xx_HAL_Driver/Src/stm32f4xx_hal_i2s.o
                0x00000000080069fc                HAL_I2S_GetState
 .text.I2S_DMATxCplt
                0x0000000008006a18       0x42 ./Drivers/STM32F4xx_HAL_Driver/Src/stm32f4xx_hal_i2s.o
 .text.I2S_DMATxHalfCplt
                0x0000000008006a5a       0x1c ./Drivers/STM32F4xx_HAL_Driver/Src/stm32f4xx_hal_i2s.o
 .text.I2S_DMAError
                0x0000000008006a76       0x4c ./Drivers/STM32F4xx_HAL_Driver/Src/stm32f4xx_hal_i2s.o
 .text.I2S_Transmit_IT
                0x0000000008006ac2       0x5c ./Drivers/STM32F4xx_HAL_Driver/Src/stm32f4xx_hal_i2s.o
 .text.I2S_Receive_IT
                0x0000000008006b1e       0x5e ./Drivers/STM32F4xx_HAL_Driver/Src/stm32f4xx_hal_i2s.o
 .text.I2S_IRQHandler
                0x0000000008006b7c      0x114 ./Drivers/STM32F4xx_HAL_Driver/Src/stm32f4xx_hal_i2s.o
 .text.I2S_WaitFlagStateUntilTimeout
                0x0000000008006c90       0x72 ./Drivers/STM32F4xx_HAL_Driver/Src/stm32f4xx_hal_i2s.o
 *fill*         0x0000000008006d02        0x2 
 .text.HAL_I2SEx_FullDuplex_IRQHandler
                0x0000000008006d04      0x2a8 ./Drivers/STM32F4xx_HAL_Driver/Src/stm32f4xx_hal_i2s_ex.o
                0x0000000008006d04                HAL_I2SEx_FullDuplex_IRQHandler
 .text.HAL_I2SEx_TxRxCpltCallback
                0x0000000008006fac       0x14 ./Drivers/STM32F4xx_HAL_Driver/Src/stm32f4xx_hal_i2s_ex.o
                0x0000000008006fac                HAL_I2SEx_TxRxCpltCallback
 .text.I2SEx_TxISR_I2S
                0x0000000008006fc0       0x62 ./Drivers/STM32F4xx_HAL_Driver/Src/stm32f4xx_hal_i2s_ex.o
 *fill*         0x0000000008007022        0x2 
 .text.I2SEx_TxISR_I2SExt
                0x0000000008007024       0x98 ./Drivers/STM32F4xx_HAL_Driver/Src/stm32f4xx_hal_i2s_ex.o
 .text.I2SEx_RxISR_I2S
                0x00000000080070bc       0x64 ./Drivers/STM32F4xx_HAL_Driver/Src/stm32f4xx_hal_i2s_ex.o
 .text.I2SEx_RxISR_I2SExt
                0x0000000008007120       0x98 ./Drivers/STM32F4xx_HAL_Driver/Src/stm32f4xx_hal_i2s_ex.o
 .text.HAL_RCC_OscConfig
                0x00000000080071b8      0x4f0 ./Drivers/STM32F4xx_HAL_Driver/Src/stm32f4xx_hal_rcc.o
                0x00000000080071b8                HAL_RCC_OscConfig
 .text.HAL_RCC_ClockConfig
                0x00000000080076a8      0x1cc ./Drivers/STM32F4xx_HAL_Driver/Src/stm32f4xx_hal_rcc.o
                0x00000000080076a8                HAL_RCC_ClockConfig
 .text.HAL_RCC_GetSysClockFreq
                0x0000000008007874      0x20c ./Drivers/STM32F4xx_HAL_Driver/Src/stm32f4xx_hal_rcc.o
                0x0000000008007874                HAL_RCC_GetSysClockFreq
 .text.HAL_RCC_GetHCLKFreq
                0x0000000008007a80       0x18 ./Drivers/STM32F4xx_HAL_Driver/Src/stm32f4xx_hal_rcc.o
                0x0000000008007a80                HAL_RCC_GetHCLKFreq
 .text.HAL_RCC_GetPCLK1Freq
                0x0000000008007a98       0x28 ./Drivers/STM32F4xx_HAL_Driver/Src/stm32f4xx_hal_rcc.o
                0x0000000008007a98                HAL_RCC_GetPCLK1Freq
 .text.HAL_RCCEx_PeriphCLKConfig
                0x0000000008007ac0      0x1c4 ./Drivers/STM32F4xx_HAL_Driver/Src/stm32f4xx_hal_rcc_ex.o
                0x0000000008007ac0                HAL_RCCEx_PeriphCLKConfig
 .text.HAL_RCCEx_GetPeriphCLKConfig
                0x0000000008007c84       0x58 ./Drivers/STM32F4xx_HAL_Driver/Src/stm32f4xx_hal_rcc_ex.o
                0x0000000008007c84                HAL_RCCEx_GetPeriphCLKConfig
 .text.HAL_RCCEx_GetPeriphCLKFreq
                0x0000000008007cdc       0xbc ./Drivers/STM32F4xx_HAL_Driver/Src/stm32f4xx_hal_rcc_ex.o
                0x0000000008007cdc                HAL_RCCEx_GetPeriphCLKFreq
 .text.HAL_SPI_Init
                0x0000000008007d98      0x112 ./Drivers/STM32F4xx_HAL_Driver/Src/stm32f4xx_hal_spi.o
                0x0000000008007d98                HAL_SPI_Init
 .text.HAL_SPI_Transmit
                0x0000000008007eaa      0x278 ./Drivers/STM32F4xx_HAL_Driver/Src/stm32f4xx_hal_spi.o
                0x0000000008007eaa                HAL_SPI_Transmit
 .text.HAL_SPI_Receive
                0x0000000008008122      0x222 ./Drivers/STM32F4xx_HAL_Driver/Src/stm32f4xx_hal_spi.o
                0x0000000008008122                HAL_SPI_Receive
 .text.HAL_SPI_TransmitReceive
                0x0000000008008344      0x344 ./Drivers/STM32F4xx_HAL_Driver/Src/stm32f4xx_hal_spi.o
                0x0000000008008344                HAL_SPI_TransmitReceive
 .text.SPI_WaitFlagStateUntilTimeout
                0x0000000008008688      0x110 ./Drivers/STM32F4xx_HAL_Driver/Src/stm32f4xx_hal_spi.o
 .text.SPI_EndRxTransaction
                0x0000000008008798       0xca ./Drivers/STM32F4xx_HAL_Driver/Src/stm32f4xx_hal_spi.o
 *fill*         0x0000000008008862        0x2 
 .text.SPI_EndRxTxTransaction
                0x0000000008008864       0x84 ./Drivers/STM32F4xx_HAL_Driver/Src/stm32f4xx_hal_spi.o
 .text.USB_CoreInit
                0x00000000080088e8       0xc2 ./Drivers/STM32F4xx_HAL_Driver/Src/stm32f4xx_ll_usb.o
                0x00000000080088e8                USB_CoreInit
 .text.USB_EnableGlobalInt
                0x00000000080089aa       0x22 ./Drivers/STM32F4xx_HAL_Driver/Src/stm32f4xx_ll_usb.o
                0x00000000080089aa                USB_EnableGlobalInt
 .text.USB_DisableGlobalInt
                0x00000000080089cc       0x22 ./Drivers/STM32F4xx_HAL_Driver/Src/stm32f4xx_ll_usb.o
                0x00000000080089cc                USB_DisableGlobalInt
 .text.USB_SetCurrentMode
                0x00000000080089ee       0x98 ./Drivers/STM32F4xx_HAL_Driver/Src/stm32f4xx_ll_usb.o
                0x00000000080089ee                USB_SetCurrentMode
 *fill*         0x0000000008008a86        0x2 
 .text.USB_FlushTxFifo
                0x0000000008008a88       0x68 ./Drivers/STM32F4xx_HAL_Driver/Src/stm32f4xx_ll_usb.o
                0x0000000008008a88                USB_FlushTxFifo
 .text.USB_FlushRxFifo
                0x0000000008008af0       0x60 ./Drivers/STM32F4xx_HAL_Driver/Src/stm32f4xx_ll_usb.o
                0x0000000008008af0                USB_FlushRxFifo
 .text.USB_WritePacket
                0x0000000008008b50       0x7c ./Drivers/STM32F4xx_HAL_Driver/Src/stm32f4xx_ll_usb.o
                0x0000000008008b50                USB_WritePacket
 .text.USB_ReadPacket
                0x0000000008008bcc       0xb0 ./Drivers/STM32F4xx_HAL_Driver/Src/stm32f4xx_ll_usb.o
                0x0000000008008bcc                USB_ReadPacket
 .text.USB_ReadInterrupts
                0x0000000008008c7c       0x26 ./Drivers/STM32F4xx_HAL_Driver/Src/stm32f4xx_ll_usb.o
                0x0000000008008c7c                USB_ReadInterrupts
 .text.USB_GetMode
                0x0000000008008ca2       0x1c ./Drivers/STM32F4xx_HAL_Driver/Src/stm32f4xx_ll_usb.o
                0x0000000008008ca2                USB_GetMode
 *fill*         0x0000000008008cbe        0x2 
 .text.USB_CoreReset
                0x0000000008008cc0       0x68 ./Drivers/STM32F4xx_HAL_Driver/Src/stm32f4xx_ll_usb.o
 .text.USB_HostInit
                0x0000000008008d28      0x180 ./Drivers/STM32F4xx_HAL_Driver/Src/stm32f4xx_ll_usb.o
                0x0000000008008d28                USB_HostInit
 .text.USB_InitFSLSPClkSel
                0x0000000008008ea8       0x74 ./Drivers/STM32F4xx_HAL_Driver/Src/stm32f4xx_ll_usb.o
                0x0000000008008ea8                USB_InitFSLSPClkSel
 .text.USB_ResetPort
                0x0000000008008f1c       0x54 ./Drivers/STM32F4xx_HAL_Driver/Src/stm32f4xx_ll_usb.o
                0x0000000008008f1c                USB_ResetPort
 .text.USB_DriveVbus
                0x0000000008008f70       0x72 ./Drivers/STM32F4xx_HAL_Driver/Src/stm32f4xx_ll_usb.o
                0x0000000008008f70                USB_DriveVbus
 .text.USB_GetHostSpeed
                0x0000000008008fe2       0x2e ./Drivers/STM32F4xx_HAL_Driver/Src/stm32f4xx_ll_usb.o
                0x0000000008008fe2                USB_GetHostSpeed
 .text.USB_GetCurrentFrame
                0x0000000008009010       0x22 ./Drivers/STM32F4xx_HAL_Driver/Src/stm32f4xx_ll_usb.o
                0x0000000008009010                USB_GetCurrentFrame
 *fill*         0x0000000008009032        0x2 
 .text.USB_HC_Init
                0x0000000008009034      0x244 ./Drivers/STM32F4xx_HAL_Driver/Src/stm32f4xx_ll_usb.o
                0x0000000008009034                USB_HC_Init
 .text.USB_HC_StartXfer
                0x0000000008009278      0x284 ./Drivers/STM32F4xx_HAL_Driver/Src/stm32f4xx_ll_usb.o
                0x0000000008009278                USB_HC_StartXfer
 .text.USB_HC_ReadInterrupt
                0x00000000080094fc       0x22 ./Drivers/STM32F4xx_HAL_Driver/Src/stm32f4xx_ll_usb.o
                0x00000000080094fc                USB_HC_ReadInterrupt
 .text.USB_HC_Halt
                0x000000000800951e      0x1f8 ./Drivers/STM32F4xx_HAL_Driver/Src/stm32f4xx_ll_usb.o
                0x000000000800951e                USB_HC_Halt
 *fill*         0x0000000008009716        0x2 
 .text.USB_DoPing
                0x0000000008009718       0x78 ./Drivers/STM32F4xx_HAL_Driver/Src/stm32f4xx_ll_usb.o
                0x0000000008009718                USB_DoPing
 .text.USB_StopHost
                0x0000000008009790      0x124 ./Drivers/STM32F4xx_HAL_Driver/Src/stm32f4xx_ll_usb.o
                0x0000000008009790                USB_StopHost
 .text.MX_FATFS_Init
                0x00000000080098b4       0x24 ./FATFS/App/fatfs.o
                0x00000000080098b4                MX_FATFS_Init
 .text.get_fattime
                0x00000000080098d8       0x10 ./FATFS/App/fatfs.o
                0x00000000080098d8                get_fattime
 .text.USBH_initialize
                0x00000000080098e8       0x18 ./FATFS/Target/usbh_diskio.o
                0x00000000080098e8                USBH_initialize
 .text.USBH_status
                0x0000000008009900       0x38 ./FATFS/Target/usbh_diskio.o
                0x0000000008009900                USBH_status
 .text.USBH_read
                0x0000000008009938       0x74 ./FATFS/Target/usbh_diskio.o
                0x0000000008009938                USBH_read
 .text.USBH_write
                0x00000000080099ac       0x84 ./FATFS/Target/usbh_diskio.o
                0x00000000080099ac                USBH_write
 .text.USBH_ioctl
                0x0000000008009a30       0xd8 ./FATFS/Target/usbh_diskio.o
                0x0000000008009a30                USBH_ioctl
 .text.USBH_MSC_InterfaceInit
                0x0000000008009b08      0x244 ./Middlewares/ST/STM32_USB_Host_Library/Class/MSC/Src/usbh_msc.o
 .text.USBH_MSC_InterfaceDeInit
                0x0000000008009d4c       0x8c ./Middlewares/ST/STM32_USB_Host_Library/Class/MSC/Src/usbh_msc.o
 .text.USBH_MSC_ClassRequest
                0x0000000008009dd8       0xce ./Middlewares/ST/STM32_USB_Host_Library/Class/MSC/Src/usbh_msc.o
 *fill*         0x0000000008009ea6        0x2 
 .text.USBH_MSC_Process
                0x0000000008009ea8      0x520 ./Middlewares/ST/STM32_USB_Host_Library/Class/MSC/Src/usbh_msc.o
 .text.USBH_MSC_SOFProcess
                0x000000000800a3c8       0x16 ./Middlewares/ST/STM32_USB_Host_Library/Class/MSC/Src/usbh_msc.o
 .text.USBH_MSC_RdWrProcess
                0x000000000800a3de      0x19e ./Middlewares/ST/STM32_USB_Host_Library/Class/MSC/Src/usbh_msc.o
 .text.USBH_MSC_UnitIsReady
                0x000000000800a57c       0x4c ./Middlewares/ST/STM32_USB_Host_Library/Class/MSC/Src/usbh_msc.o
                0x000000000800a57c                USBH_MSC_UnitIsReady
 .text.USBH_MSC_GetLUNInfo
                0x000000000800a5c8       0x48 ./Middlewares/ST/STM32_USB_Host_Library/Class/MSC/Src/usbh_msc.o
                0x000000000800a5c8                USBH_MSC_GetLUNInfo
 .text.USBH_MSC_Read
                0x000000000800a610       0xd2 ./Middlewares/ST/STM32_USB_Host_Library/Class/MSC/Src/usbh_msc.o
                0x000000000800a610                USBH_MSC_Read
 .text.USBH_MSC_Write
                0x000000000800a6e2       0xd2 ./Middlewares/ST/STM32_USB_Host_Library/Class/MSC/Src/usbh_msc.o
                0x000000000800a6e2                USBH_MSC_Write
 .text.USBH_MSC_BOT_REQ_Reset
                0x000000000800a7b4       0x3a ./Middlewares/ST/STM32_USB_Host_Library/Class/MSC/Src/usbh_msc_bot.o
                0x000000000800a7b4                USBH_MSC_BOT_REQ_Reset
 .text.USBH_MSC_BOT_REQ_GetMaxLUN
                0x000000000800a7ee       0x3c ./Middlewares/ST/STM32_USB_Host_Library/Class/MSC/Src/usbh_msc_bot.o
                0x000000000800a7ee                USBH_MSC_BOT_REQ_GetMaxLUN
 *fill*         0x000000000800a82a        0x2 
 .text.USBH_MSC_BOT_Init
                0x000000000800a82c       0x44 ./Middlewares/ST/STM32_USB_Host_Library/Class/MSC/Src/usbh_msc_bot.o
                0x000000000800a82c                USBH_MSC_BOT_Init
 .text.USBH_MSC_BOT_Process
                0x000000000800a870      0x39c ./Middlewares/ST/STM32_USB_Host_Library/Class/MSC/Src/usbh_msc_bot.o
                0x000000000800a870                USBH_MSC_BOT_Process
 .text.USBH_MSC_BOT_Abort
                0x000000000800ac0c       0x58 ./Middlewares/ST/STM32_USB_Host_Library/Class/MSC/Src/usbh_msc_bot.o
 .text.USBH_MSC_DecodeCSW
                0x000000000800ac64       0x88 ./Middlewares/ST/STM32_USB_Host_Library/Class/MSC/Src/usbh_msc_bot.o
 .text.USBH_MSC_SCSI_TestUnitReady
                0x000000000800acec       0x86 ./Middlewares/ST/STM32_USB_Host_Library/Class/MSC/Src/usbh_msc_scsi.o
                0x000000000800acec                USBH_MSC_SCSI_TestUnitReady
 .text.USBH_MSC_SCSI_ReadCapacity
                0x000000000800ad72       0xf6 ./Middlewares/ST/STM32_USB_Host_Library/Class/MSC/Src/usbh_msc_scsi.o
                0x000000000800ad72                USBH_MSC_SCSI_ReadCapacity
 .text.USBH_MSC_SCSI_Inquiry
                0x000000000800ae68      0x14a ./Middlewares/ST/STM32_USB_Host_Library/Class/MSC/Src/usbh_msc_scsi.o
                0x000000000800ae68                USBH_MSC_SCSI_Inquiry
 .text.USBH_MSC_SCSI_RequestSense
                0x000000000800afb2       0xf2 ./Middlewares/ST/STM32_USB_Host_Library/Class/MSC/Src/usbh_msc_scsi.o
                0x000000000800afb2                USBH_MSC_SCSI_RequestSense
 .text.USBH_MSC_SCSI_Write
                0x000000000800b0a4       0xd6 ./Middlewares/ST/STM32_USB_Host_Library/Class/MSC/Src/usbh_msc_scsi.o
                0x000000000800b0a4                USBH_MSC_SCSI_Write
 .text.USBH_MSC_SCSI_Read
                0x000000000800b17a       0xd6 ./Middlewares/ST/STM32_USB_Host_Library/Class/MSC/Src/usbh_msc_scsi.o
                0x000000000800b17a                USBH_MSC_SCSI_Read
 .text.USBH_Init
                0x000000000800b250       0x74 ./Middlewares/ST/STM32_USB_Host_Library/Core/Src/usbh_core.o
                0x000000000800b250                USBH_Init
 .text.DeInitStateMachine
                0x000000000800b2c4       0xa8 ./Middlewares/ST/STM32_USB_Host_Library/Core/Src/usbh_core.o
 .text.USBH_RegisterClass
                0x000000000800b36c       0x54 ./Middlewares/ST/STM32_USB_Host_Library/Core/Src/usbh_core.o
                0x000000000800b36c                USBH_RegisterClass
 .text.USBH_SelectInterface
                0x000000000800b3c0       0x38 ./Middlewares/ST/STM32_USB_Host_Library/Core/Src/usbh_core.o
                0x000000000800b3c0                USBH_SelectInterface
 .text.USBH_FindInterface
                0x000000000800b3f8       0x8c ./Middlewares/ST/STM32_USB_Host_Library/Core/Src/usbh_core.o
                0x000000000800b3f8                USBH_FindInterface
 .text.USBH_Start
                0x000000000800b484       0x20 ./Middlewares/ST/STM32_USB_Host_Library/Core/Src/usbh_core.o
                0x000000000800b484                USBH_Start
 .text.USBH_Process
                0x000000000800b4a4      0x3d8 ./Middlewares/ST/STM32_USB_Host_Library/Core/Src/usbh_core.o
                0x000000000800b4a4                USBH_Process
 .text.USBH_HandleEnum
                0x000000000800b87c      0x3c8 ./Middlewares/ST/STM32_USB_Host_Library/Core/Src/usbh_core.o
 .text.USBH_LL_SetTimer
                0x000000000800bc44       0x1e ./Middlewares/ST/STM32_USB_Host_Library/Core/Src/usbh_core.o
                0x000000000800bc44                USBH_LL_SetTimer
 .text.USBH_LL_IncTimer
                0x000000000800bc62       0x24 ./Middlewares/ST/STM32_USB_Host_Library/Core/Src/usbh_core.o
                0x000000000800bc62                USBH_LL_IncTimer
 .text.USBH_HandleSof
                0x000000000800bc86       0x30 ./Middlewares/ST/STM32_USB_Host_Library/Core/Src/usbh_core.o
 .text.USBH_LL_PortEnabled
                0x000000000800bcb6       0x1c ./Middlewares/ST/STM32_USB_Host_Library/Core/Src/usbh_core.o
                0x000000000800bcb6                USBH_LL_PortEnabled
 .text.USBH_LL_PortDisabled
                0x000000000800bcd2       0x1c ./Middlewares/ST/STM32_USB_Host_Library/Core/Src/usbh_core.o
                0x000000000800bcd2                USBH_LL_PortDisabled
 .text.USBH_LL_Connect
                0x000000000800bcee       0x2e ./Middlewares/ST/STM32_USB_Host_Library/Core/Src/usbh_core.o
                0x000000000800bcee                USBH_LL_Connect
 .text.USBH_LL_Disconnect
                0x000000000800bd1c       0x48 ./Middlewares/ST/STM32_USB_Host_Library/Core/Src/usbh_core.o
                0x000000000800bd1c                USBH_LL_Disconnect
 .text.USBH_Get_DevDesc
                0x000000000800bd64       0x50 ./Middlewares/ST/STM32_USB_Host_Library/Core/Src/usbh_ctlreq.o
                0x000000000800bd64                USBH_Get_DevDesc
 .text.USBH_Get_CfgDesc
                0x000000000800bdb4       0x48 ./Middlewares/ST/STM32_USB_Host_Library/Core/Src/usbh_ctlreq.o
                0x000000000800bdb4                USBH_Get_CfgDesc
 .text.USBH_Get_StringDesc
                0x000000000800bdfc       0x56 ./Middlewares/ST/STM32_USB_Host_Library/Core/Src/usbh_ctlreq.o
                0x000000000800bdfc                USBH_Get_StringDesc
 .text.USBH_GetDescriptor
                0x000000000800be52       0x6a ./Middlewares/ST/STM32_USB_Host_Library/Core/Src/usbh_ctlreq.o
                0x000000000800be52                USBH_GetDescriptor
 .text.USBH_SetAddress
                0x000000000800bebc       0x48 ./Middlewares/ST/STM32_USB_Host_Library/Core/Src/usbh_ctlreq.o
                0x000000000800bebc                USBH_SetAddress
 .text.USBH_SetCfg
                0x000000000800bf04       0x46 ./Middlewares/ST/STM32_USB_Host_Library/Core/Src/usbh_ctlreq.o
                0x000000000800bf04                USBH_SetCfg
 .text.USBH_SetFeature
                0x000000000800bf4a       0x48 ./Middlewares/ST/STM32_USB_Host_Library/Core/Src/usbh_ctlreq.o
                0x000000000800bf4a                USBH_SetFeature
 .text.USBH_ClrFeature
                0x000000000800bf92       0x48 ./Middlewares/ST/STM32_USB_Host_Library/Core/Src/usbh_ctlreq.o
                0x000000000800bf92                USBH_ClrFeature
 .text.USBH_ParseDevDesc
                0x000000000800bfda      0x122 ./Middlewares/ST/STM32_USB_Host_Library/Core/Src/usbh_ctlreq.o
 .text.USBH_ParseCfgDesc
                0x000000000800c0fc      0x1ec ./Middlewares/ST/STM32_USB_Host_Library/Core/Src/usbh_ctlreq.o
 .text.USBH_ParseInterfaceDesc
                0x000000000800c2e8       0x5e ./Middlewares/ST/STM32_USB_Host_Library/Core/Src/usbh_ctlreq.o
 .text.USBH_ParseEPDesc
                0x000000000800c346      0x14a ./Middlewares/ST/STM32_USB_Host_Library/Core/Src/usbh_ctlreq.o
 .text.USBH_ParseStringDesc
                0x000000000800c490       0x66 ./Middlewares/ST/STM32_USB_Host_Library/Core/Src/usbh_ctlreq.o
 .text.USBH_GetNextDesc
                0x000000000800c4f6       0x36 ./Middlewares/ST/STM32_USB_Host_Library/Core/Src/usbh_ctlreq.o
                0x000000000800c4f6                USBH_GetNextDesc
 .text.USBH_CtlReq
                0x000000000800c52c       0x7a ./Middlewares/ST/STM32_USB_Host_Library/Core/Src/usbh_ctlreq.o
                0x000000000800c52c                USBH_CtlReq
 *fill*         0x000000000800c5a6        0x2 
 .text.USBH_HandleControl
                0x000000000800c5a8      0x2e8 ./Middlewares/ST/STM32_USB_Host_Library/Core/Src/usbh_ctlreq.o
 .text.USBH_CtlSendSetup
                0x000000000800c890       0x34 ./Middlewares/ST/STM32_USB_Host_Library/Core/Src/usbh_ioreq.o
                0x000000000800c890                USBH_CtlSendSetup
 .text.USBH_CtlSendData
                0x000000000800c8c4       0x4a ./Middlewares/ST/STM32_USB_Host_Library/Core/Src/usbh_ioreq.o
                0x000000000800c8c4                USBH_CtlSendData
 .text.USBH_CtlReceiveData
                0x000000000800c90e       0x3c ./Middlewares/ST/STM32_USB_Host_Library/Core/Src/usbh_ioreq.o
                0x000000000800c90e                USBH_CtlReceiveData
 .text.USBH_BulkSendData
                0x000000000800c94a       0x4a ./Middlewares/ST/STM32_USB_Host_Library/Core/Src/usbh_ioreq.o
                0x000000000800c94a                USBH_BulkSendData
 .text.USBH_BulkReceiveData
                0x000000000800c994       0x3c ./Middlewares/ST/STM32_USB_Host_Library/Core/Src/usbh_ioreq.o
                0x000000000800c994                USBH_BulkReceiveData
 .text.USBH_OpenPipe
                0x000000000800c9d0       0x3e ./Middlewares/ST/STM32_USB_Host_Library/Core/Src/usbh_pipes.o
                0x000000000800c9d0                USBH_OpenPipe
 .text.USBH_ClosePipe
                0x000000000800ca0e       0x20 ./Middlewares/ST/STM32_USB_Host_Library/Core/Src/usbh_pipes.o
                0x000000000800ca0e                USBH_ClosePipe
 .text.USBH_AllocPipe
                0x000000000800ca2e       0x42 ./Middlewares/ST/STM32_USB_Host_Library/Core/Src/usbh_pipes.o
                0x000000000800ca2e                USBH_AllocPipe
 .text.USBH_FreePipe
                0x000000000800ca70       0x3c ./Middlewares/ST/STM32_USB_Host_Library/Core/Src/usbh_pipes.o
                0x000000000800ca70                USBH_FreePipe
 .text.USBH_GetFreePipe
                0x000000000800caac       0x48 ./Middlewares/ST/STM32_USB_Host_Library/Core/Src/usbh_pipes.o
 .text.disk_status
                0x000000000800caf4       0x34 ./Middlewares/Third_Party/FatFs/src/diskio.o
                0x000000000800caf4                disk_status
 .text.disk_initialize
                0x000000000800cb28       0x4c ./Middlewares/Third_Party/FatFs/src/diskio.o
                0x000000000800cb28                disk_initialize
 .text.disk_read
                0x000000000800cb74       0x40 ./Middlewares/Third_Party/FatFs/src/diskio.o
                0x000000000800cb74                disk_read
 .text.disk_write
                0x000000000800cbb4       0x40 ./Middlewares/Third_Party/FatFs/src/diskio.o
                0x000000000800cbb4                disk_write
 .text.disk_ioctl
                0x000000000800cbf4       0x3c ./Middlewares/Third_Party/FatFs/src/diskio.o
                0x000000000800cbf4                disk_ioctl
 .text.ld_word  0x000000000800cc30       0x30 ./Middlewares/Third_Party/FatFs/src/ff.o
 .text.ld_dword
                0x000000000800cc60       0x46 ./Middlewares/Third_Party/FatFs/src/ff.o
 .text.st_word  0x000000000800cca6       0x36 ./Middlewares/Third_Party/FatFs/src/ff.o
 .text.st_dword
                0x000000000800ccdc       0x58 ./Middlewares/Third_Party/FatFs/src/ff.o
 .text.mem_cpy  0x000000000800cd34       0x42 ./Middlewares/Third_Party/FatFs/src/ff.o
 .text.mem_set  0x000000000800cd76       0x36 ./Middlewares/Third_Party/FatFs/src/ff.o
 .text.mem_cmp  0x000000000800cdac       0x4e ./Middlewares/Third_Party/FatFs/src/ff.o
 .text.chk_chr  0x000000000800cdfa       0x36 ./Middlewares/Third_Party/FatFs/src/ff.o
 .text.chk_lock
                0x000000000800ce30       0xb8 ./Middlewares/Third_Party/FatFs/src/ff.o
 .text.enq_lock
                0x000000000800cee8       0x44 ./Middlewares/Third_Party/FatFs/src/ff.o
 .text.inc_lock
                0x000000000800cf2c      0x11c ./Middlewares/Third_Party/FatFs/src/ff.o
 .text.dec_lock
                0x000000000800d048       0x78 ./Middlewares/Third_Party/FatFs/src/ff.o
 .text.clear_lock
                0x000000000800d0c0       0x48 ./Middlewares/Third_Party/FatFs/src/ff.o
 .text.sync_window
                0x000000000800d108       0x88 ./Middlewares/Third_Party/FatFs/src/ff.o
 .text.move_window
                0x000000000800d190       0x5a ./Middlewares/Third_Party/FatFs/src/ff.o
 *fill*         0x000000000800d1ea        0x2 
 .text.sync_fs  0x000000000800d1ec       0xdc ./Middlewares/Third_Party/FatFs/src/ff.o
 .text.clust2sect
                0x000000000800d2c8       0x3e ./Middlewares/Third_Party/FatFs/src/ff.o
 .text.get_fat  0x000000000800d306      0x150 ./Middlewares/Third_Party/FatFs/src/ff.o
 .text.put_fat  0x000000000800d456      0x1d8 ./Middlewares/Third_Party/FatFs/src/ff.o
 .text.remove_chain
                0x000000000800d62e       0xca ./Middlewares/Third_Party/FatFs/src/ff.o
 .text.create_chain
                0x000000000800d6f8      0x130 ./Middlewares/Third_Party/FatFs/src/ff.o
 .text.clmt_clust
                0x000000000800d828       0x68 ./Middlewares/Third_Party/FatFs/src/ff.o
 .text.dir_sdi  0x000000000800d890       0xf6 ./Middlewares/Third_Party/FatFs/src/ff.o
 .text.dir_next
                0x000000000800d986      0x18a ./Middlewares/Third_Party/FatFs/src/ff.o
 .text.dir_alloc
                0x000000000800db10       0x8e ./Middlewares/Third_Party/FatFs/src/ff.o
 .text.ld_clust
                0x000000000800db9e       0x3e ./Middlewares/Third_Party/FatFs/src/ff.o
 .text.st_clust
                0x000000000800dbdc       0x40 ./Middlewares/Third_Party/FatFs/src/ff.o
 .text.cmp_lfn  0x000000000800dc1c       0xe0 ./Middlewares/Third_Party/FatFs/src/ff.o
 .text.pick_lfn
                0x000000000800dcfc       0xc8 ./Middlewares/Third_Party/FatFs/src/ff.o
 .text.put_lfn  0x000000000800ddc4       0xd0 ./Middlewares/Third_Party/FatFs/src/ff.o
 .text.gen_numname
                0x000000000800de94      0x11c ./Middlewares/Third_Party/FatFs/src/ff.o
 .text.sum_sfn  0x000000000800dfb0       0x42 ./Middlewares/Third_Party/FatFs/src/ff.o
 .text.dir_read
                0x000000000800dff2      0x14e ./Middlewares/Third_Party/FatFs/src/ff.o
 .text.dir_find
                0x000000000800e140      0x180 ./Middlewares/Third_Party/FatFs/src/ff.o
 .text.dir_register
                0x000000000800e2c0      0x1f0 ./Middlewares/Third_Party/FatFs/src/ff.o
 .text.get_fileinfo
                0x000000000800e4b0      0x1ba ./Middlewares/Third_Party/FatFs/src/ff.o
 *fill*         0x000000000800e66a        0x2 
 .text.create_name
                0x000000000800e66c      0x370 ./Middlewares/Third_Party/FatFs/src/ff.o
 .text.follow_path
                0x000000000800e9dc       0xe2 ./Middlewares/Third_Party/FatFs/src/ff.o
 .text.get_ldnumber
                0x000000000800eabe       0x88 ./Middlewares/Third_Party/FatFs/src/ff.o
 *fill*         0x000000000800eb46        0x2 
 .text.check_fs
                0x000000000800eb48       0xac ./Middlewares/Third_Party/FatFs/src/ff.o
 .text.find_volume
                0x000000000800ebf4      0x4a0 ./Middlewares/Third_Party/FatFs/src/ff.o
 .text.validate
                0x000000000800f094       0x6a ./Middlewares/Third_Party/FatFs/src/ff.o
 *fill*         0x000000000800f0fe        0x2 
 .text.f_mount  0x000000000800f100       0x8c ./Middlewares/Third_Party/FatFs/src/ff.o
                0x000000000800f100                f_mount
 .text.f_open   0x000000000800f18c      0x37c ./Middlewares/Third_Party/FatFs/src/ff.o
                0x000000000800f18c                f_open
 .text.f_read   0x000000000800f508      0x27e ./Middlewares/Third_Party/FatFs/src/ff.o
                0x000000000800f508                f_read
 .text.f_sync   0x000000000800f786       0xfc ./Middlewares/Third_Party/FatFs/src/ff.o
                0x000000000800f786                f_sync
 .text.f_close  0x000000000800f882       0x54 ./Middlewares/Third_Party/FatFs/src/ff.o
                0x000000000800f882                f_close
 .text.f_lseek  0x000000000800f8d6      0x412 ./Middlewares/Third_Party/FatFs/src/ff.o
                0x000000000800f8d6                f_lseek
 .text.f_opendir
                0x000000000800fce8       0xe6 ./Middlewares/Third_Party/FatFs/src/ff.o
                0x000000000800fce8                f_opendir
 .text.f_closedir
                0x000000000800fdce       0x4c ./Middlewares/Third_Party/FatFs/src/ff.o
                0x000000000800fdce                f_closedir
 .text.f_readdir
                0x000000000800fe1a       0x7a ./Middlewares/Third_Party/FatFs/src/ff.o
                0x000000000800fe1a                f_readdir
 .text.FATFS_LinkDriverEx
                0x000000000800fe94       0x98 ./Middlewares/Third_Party/FatFs/src/ff_gen_drv.o
                0x000000000800fe94                FATFS_LinkDriverEx
 .text.FATFS_LinkDriver
                0x000000000800ff2c       0x1e ./Middlewares/Third_Party/FatFs/src/ff_gen_drv.o
                0x000000000800ff2c                FATFS_LinkDriver
 *fill*         0x000000000800ff4a        0x2 
 .text.ff_convert
                0x000000000800ff4c       0x78 ./Middlewares/Third_Party/FatFs/src/option/ccsbcs.o
                0x000000000800ff4c                ff_convert
 .text.ff_wtoupper
                0x000000000800ffc4      0x114 ./Middlewares/Third_Party/FatFs/src/option/ccsbcs.o
                0x000000000800ffc4                ff_wtoupper
 .text.MX_USB_HOST_Init
                0x00000000080100d8       0x4c ./USB_HOST/App/usb_host.o
                0x00000000080100d8                MX_USB_HOST_Init
 .text.MX_USB_HOST_Process
                0x0000000008010124       0x14 ./USB_HOST/App/usb_host.o
                0x0000000008010124                MX_USB_HOST_Process
 .text.USBH_UserProcess
                0x0000000008010138       0x5c ./USB_HOST/App/usb_host.o
 .text.HAL_HCD_MspInit
                0x0000000008010194       0xe4 ./USB_HOST/Target/usbh_conf.o
                0x0000000008010194                HAL_HCD_MspInit
 .text.HAL_HCD_SOF_Callback
                0x0000000008010278       0x1c ./USB_HOST/Target/usbh_conf.o
                0x0000000008010278                HAL_HCD_SOF_Callback
 .text.HAL_HCD_Connect_Callback
                0x0000000008010294       0x1c ./USB_HOST/Target/usbh_conf.o
                0x0000000008010294                HAL_HCD_Connect_Callback
 .text.HAL_HCD_Disconnect_Callback
                0x00000000080102b0       0x1c ./USB_HOST/Target/usbh_conf.o
                0x00000000080102b0                HAL_HCD_Disconnect_Callback
 .text.HAL_HCD_HC_NotifyURBChange_Callback
                0x00000000080102cc       0x1c ./USB_HOST/Target/usbh_conf.o
                0x00000000080102cc                HAL_HCD_HC_NotifyURBChange_Callback
 .text.HAL_HCD_PortEnabled_Callback
                0x00000000080102e8       0x1c ./USB_HOST/Target/usbh_conf.o
                0x00000000080102e8                HAL_HCD_PortEnabled_Callback
 .text.HAL_HCD_PortDisabled_Callback
                0x0000000008010304       0x1c ./USB_HOST/Target/usbh_conf.o
                0x0000000008010304                HAL_HCD_PortDisabled_Callback
 .text.USBH_LL_Init
                0x0000000008010320       0x78 ./USB_HOST/Target/usbh_conf.o
                0x0000000008010320                USBH_LL_Init
 .text.USBH_LL_Start
                0x0000000008010398       0x36 ./USB_HOST/Target/usbh_conf.o
                0x0000000008010398                USBH_LL_Start
 .text.USBH_LL_Stop
                0x00000000080103ce       0x36 ./USB_HOST/Target/usbh_conf.o
                0x00000000080103ce                USBH_LL_Stop
 .text.USBH_LL_GetSpeed
                0x0000000008010404       0x4e ./USB_HOST/Target/usbh_conf.o
                0x0000000008010404                USBH_LL_GetSpeed
 .text.USBH_LL_ResetPort
                0x0000000008010452       0x36 ./USB_HOST/Target/usbh_conf.o
                0x0000000008010452                USBH_LL_ResetPort
 .text.USBH_LL_GetLastXferSize
                0x0000000008010488       0x26 ./USB_HOST/Target/usbh_conf.o
                0x0000000008010488                USBH_LL_GetLastXferSize
 .text.USBH_LL_OpenPipe
                0x00000000080104ae       0x5e ./USB_HOST/Target/usbh_conf.o
                0x00000000080104ae                USBH_LL_OpenPipe
 .text.USBH_LL_ClosePipe
                0x000000000801050c       0x3e ./USB_HOST/Target/usbh_conf.o
                0x000000000801050c                USBH_LL_ClosePipe
 .text.USBH_LL_SubmitURB
                0x000000000801054a       0x62 ./USB_HOST/Target/usbh_conf.o
                0x000000000801054a                USBH_LL_SubmitURB
 .text.USBH_LL_GetURBState
                0x00000000080105ac       0x26 ./USB_HOST/Target/usbh_conf.o
                0x00000000080105ac                USBH_LL_GetURBState
 .text.USBH_LL_DriverVBUS
                0x00000000080105d2       0x2e ./USB_HOST/Target/usbh_conf.o
                0x00000000080105d2                USBH_LL_DriverVBUS
 .text.USBH_LL_SetToggle
                0x0000000008010600       0x60 ./USB_HOST/Target/usbh_conf.o
                0x0000000008010600                USBH_LL_SetToggle
 .text.USBH_LL_GetToggle
                0x0000000008010660       0x60 ./USB_HOST/Target/usbh_conf.o
                0x0000000008010660                USBH_LL_GetToggle
 .text.USBH_Delay
                0x00000000080106c0       0x16 ./USB_HOST/Target/usbh_conf.o
                0x00000000080106c0                USBH_Delay
 *fill*         0x00000000080106d6        0x2 
 .text.USBH_Get_USB_Status
                0x00000000080106d8       0x58 ./USB_HOST/Target/usbh_conf.o
                0x00000000080106d8                USBH_Get_USB_Status
 .text.MX_DriverVbusFS
                0x0000000008010730       0x38 ./USB_HOST/Target/usbh_platform.o
                0x0000000008010730                MX_DriverVbusFS
 .text.__errno  0x0000000008010768        0xc c:/st/stm32cubeide_1.9.0/stm32cubeide/plugins/com.st.stm32cube.ide.mcu.externaltools.gnu-tools-for-stm32.10.3-2021.10.win32_1.0.0.202111181127/tools/bin/../lib/gcc/arm-none-eabi/10.3.1/../../../../arm-none-eabi/lib/thumb/v7e-m+fp/hard\libc_nano.a(lib_a-errno.o)
                0x0000000008010768                __errno
 .text.__libc_init_array
                0x0000000008010774       0x48 c:/st/stm32cubeide_1.9.0/stm32cubeide/plugins/com.st.stm32cube.ide.mcu.externaltools.gnu-tools-for-stm32.10.3-2021.10.win32_1.0.0.202111181127/tools/bin/../lib/gcc/arm-none-eabi/10.3.1/../../../../arm-none-eabi/lib/thumb/v7e-m+fp/hard\libc_nano.a(lib_a-init.o)
                0x0000000008010774                __libc_init_array
 .text.malloc   0x00000000080107bc       0x10 c:/st/stm32cubeide_1.9.0/stm32cubeide/plugins/com.st.stm32cube.ide.mcu.externaltools.gnu-tools-for-stm32.10.3-2021.10.win32_1.0.0.202111181127/tools/bin/../lib/gcc/arm-none-eabi/10.3.1/../../../../arm-none-eabi/lib/thumb/v7e-m+fp/hard\libc_nano.a(lib_a-malloc.o)
                0x00000000080107bc                malloc
 .text.free     0x00000000080107cc       0x10 c:/st/stm32cubeide_1.9.0/stm32cubeide/plugins/com.st.stm32cube.ide.mcu.externaltools.gnu-tools-for-stm32.10.3-2021.10.win32_1.0.0.202111181127/tools/bin/../lib/gcc/arm-none-eabi/10.3.1/../../../../arm-none-eabi/lib/thumb/v7e-m+fp/hard\libc_nano.a(lib_a-malloc.o)
                0x00000000080107cc                free
 .text.memcpy   0x00000000080107dc       0x1c c:/st/stm32cubeide_1.9.0/stm32cubeide/plugins/com.st.stm32cube.ide.mcu.externaltools.gnu-tools-for-stm32.10.3-2021.10.win32_1.0.0.202111181127/tools/bin/../lib/gcc/arm-none-eabi/10.3.1/../../../../arm-none-eabi/lib/thumb/v7e-m+fp/hard\libc_nano.a(lib_a-memcpy-stub.o)
                0x00000000080107dc                memcpy
 .text.memset   0x00000000080107f8       0x10 c:/st/stm32cubeide_1.9.0/stm32cubeide/plugins/com.st.stm32cube.ide.mcu.externaltools.gnu-tools-for-stm32.10.3-2021.10.win32_1.0.0.202111181127/tools/bin/../lib/gcc/arm-none-eabi/10.3.1/../../../../arm-none-eabi/lib/thumb/v7e-m+fp/hard\libc_nano.a(lib_a-memset.o)
                0x00000000080107f8                memset
 .text._free_r  0x0000000008010808       0x98 c:/st/stm32cubeide_1.9.0/stm32cubeide/plugins/com.st.stm32cube.ide.mcu.externaltools.gnu-tools-for-stm32.10.3-2021.10.win32_1.0.0.202111181127/tools/bin/../lib/gcc/arm-none-eabi/10.3.1/../../../../arm-none-eabi/lib/thumb/v7e-m+fp/hard\libc_nano.a(lib_a-nano-freer.o)
                0x0000000008010808                _free_r
 .text.sbrk_aligned
                0x00000000080108a0       0x40 c:/st/stm32cubeide_1.9.0/stm32cubeide/plugins/com.st.stm32cube.ide.mcu.externaltools.gnu-tools-for-stm32.10.3-2021.10.win32_1.0.0.202111181127/tools/bin/../lib/gcc/arm-none-eabi/10.3.1/../../../../arm-none-eabi/lib/thumb/v7e-m+fp/hard\libc_nano.a(lib_a-nano-mallocr.o)
 .text._malloc_r
                0x00000000080108e0       0xe8 c:/st/stm32cubeide_1.9.0/stm32cubeide/plugins/com.st.stm32cube.ide.mcu.externaltools.gnu-tools-for-stm32.10.3-2021.10.win32_1.0.0.202111181127/tools/bin/../lib/gcc/arm-none-eabi/10.3.1/../../../../arm-none-eabi/lib/thumb/v7e-m+fp/hard\libc_nano.a(lib_a-nano-mallocr.o)
                0x00000000080108e0                _malloc_r
 .text._sbrk_r  0x00000000080109c8       0x20 c:/st/stm32cubeide_1.9.0/stm32cubeide/plugins/com.st.stm32cube.ide.mcu.externaltools.gnu-tools-for-stm32.10.3-2021.10.win32_1.0.0.202111181127/tools/bin/../lib/gcc/arm-none-eabi/10.3.1/../../../../arm-none-eabi/lib/thumb/v7e-m+fp/hard\libc_nano.a(lib_a-sbrkr.o)
                0x00000000080109c8                _sbrk_r
 .text.strncpy  0x00000000080109e8       0x26 c:/st/stm32cubeide_1.9.0/stm32cubeide/plugins/com.st.stm32cube.ide.mcu.externaltools.gnu-tools-for-stm32.10.3-2021.10.win32_1.0.0.202111181127/tools/bin/../lib/gcc/arm-none-eabi/10.3.1/../../../../arm-none-eabi/lib/thumb/v7e-m+fp/hard\libc_nano.a(lib_a-strncpy.o)
                0x00000000080109e8                strncpy
 .text.strstr   0x0000000008010a0e       0x2c c:/st/stm32cubeide_1.9.0/stm32cubeide/plugins/com.st.stm32cube.ide.mcu.externaltools.gnu-tools-for-stm32.10.3-2021.10.win32_1.0.0.202111181127/tools/bin/../lib/gcc/arm-none-eabi/10.3.1/../../../../arm-none-eabi/lib/thumb/v7e-m+fp/hard\libc_nano.a(lib_a-strstr.o)
                0x0000000008010a0e                strstr
 *fill*         0x0000000008010a3a        0x2 
 .text.__malloc_lock
                0x0000000008010a3c        0xc c:/st/stm32cubeide_1.9.0/stm32cubeide/plugins/com.st.stm32cube.ide.mcu.externaltools.gnu-tools-for-stm32.10.3-2021.10.win32_1.0.0.202111181127/tools/bin/../lib/gcc/arm-none-eabi/10.3.1/../../../../arm-none-eabi/lib/thumb/v7e-m+fp/hard\libc_nano.a(lib_a-mlock.o)
                0x0000000008010a3c                __malloc_lock
 .text.__malloc_unlock
                0x0000000008010a48        0xc c:/st/stm32cubeide_1.9.0/stm32cubeide/plugins/com.st.stm32cube.ide.mcu.externaltools.gnu-tools-for-stm32.10.3-2021.10.win32_1.0.0.202111181127/tools/bin/../lib/gcc/arm-none-eabi/10.3.1/../../../../arm-none-eabi/lib/thumb/v7e-m+fp/hard\libc_nano.a(lib_a-mlock.o)
                0x0000000008010a48                __malloc_unlock
 .text.__retarget_lock_acquire_recursive
                0x0000000008010a54        0x2 c:/st/stm32cubeide_1.9.0/stm32cubeide/plugins/com.st.stm32cube.ide.mcu.externaltools.gnu-tools-for-stm32.10.3-2021.10.win32_1.0.0.202111181127/tools/bin/../lib/gcc/arm-none-eabi/10.3.1/../../../../arm-none-eabi/lib/thumb/v7e-m+fp/hard\libc_nano.a(lib_a-lock.o)
                0x0000000008010a54                __retarget_lock_acquire_recursive
 .text.__retarget_lock_release_recursive
                0x0000000008010a56        0x2 c:/st/stm32cubeide_1.9.0/stm32cubeide/plugins/com.st.stm32cube.ide.mcu.externaltools.gnu-tools-for-stm32.10.3-2021.10.win32_1.0.0.202111181127/tools/bin/../lib/gcc/arm-none-eabi/10.3.1/../../../../arm-none-eabi/lib/thumb/v7e-m+fp/hard\libc_nano.a(lib_a-lock.o)
                0x0000000008010a56                __retarget_lock_release_recursive
 *(.glue_7)
 .glue_7        0x0000000008010a58        0x0 linker stubs
 *(.glue_7t)
 .glue_7t       0x0000000008010a58        0x0 linker stubs
 *(.eh_frame)
 .eh_frame      0x0000000008010a58        0x0 c:/st/stm32cubeide_1.9.0/stm32cubeide/plugins/com.st.stm32cube.ide.mcu.externaltools.gnu-tools-for-stm32.10.3-2021.10.win32_1.0.0.202111181127/tools/bin/../lib/gcc/arm-none-eabi/10.3.1/thumb/v7e-m+fp/hard/crtbegin.o
 *(.init)
 .init          0x0000000008010a58        0x4 c:/st/stm32cubeide_1.9.0/stm32cubeide/plugins/com.st.stm32cube.ide.mcu.externaltools.gnu-tools-for-stm32.10.3-2021.10.win32_1.0.0.202111181127/tools/bin/../lib/gcc/arm-none-eabi/10.3.1/thumb/v7e-m+fp/hard/crti.o
                0x0000000008010a58                _init
 .init          0x0000000008010a5c        0x8 c:/st/stm32cubeide_1.9.0/stm32cubeide/plugins/com.st.stm32cube.ide.mcu.externaltools.gnu-tools-for-stm32.10.3-2021.10.win32_1.0.0.202111181127/tools/bin/../lib/gcc/arm-none-eabi/10.3.1/thumb/v7e-m+fp/hard/crtn.o
 *(.fini)
 .fini          0x0000000008010a64        0x4 c:/st/stm32cubeide_1.9.0/stm32cubeide/plugins/com.st.stm32cube.ide.mcu.externaltools.gnu-tools-for-stm32.10.3-2021.10.win32_1.0.0.202111181127/tools/bin/../lib/gcc/arm-none-eabi/10.3.1/thumb/v7e-m+fp/hard/crti.o
                0x0000000008010a64                _fini
 .fini          0x0000000008010a68        0x8 c:/st/stm32cubeide_1.9.0/stm32cubeide/plugins/com.st.stm32cube.ide.mcu.externaltools.gnu-tools-for-stm32.10.3-2021.10.win32_1.0.0.202111181127/tools/bin/../lib/gcc/arm-none-eabi/10.3.1/thumb/v7e-m+fp/hard/crtn.o
                0x0000000008010a70                . = ALIGN (0x4)
                0x0000000008010a70                _etext = .

.vfp11_veneer   0x0000000008010a70        0x0
 .vfp11_veneer  0x0000000008010a70        0x0 linker stubs

.v4_bx          0x0000000008010a70        0x0
 .v4_bx         0x0000000008010a70        0x0 linker stubs

.iplt           0x0000000008010a70        0x0
 .iplt          0x0000000008010a70        0x0 c:/st/stm32cubeide_1.9.0/stm32cubeide/plugins/com.st.stm32cube.ide.mcu.externaltools.gnu-tools-for-stm32.10.3-2021.10.win32_1.0.0.202111181127/tools/bin/../lib/gcc/arm-none-eabi/10.3.1/thumb/v7e-m+fp/hard/crtbegin.o

.rodata         0x0000000008010a70      0x528
                0x0000000008010a70                . = ALIGN (0x4)
 *(.rodata)
 .rodata        0x0000000008010a70        0x8 ./Core/Src/File_Handling.o
 .rodata        0x0000000008010a78        0x4 ./Middlewares/ST/STM32_USB_Host_Library/Class/MSC/Src/usbh_msc.o
 .rodata        0x0000000008010a7c       0x48 ./Middlewares/Third_Party/FatFs/src/ff.o
 *(.rodata*)
 .rodata.I2SFreq
                0x0000000008010ac4       0x20 ./Core/Src/AUDIO.o
                0x0000000008010ac4                I2SFreq
 .rodata.I2SPLLN
                0x0000000008010ae4       0x20 ./Core/Src/AUDIO.o
                0x0000000008010ae4                I2SPLLN
 .rodata.I2SPLLR
                0x0000000008010b04       0x20 ./Core/Src/AUDIO.o
                0x0000000008010b04                I2SPLLR
 .rodata.AHBPrescTable
                0x0000000008010b24       0x10 ./Core/Src/system_stm32f4xx.o
                0x0000000008010b24                AHBPrescTable
 .rodata.APBPrescTable
                0x0000000008010b34        0x8 ./Core/Src/system_stm32f4xx.o
                0x0000000008010b34                APBPrescTable
 .rodata.flagBitshiftOffset.0
                0x0000000008010b3c        0x8 ./Drivers/STM32F4xx_HAL_Driver/Src/stm32f4xx_hal_dma.o
 .rodata.USBH_Driver
                0x0000000008010b44       0x14 ./FATFS/Target/usbh_diskio.o
                0x0000000008010b44                USBH_Driver
 .rodata.ExCvt  0x0000000008010b58       0x80 ./Middlewares/Third_Party/FatFs/src/ff.o
 .rodata.LfnOfs
                0x0000000008010bd8        0xd ./Middlewares/Third_Party/FatFs/src/ff.o
 *fill*         0x0000000008010be5        0x3 
 .rodata.Tbl    0x0000000008010be8      0x100 ./Middlewares/Third_Party/FatFs/src/option/ccsbcs.o
 .rodata.cvt1.1
                0x0000000008010ce8      0x1f2 ./Middlewares/Third_Party/FatFs/src/option/ccsbcs.o
 *fill*         0x0000000008010eda        0x2 
 .rodata.cvt2.0
                0x0000000008010edc       0xbc ./Middlewares/Third_Party/FatFs/src/option/ccsbcs.o
                0x0000000008010f98                . = ALIGN (0x4)

.ARM.extab      0x0000000008010f98        0x0
                0x0000000008010f98                . = ALIGN (0x4)
 *(.ARM.extab* .gnu.linkonce.armextab.*)
                0x0000000008010f98                . = ALIGN (0x4)

.ARM            0x0000000008010f98        0x8
                0x0000000008010f98                . = ALIGN (0x4)
                0x0000000008010f98                __exidx_start = .
 *(.ARM.exidx*)
 .ARM.exidx     0x0000000008010f98        0x8 c:/st/stm32cubeide_1.9.0/stm32cubeide/plugins/com.st.stm32cube.ide.mcu.externaltools.gnu-tools-for-stm32.10.3-2021.10.win32_1.0.0.202111181127/tools/bin/../lib/gcc/arm-none-eabi/10.3.1/thumb/v7e-m+fp/hard\libgcc.a(_udivmoddi4.o)
                0x0000000008010fa0                __exidx_end = .
                0x0000000008010fa0                . = ALIGN (0x4)

.rel.dyn        0x0000000008010fa0        0x0
 .rel.iplt      0x0000000008010fa0        0x0 c:/st/stm32cubeide_1.9.0/stm32cubeide/plugins/com.st.stm32cube.ide.mcu.externaltools.gnu-tools-for-stm32.10.3-2021.10.win32_1.0.0.202111181127/tools/bin/../lib/gcc/arm-none-eabi/10.3.1/thumb/v7e-m+fp/hard/crtbegin.o

.preinit_array  0x0000000008010fa0        0x0
                0x0000000008010fa0                . = ALIGN (0x4)
                0x0000000008010fa0                PROVIDE (__preinit_array_start = .)
 *(.preinit_array*)
                0x0000000008010fa0                PROVIDE (__preinit_array_end = .)
                0x0000000008010fa0                . = ALIGN (0x4)

.init_array     0x0000000008010fa0        0x4
                0x0000000008010fa0                . = ALIGN (0x4)
                0x0000000008010fa0                PROVIDE (__init_array_start = .)
 *(SORT_BY_NAME(.init_array.*))
 *(.init_array*)
 .init_array    0x0000000008010fa0        0x4 c:/st/stm32cubeide_1.9.0/stm32cubeide/plugins/com.st.stm32cube.ide.mcu.externaltools.gnu-tools-for-stm32.10.3-2021.10.win32_1.0.0.202111181127/tools/bin/../lib/gcc/arm-none-eabi/10.3.1/thumb/v7e-m+fp/hard/crtbegin.o
                0x0000000008010fa4                PROVIDE (__init_array_end = .)
                0x0000000008010fa4                . = ALIGN (0x4)

.fini_array     0x0000000008010fa4        0x4
                0x0000000008010fa4                . = ALIGN (0x4)
                [!provide]                        PROVIDE (__fini_array_start = .)
 *(SORT_BY_NAME(.fini_array.*))
 *(.fini_array*)
 .fini_array    0x0000000008010fa4        0x4 c:/st/stm32cubeide_1.9.0/stm32cubeide/plugins/com.st.stm32cube.ide.mcu.externaltools.gnu-tools-for-stm32.10.3-2021.10.win32_1.0.0.202111181127/tools/bin/../lib/gcc/arm-none-eabi/10.3.1/thumb/v7e-m+fp/hard/crtbegin.o
                [!provide]                        PROVIDE (__fini_array_end = .)
                0x0000000008010fa8                . = ALIGN (0x4)
                0x0000000008010fa8                _sidata = LOADADDR (.data)

.data           0x0000000020000000       0xd0 load address 0x0000000008010fa8
                0x0000000020000000                . = ALIGN (0x4)
                0x0000000020000000                _sdata = .
 *(.data)
 *(.data*)
 .data.I2cxTimeout
                0x0000000020000000        0x4 ./Core/Src/AUDIO_LINK.o
                0x0000000020000000                I2cxTimeout
 .data.lis3dsh_Sensitivity
                0x0000000020000004        0x4 ./Core/Src/MY_LIS3DSH.o
 .data.cs43l22_drv
                0x0000000020000008       0x30 ./Core/Src/cs43l22.o
                0x0000000020000008                cs43l22_drv
 .data.Is_cs43l22_Stop
                0x0000000020000038        0x1 ./Core/Src/cs43l22.o
 *fill*         0x0000000020000039        0x3 
 .data.SystemCoreClock
                0x000000002000003c        0x4 ./Core/Src/system_stm32f4xx.o
                0x000000002000003c                SystemCoreClock
 .data.uwVolume
                0x0000000020000040        0x4 ./Core/Src/waveplayer.o
 .data.uwTickPrio
                0x0000000020000044        0x4 ./Drivers/STM32F4xx_HAL_Driver/Src/stm32f4xx_hal.o
                0x0000000020000044                uwTickPrio
 .data.uwTickFreq
                0x0000000020000048        0x1 ./Drivers/STM32F4xx_HAL_Driver/Src/stm32f4xx_hal.o
                0x0000000020000048                uwTickFreq
 *fill*         0x0000000020000049        0x3 
 .data.USBH_msc
                0x000000002000004c       0x20 ./Middlewares/ST/STM32_USB_Host_Library/Class/MSC/Src/usbh_msc.o
                0x000000002000004c                USBH_msc
 .data._impure_ptr
                0x000000002000006c        0x4 c:/st/stm32cubeide_1.9.0/stm32cubeide/plugins/com.st.stm32cube.ide.mcu.externaltools.gnu-tools-for-stm32.10.3-2021.10.win32_1.0.0.202111181127/tools/bin/../lib/gcc/arm-none-eabi/10.3.1/../../../../arm-none-eabi/lib/thumb/v7e-m+fp/hard\libc_nano.a(lib_a-impure.o)
                0x000000002000006c                _impure_ptr
 .data.impure_data
                0x0000000020000070       0x60 c:/st/stm32cubeide_1.9.0/stm32cubeide/plugins/com.st.stm32cube.ide.mcu.externaltools.gnu-tools-for-stm32.10.3-2021.10.win32_1.0.0.202111181127/tools/bin/../lib/gcc/arm-none-eabi/10.3.1/../../../../arm-none-eabi/lib/thumb/v7e-m+fp/hard\libc_nano.a(lib_a-impure.o)
 *(.RamFunc)
 *(.RamFunc*)
                0x00000000200000d0                . = ALIGN (0x4)
                0x00000000200000d0                _edata = .
                0x0000000008011078                _siccmram = LOADADDR (.ccmram)

.igot.plt       0x00000000200000d0        0x0 load address 0x0000000008011078
 .igot.plt      0x00000000200000d0        0x0 c:/st/stm32cubeide_1.9.0/stm32cubeide/plugins/com.st.stm32cube.ide.mcu.externaltools.gnu-tools-for-stm32.10.3-2021.10.win32_1.0.0.202111181127/tools/bin/../lib/gcc/arm-none-eabi/10.3.1/thumb/v7e-m+fp/hard/crtbegin.o

.ccmram         0x0000000010000000        0x0 load address 0x0000000008011078
                0x0000000010000000                . = ALIGN (0x4)
                0x0000000010000000                _sccmram = .
 *(.ccmram)
 *(.ccmram*)
                0x0000000010000000                . = ALIGN (0x4)
                0x0000000010000000                _eccmram = .
                0x0000000010000000                . = ALIGN (0x4)

.bss            0x00000000200000d0     0x249c
                0x00000000200000d0                _sbss = .
                0x00000000200000d0                __bss_start__ = _sbss
 *(.bss)
 .bss           0x00000000200000d0       0x1c c:/st/stm32cubeide_1.9.0/stm32cubeide/plugins/com.st.stm32cube.ide.mcu.externaltools.gnu-tools-for-stm32.10.3-2021.10.win32_1.0.0.202111181127/tools/bin/../lib/gcc/arm-none-eabi/10.3.1/thumb/v7e-m+fp/hard/crtbegin.o
 *(.bss*)
 .bss.pAudioDrv
                0x00000000200000ec        0x4 ./Core/Src/AUDIO.o
 .bss.hAudioOutI2s
                0x00000000200000f0       0x48 ./Core/Src/AUDIO.o
                0x00000000200000f0                hAudioOutI2s
 .bss.hdma_i2sTx.0
                0x0000000020000138       0x60 ./Core/Src/AUDIO.o
 .bss.I2cHandle
                0x0000000020000198       0x54 ./Core/Src/AUDIO_LINK.o
 .bss.fresult   0x00000000200001ec        0x1 ./Core/Src/File_Handling.o
                0x00000000200001ec                fresult
 *fill*         0x00000000200001ed        0x1 
 .bss.NumObs    0x00000000200001ee        0x2 ./Core/Src/File_Handling.o
                0x00000000200001ee                NumObs
 .bss.accSPI_Handle
                0x00000000200001f0       0x58 ./Core/Src/MY_LIS3DSH.o
 .bss.OutputDev
                0x0000000020000248        0x1 ./Core/Src/cs43l22.o
                0x0000000020000248                OutputDev
 *fill*         0x0000000020000249        0x3 
 .bss.hi2c1     0x000000002000024c       0x54 ./Core/Src/i2c.o
                0x000000002000024c                hi2c1
 .bss.hi2s3     0x00000000200002a0       0x48 ./Core/Src/i2s.o
                0x00000000200002a0                hi2s3
 .bss.hdma_spi3_tx
                0x00000000200002e8       0x60 ./Core/Src/i2s.o
                0x00000000200002e8                hdma_spi3_tx
 .bss.myData    0x0000000020000348        0x6 ./Core/Src/main.o
                0x0000000020000348                myData
 *fill*         0x000000002000034e        0x2 
 .bss.tiltedLeft
                0x0000000020000350        0x4 ./Core/Src/main.o
                0x0000000020000350                tiltedLeft
 .bss.tiltedRight
                0x0000000020000354        0x4 ./Core/Src/main.o
                0x0000000020000354                tiltedRight
 .bss.tiltedForward
                0x0000000020000358        0x4 ./Core/Src/main.o
                0x0000000020000358                tiltedForward
 .bss.tiltedBack
                0x000000002000035c        0x4 ./Core/Src/main.o
                0x000000002000035c                tiltedBack
 .bss.isFinished
                0x0000000020000360        0x4 ./Core/Src/main.o
                0x0000000020000360                isFinished
 .bss.lastVolume
                0x0000000020000364        0x4 ./Core/Src/main.o
                0x0000000020000364                lastVolume
 .bss.hspi1     0x0000000020000368       0x58 ./Core/Src/spi.o
                0x0000000020000368                hspi1
 .bss.__sbrk_heap_end
                0x00000000200003c0        0x4 ./Core/Src/sysmem.o
 .bss.BufferCtl
                0x00000000200003c4     0x1008 ./Core/Src/waveplayer.o
 .bss.AudioState
                0x00000000200013cc        0x1 ./Core/Src/waveplayer.o
                0x00000000200013cc                AudioState
 *fill*         0x00000000200013cd        0x1 
 .bss.FilePos   0x00000000200013ce        0x2 ./Core/Src/waveplayer.o
 .bss.FileList  0x00000000200013d0      0x3da ./Core/Src/waveplayer.o
                0x00000000200013d0                FileList
 *fill*         0x00000000200017aa        0x2 
 .bss.WaveFormat
                0x00000000200017ac       0x2c ./Core/Src/waveplayer.o
                0x00000000200017ac                WaveFormat
 .bss.WavFile   0x00000000200017d8      0x230 ./Core/Src/waveplayer.o
                0x00000000200017d8                WavFile
 .bss.uwTick    0x0000000020001a08        0x4 ./Drivers/STM32F4xx_HAL_Driver/Src/stm32f4xx_hal.o
                0x0000000020001a08                uwTick
 .bss.retUSBH   0x0000000020001a0c        0x1 ./FATFS/App/fatfs.o
                0x0000000020001a0c                retUSBH
 *fill*         0x0000000020001a0d        0x3 
 .bss.USBHPath  0x0000000020001a10        0x4 ./FATFS/App/fatfs.o
                0x0000000020001a10                USBHPath
 .bss.USBHFatFS
                0x0000000020001a14      0x234 ./FATFS/App/fatfs.o
                0x0000000020001a14                USBHFatFS
 .bss.FatFs     0x0000000020001c48        0x4 ./Middlewares/Third_Party/FatFs/src/ff.o
 .bss.Fsid      0x0000000020001c4c        0x2 ./Middlewares/Third_Party/FatFs/src/ff.o
 *fill*         0x0000000020001c4e        0x2 
 .bss.Files     0x0000000020001c50       0x20 ./Middlewares/Third_Party/FatFs/src/ff.o
 .bss.LfnBuf    0x0000000020001c70      0x200 ./Middlewares/Third_Party/FatFs/src/ff.o
 .bss.disk      0x0000000020001e70        0xc ./Middlewares/Third_Party/FatFs/src/ff_gen_drv.o
                0x0000000020001e70                disk
 .bss.hUsbHostFS
                0x0000000020001e7c      0x3d8 ./USB_HOST/App/usb_host.o
                0x0000000020001e7c                hUsbHostFS
 .bss.Appli_state
                0x0000000020002254        0x1 ./USB_HOST/App/usb_host.o
                0x0000000020002254                Appli_state
 *fill*         0x0000000020002255        0x3 
 .bss.hhcd_USB_OTG_FS
                0x0000000020002258      0x304 ./USB_HOST/Target/usbh_conf.o
                0x0000000020002258                hhcd_USB_OTG_FS
 .bss.__malloc_free_list
                0x000000002000255c        0x4 c:/st/stm32cubeide_1.9.0/stm32cubeide/plugins/com.st.stm32cube.ide.mcu.externaltools.gnu-tools-for-stm32.10.3-2021.10.win32_1.0.0.202111181127/tools/bin/../lib/gcc/arm-none-eabi/10.3.1/../../../../arm-none-eabi/lib/thumb/v7e-m+fp/hard\libc_nano.a(lib_a-nano-mallocr.o)
                0x000000002000255c                __malloc_free_list
 .bss.__malloc_sbrk_start
                0x0000000020002560        0x4 c:/st/stm32cubeide_1.9.0/stm32cubeide/plugins/com.st.stm32cube.ide.mcu.externaltools.gnu-tools-for-stm32.10.3-2021.10.win32_1.0.0.202111181127/tools/bin/../lib/gcc/arm-none-eabi/10.3.1/../../../../arm-none-eabi/lib/thumb/v7e-m+fp/hard\libc_nano.a(lib_a-nano-mallocr.o)
                0x0000000020002560                __malloc_sbrk_start