Archive member included to satisfy reference by file (symbol)

c:/st/stm32cubeide_1.9.0/stm32cubeide/plugins/com.st.stm32cube.ide.mcu.externaltools.gnu-tools-for-stm32.10.3-2021.10.win32_1.0.0.202111181127/tools/bin/../lib/gcc/arm-none-eabi/10.3.1/../../../../arm-none-eabi/lib/thumb/v7e-m+fp/hard\libc_nano.a(lib_a-errno.o)
                              ./Core/Src/syscalls.o (__errno)
c:/st/stm32cubeide_1.9.0/stm32cubeide/plugins/com.st.stm32cube.ide.mcu.externaltools.gnu-tools-for-stm32.10.3-2021.10.win32_1.0.0.202111181127/tools/bin/../lib/gcc/arm-none-eabi/10.3.1/../../../../arm-none-eabi/lib/thumb/v7e-m+fp/hard\libc_nano.a(lib_a-exit.o)
                              c:/st/stm32cubeide_1.9.0/stm32cubeide/plugins/com.st.stm32cube.ide.mcu.externaltools.gnu-tools-for-stm32.10.3-2021.10.win32_1.0.0.202111181127/tools/bin/../lib/gcc/arm-none-eabi/10.3.1/../../../../arm-none-eabi/lib/thumb/v7e-m+fp/hard/crt0.o (exit)
c:/st/stm32cubeide_1.9.0/stm32cubeide/plugins/com.st.stm32cube.ide.mcu.externaltools.gnu-tools-for-stm32.10.3-2021.10.win32_1.0.0.202111181127/tools/bin/../lib/gcc/arm-none-eabi/10.3.1/../../../../arm-none-eabi/lib/thumb/v7e-m+fp/hard\libc_nano.a(lib_a-impure.o)
                              c:/st/stm32cubeide_1.9.0/stm32cubeide/plugins/com.st.stm32cube.ide.mcu.externaltools.gnu-tools-for-stm32.10.3-2021.10.win32_1.0.0.202111181127/tools/bin/../lib/gcc/arm-none-eabi/10.3.1/../../../../arm-none-eabi/lib/thumb/v7e-m+fp/hard\libc_nano.a(lib_a-exit.o) (_global_impure_ptr)
c:/st/stm32cubeide_1.9.0/stm32cubeide/plugins/com.st.stm32cube.ide.mcu.externaltools.gnu-tools-for-stm32.10.3-2021.10.win32_1.0.0.202111181127/tools/bin/../lib/gcc/arm-none-eabi/10.3.1/../../../../arm-none-eabi/lib/thumb/v7e-m+fp/hard\libc_nano.a(lib_a-init.o)
                              c:/st/stm32cubeide_1.9.0/stm32cubeide/plugins/com.st.stm32cube.ide.mcu.externaltools.gnu-tools-for-stm32.10.3-2021.10.win32_1.0.0.202111181127/tools/bin/../lib/gcc/arm-none-eabi/10.3.1/../../../../arm-none-eabi/lib/thumb/v7e-m+fp/hard/crt0.o (__libc_init_array)
c:/st/stm32cubeide_1.9.0/stm32cubeide/plugins/com.st.stm32cube.ide.mcu.externaltools.gnu-tools-for-stm32.10.3-2021.10.win32_1.0.0.202111181127/tools/bin/../lib/gcc/arm-none-eabi/10.3.1/../../../../arm-none-eabi/lib/thumb/v7e-m+fp/hard\libc_nano.a(lib_a-malloc.o)
                              ./Middlewares/ST/STM32_USB_Host_Library/Class/MSC/Src/usbh_msc.o (malloc)
c:/st/stm32cubeide_1.9.0/stm32cubeide/plugins/com.st.stm32cube.ide.mcu.externaltools.gnu-tools-for-stm32.10.3-2021.10.win32_1.0.0.202111181127/tools/bin/../lib/gcc/arm-none-eabi/10.3.1/../../../../arm-none-eabi/lib/thumb/v7e-m+fp/hard\libc_nano.a(lib_a-memcpy-stub.o)
                              ./Core/Src/MY_LIS3DSH.o (memcpy)
c:/st/stm32cubeide_1.9.0/stm32cubeide/plugins/com.st.stm32cube.ide.mcu.externaltools.gnu-tools-for-stm32.10.3-2021.10.win32_1.0.0.202111181127/tools/bin/../lib/gcc/arm-none-eabi/10.3.1/../../../../arm-none-eabi/lib/thumb/v7e-m+fp/hard\libc_nano.a(lib_a-memset.o)
                              c:/st/stm32cubeide_1.9.0/stm32cubeide/plugins/com.st.stm32cube.ide.mcu.externaltools.gnu-tools-for-stm32.10.3-2021.10.win32_1.0.0.202111181127/tools/bin/../lib/gcc/arm-none-eabi/10.3.1/../../../../arm-none-eabi/lib/thumb/v7e-m+fp/hard/crt0.o (memset)
c:/st/stm32cubeide_1.9.0/stm32cubeide/plugins/com.st.stm32cube.ide.mcu.externaltools.gnu-tools-for-stm32.10.3-2021.10.win32_1.0.0.202111181127/tools/bin/../lib/gcc/arm-none-eabi/10.3.1/../../../../arm-none-eabi/lib/thumb/v7e-m+fp/hard\libc_nano.a(lib_a-nano-freer.o)
                              c:/st/stm32cubeide_1.9.0/stm32cubeide/plugins/com.st.stm32cube.ide.mcu.externaltools.gnu-tools-for-stm32.10.3-2021.10.win32_1.0.0.202111181127/tools/bin/../lib/gcc/arm-none-eabi/10.3.1/../../../../arm-none-eabi/lib/thumb/v7e-m+fp/hard\libc_nano.a(lib_a-malloc.o) (_free_r)
c:/st/stm32cubeide_1.9.0/stm32cubeide/plugins/com.st.stm32cube.ide.mcu.externaltools.gnu-tools-for-stm32.10.3-2021.10.win32_1.0.0.202111181127/tools/bin/../lib/gcc/arm-none-eabi/10.3.1/../../../../arm-none-eabi/lib/thumb/v7e-m+fp/hard\libc_nano.a(lib_a-nano-mallocr.o)
                              c:/st/stm32cubeide_1.9.0/stm32cubeide/plugins/com.st.stm32cube.ide.mcu.externaltools.gnu-tools-for-stm32.10.3-2021.10.win32_1.0.0.202111181127/tools/bin/../lib/gcc/arm-none-eabi/10.3.1/../../../../arm-none-eabi/lib/thumb/v7e-m+fp/hard\libc_nano.a(lib_a-malloc.o) (_malloc_r)
c:/st/stm32cubeide_1.9.0/stm32cubeide/plugins/com.st.stm32cube.ide.mcu.externaltools.gnu-tools-for-stm32.10.3-2021.10.win32_1.0.0.202111181127/tools/bin/../lib/gcc/arm-none-eabi/10.3.1/../../../../arm-none-eabi/lib/thumb/v7e-m+fp/hard\libc_nano.a(lib_a-sbrkr.o)
[...]
Memory Configuration

Name             Origin             Length             Attributes
CCMRAM           0x0000000010000000 0x0000000000010000 xrw
RAM              0x0000000020000000 0x0000000000020000 xrw
FLASH            0x0000000008000000 0x0000000000100000 xr
*default*        0x0000000000000000 0xffffffffffffffff

Linker script and memory map

LOAD c:/st/stm32cubeide_1.9.0/stm32cubeide/plugins/com.st.stm32cube.ide.mcu.externaltools.gnu-tools-for-stm32.10.3-2021.10.win32_1.0.0.202111181127/tools/bin/../lib/gcc/arm-none-eabi/10.3.1/thumb/v7e-m+fp/hard/crti.o
LOAD c:/st/stm32cubeide_1.9.0/stm32cubeide/plugins/com.st.stm32cube.ide.mcu.externaltools.gnu-tools-for-stm32.10.3-2021.10.win32_1.0.0.202111181127/tools/bin/../lib/gcc/arm-none-eabi/10.3.1/thumb/v7e-m+fp/hard/crtbegin.o
LOAD c:/st/stm32cubeide_1.9.0/stm32cubeide/plugins/com.st.stm32cube.ide.mcu.externaltools.gnu-tools-for-stm32.10.3-2021.10.win32_1.0.0.202111181127/tools/bin/../lib/gcc/arm-none-eabi/10.3.1/../../../../arm-none-eabi/lib/thumb/v7e-m+fp/hard/crt0.o
LOAD ./Core/Src/File_Handling.o
LOAD ./Core/Src/MY_LIS3DSH.o
LOAD ./Core/Src/dma.o
LOAD ./Core/Src/gpio.o
LOAD ./Core/Src/i2c.o
LOAD ./Core/Src/i2s.o
LOAD ./Core/Src/main.o
LOAD ./Core/Src/spi.o
LOAD ./Core/Src/stm32f4xx_hal_msp.o
LOAD ./Core/Src/stm32f4xx_it.o
LOAD ./Core/Src/syscalls.o
LOAD ./Core/Src/sysmem.o
LOAD ./Core/Src/system_stm32f4xx.o
LOAD ./Core/Startup/startup_stm32f407vgtx.o
LOAD ./Drivers/STM32F4xx_HAL_Driver/Src/stm32f4xx_hal.o
LOAD ./Drivers/STM32F4xx_HAL_Driver/Src/stm32f4xx_hal_cortex.o
LOAD ./Drivers/STM32F4xx_HAL_Driver/Src/stm32f4xx_hal_dma.o
LOAD ./Drivers/STM32F4xx_HAL_Driver/Src/stm32f4xx_hal_dma_ex.o
LOAD ./Drivers/STM32F4xx_HAL_Driver/Src/stm32f4xx_hal_exti.o
LOAD ./Drivers/STM32F4xx_HAL_Driver/Src/stm32f4xx_hal_flash.o
LOAD ./Drivers/STM32F4xx_HAL_Driver/Src/stm32f4xx_hal_flash_ex.o
LOAD ./Drivers/STM32F4xx_HAL_Driver/Src/stm32f4xx_hal_flash_ramfunc.o
LOAD ./Drivers/STM32F4xx_HAL_Driver/Src/stm32f4xx_hal_gpio.o
LOAD ./Drivers/STM32F4xx_HAL_Driver/Src/stm32f4xx_hal_hcd.o
LOAD ./Drivers/STM32F4xx_HAL_Driver/Src/stm32f4xx_hal_i2c.o
LOAD ./Drivers/STM32F4xx_HAL_Driver/Src/stm32f4xx_hal_i2c_ex.o
LOAD ./Drivers/STM32F4xx_HAL_Driver/Src/stm32f4xx_hal_i2s.o
LOAD ./Drivers/STM32F4xx_HAL_Driver/Src/stm32f4xx_hal_i2s_ex.o
LOAD ./Drivers/STM32F4xx_HAL_Driver/Src/stm32f4xx_hal_pwr.o
LOAD ./Drivers/STM32F4xx_HAL_Driver/Src/stm32f4xx_hal_pwr_ex.o
LOAD ./Drivers/STM32F4xx_HAL_Driver/Src/stm32f4xx_hal_rcc.o
LOAD ./Drivers/STM32F4xx_HAL_Driver/Src/stm32f4xx_hal_rcc_ex.o
LOAD ./Drivers/STM32F4xx_HAL_Driver/Src/stm32f4xx_hal_spi.o
LOAD ./Drivers/STM32F4xx_HAL_Driver/Src/stm32f4xx_hal_tim.o
LOAD ./Drivers/STM32F4xx_HAL_Driver/Src/stm32f4xx_hal_tim_ex.o
LOAD ./Drivers/STM32F4xx_HAL_Driver/Src/stm32f4xx_ll_usb.o
LOAD ./FATFS/App/fatfs.o
LOAD ./FATFS/Target/usbh_diskio.o
LOAD ./Middlewares/ST/STM32_USB_Host_Library/Class/MSC/Src/usbh_msc.o
LOAD ./Middlewares/ST/STM32_USB_Host_Library/Class/MSC/Src/usbh_msc_bot.o
LOAD ./Middlewares/ST/STM32_USB_Host_Library/Class/MSC/Src/usbh_msc_scsi.o
LOAD ./Middlewares/ST/STM32_USB_Host_Library/Core/Src/usbh_core.o
LOAD ./Middlewares/ST/STM32_USB_Host_Library/Core/Src/usbh_ctlreq.o
LOAD ./Middlewares/ST/STM32_USB_Host_Library/Core/Src/usbh_ioreq.o
LOAD ./Middlewares/ST/STM32_USB_Host_Library/Core/Src/usbh_pipes.o
LOAD ./Middlewares/Third_Party/FatFs/src/diskio.o
LOAD ./Middlewares/Third_Party/FatFs/src/ff.o
LOAD ./Middlewares/Third_Party/FatFs/src/ff_gen_drv.o
LOAD ./Middlewares/Third_Party/FatFs/src/option/ccsbcs.o
LOAD ./Middlewares/Third_Party/FatFs/src/option/syscall.o
LOAD ./USB_HOST/App/usb_host.o
LOAD ./USB_HOST/Target/usbh_conf.o
LOAD ./USB_HOST/Target/usbh_platform.o
START GROUP
LOAD c:/st/stm32cubeide_1.9.0/stm32cubeide/plugins/com.st.stm32cube.ide.mcu.externaltools.gnu-tools-for-stm32.10.3-2021.10.win32_1.0.0.202111181127/tools/bin/../lib/gcc/arm-none-eabi/10.3.1/../../../../arm-none-eabi/lib/thumb/v7e-m+fp/hard\libc_nano.a
LOAD c:/st/stm32cubeide_1.9.0/stm32cubeide/plugins/com.st.stm32cube.ide.mcu.externaltools.gnu-tools-for-stm32.10.3-2021.10.win32_1.0.0.202111181127/tools/bin/../lib/gcc/arm-none-eabi/10.3.1/../../../../arm-none-eabi/lib/thumb/v7e-m+fp/hard\libm.a
END GROUP
START GROUP
LOAD c:/st/stm32cubeide_1.9.0/stm32cubeide/plugins/com.st.stm32cube.ide.mcu.externaltools.gnu-tools-for-stm32.10.3-2021.10.win32_1.0.0.202111181127/tools/bin/../lib/gcc/arm-none-eabi/10.3.1/thumb/v7e-m+fp/hard\libgcc.a
LOAD c:/st/stm32cubeide_1.9.0/stm32cubeide/plugins/com.st.stm32cube.ide.mcu.externaltools.gnu-tools-for-stm32.10.3-2021.10.win32_1.0.0.202111181127/tools/bin/../lib/gcc/arm-none-eabi/10.3.1/../../../../arm-none-eabi/lib/thumb/v7e-m+fp/hard\libc_nano.a
END GROUP
START GROUP
LOAD c:/st/stm32cubeide_1.9.0/stm32cubeide/plugins/com.st.stm32cube.ide.mcu.externaltools.gnu-tools-for-stm32.10.3-2021.10.win32_1.0.0.202111181127/tools/bin/../lib/gcc/arm-none-eabi/10.3.1/thumb/v7e-m+fp/hard\libgcc.a
LOAD c:/st/stm32cubeide_1.9.0/stm32cubeide/plugins/com.st.stm32cube.ide.mcu.externaltools.gnu-tools-for-stm32.10.3-2021.10.win32_1.0.0.202111181127/tools/bin/../lib/gcc/arm-none-eabi/10.3.1/../../../../arm-none-eabi/lib/thumb/v7e-m+fp/hard\libc_nano.a
LOAD c:/st/stm32cubeide_1.9.0/stm32cubeide/plugins/com.st.stm32cube.ide.mcu.externaltools.gnu-tools-for-stm32.10.3-2021.10.win32_1.0.0.202111181127/tools/bin/../lib/gcc/arm-none-eabi/10.3.1/../../../../arm-none-eabi/lib/thumb/v7e-m+fp/hard\libnosys.a
END GROUP
START GROUP
LOAD c:/st/stm32cubeide_1.9.0/stm32cubeide/plugins/com.st.stm32cube.ide.mcu.externaltools.gnu-tools-for-stm32.10.3-2021.10.win32_1.0.0.202111181127/tools/bin/../lib/gcc/arm-none-eabi/10.3.1/thumb/v7e-m+fp/hard\libgcc.a
LOAD c:/st/stm32cubeide_1.9.0/stm32cubeide/plugins/com.st.stm32cube.ide.mcu.externaltools.gnu-tools-for-stm32.10.3-2021.10.win32_1.0.0.202111181127/tools/bin/../lib/gcc/arm-none-eabi/10.3.1/../../../../arm-none-eabi/lib/thumb/v7e-m+fp/hard\libc_nano.a
LOAD c:/st/stm32cubeide_1.9.0/stm32cubeide/plugins/com.st.stm32cube.ide.mcu.externaltools.gnu-tools-for-stm32.10.3-2021.10.win32_1.0.0.202111181127/tools/bin/../lib/gcc/arm-none-eabi/10.3.1/../../../../arm-none-eabi/lib/thumb/v7e-m+fp/hard\libnosys.a
END GROUP
LOAD c:/st/stm32cubeide_1.9.0/stm32cubeide/plugins/com.st.stm32cube.ide.mcu.externaltools.gnu-tools-for-stm32.10.3-2021.10.win32_1.0.0.202111181127/tools/bin/../lib/gcc/arm-none-eabi/10.3.1/thumb/v7e-m+fp/hard/crtend.o
LOAD c:/st/stm32cubeide_1.9.0/stm32cubeide/plugins/com.st.stm32cube.ide.mcu.externaltools.gnu-tools-for-stm32.10.3-2021.10.win32_1.0.0.202111181127/tools/bin/../lib/gcc/arm-none-eabi/10.3.1/thumb/v7e-m+fp/hard/crtn.o
                0x0000000020020000                _estack = (ORIGIN (RAM) + LENGTH (RAM))
                0x0000000000000200                _Min_Heap_Size = 0x200
                0x0000000000000400                _Min_Stack_Size = 0x400

.isr_vector     0x0000000008000000      0x188
                0x0000000008000000                . = ALIGN (0x4)
 *(.isr_vector)
 .isr_vector    0x0000000008000000      0x188 ./Core/Startup/startup_stm32f407vgtx.o
                0x0000000008000000                g_pfnVectors
                0x0000000008000188                . = ALIGN (0x4)

.text           0x0000000008000188     0xa524
                0x0000000008000188                . = ALIGN (0x4)
 *(.text)
 .text          0x0000000008000188       0x40 c:/st/stm32cubeide_1.9.0/stm32cubeide/plugins/com.st.stm32cube.ide.mcu.externaltools.gnu-tools-for-stm32.10.3-2021.10.win32_1.0.0.202111181127/tools/bin/../lib/gcc/arm-none-eabi/10.3.1/thumb/v7e-m+fp/hard/crtbegin.o
 .text          0x00000000080001c8       0x30 c:/st/stm32cubeide_1.9.0/stm32cubeide/plugins/com.st.stm32cube.ide.mcu.externaltools.gnu-tools-for-stm32.10.3-2021.10.win32_1.0.0.202111181127/tools/bin/../lib/gcc/arm-none-eabi/10.3.1/thumb/v7e-m+fp/hard\libgcc.a(_aeabi_uldivmod.o)
                0x00000000080001c8                __aeabi_uldivmod
 .text          0x00000000080001f8      0x2d0 c:/st/stm32cubeide_1.9.0/stm32cubeide/plugins/com.st.stm32cube.ide.mcu.externaltools.gnu-tools-for-stm32.10.3-2021.10.win32_1.0.0.202111181127/tools/bin/../lib/gcc/arm-none-eabi/10.3.1/thumb/v7e-m+fp/hard\libgcc.a(_udivmoddi4.o)
                0x00000000080001f8                __udivmoddi4
 .text          0x00000000080004c8        0x4 c:/st/stm32cubeide_1.9.0/stm32cubeide/plugins/com.st.stm32cube.ide.mcu.externaltools.gnu-tools-for-stm32.10.3-2021.10.win32_1.0.0.202111181127/tools/bin/../lib/gcc/arm-none-eabi/10.3.1/thumb/v7e-m+fp/hard\libgcc.a(_dvmd_tls.o)
                0x00000000080004c8                __aeabi_idiv0
                0x00000000080004c8                __aeabi_ldiv0
 *(.text*)
 .text.LIS3DSH_WriteIO
                0x00000000080004cc       0x54 ./Core/Src/MY_LIS3DSH.o
                0x00000000080004cc                LIS3DSH_WriteIO
 .text.LIS3DSH_ReadIO
                0x0000000008000520       0x88 ./Core/Src/MY_LIS3DSH.o
                0x0000000008000520                LIS3DSH_ReadIO
 .text.LIS3DSH_Init
                0x00000000080005a8      0x1a0 ./Core/Src/MY_LIS3DSH.o
                0x00000000080005a8                LIS3DSH_Init
 .text.LIS3DSH_GetDataRaw
                0x0000000008000748       0x86 ./Core/Src/MY_LIS3DSH.o
                0x0000000008000748                LIS3DSH_GetDataRaw
 *fill*         0x00000000080007ce        0x2 
 .text.MX_DMA_Init
                0x00000000080007d0       0x40 ./Core/Src/dma.o
                0x00000000080007d0                MX_DMA_Init
 .text.MX_GPIO_Init
                0x0000000008000810      0x224 ./Core/Src/gpio.o
                0x0000000008000810                MX_GPIO_Init
 .text.MX_I2C1_Init
                0x0000000008000a34       0x5c ./Core/Src/i2c.o
                0x0000000008000a34                MX_I2C1_Init
 .text.HAL_I2C_MspInit
                0x0000000008000a90       0x90 ./Core/Src/i2c.o
                0x0000000008000a90                HAL_I2C_MspInit
 .text.MX_I2S3_Init
                0x0000000008000b20       0x5c ./Core/Src/i2s.o
                0x0000000008000b20                MX_I2S3_Init
 .text.HAL_I2S_MspInit
                0x0000000008000b7c      0x17c ./Core/Src/i2s.o
                0x0000000008000b7c                HAL_I2S_MspInit
 .text.main     0x0000000008000cf8       0x6c ./Core/Src/main.o
                0x0000000008000cf8                main
 .text.HandleTilt
                0x0000000008000d64      0x1f4 ./Core/Src/main.o
                0x0000000008000d64                HandleTilt
 .text.SystemClock_Config
                0x0000000008000f58       0xd4 ./Core/Src/main.o
                0x0000000008000f58                SystemClock_Config
 .text.Error_Handler
                0x000000000800102c        0xa ./Core/Src/main.o
                0x000000000800102c                Error_Handler
 *fill*         0x0000000008001036        0x2 
 .text.MX_SPI1_Init
                0x0000000008001038       0x6c ./Core/Src/spi.o
                0x0000000008001038                MX_SPI1_Init
 .text.HAL_SPI_MspInit
                0x00000000080010a4       0x90 ./Core/Src/spi.o
                0x00000000080010a4                HAL_SPI_MspInit
 .text.HAL_MspInit
                0x0000000008001134       0x50 ./Core/Src/stm32f4xx_hal_msp.o
                0x0000000008001134                HAL_MspInit
 .text.NMI_Handler
                0x0000000008001184        0x6 ./Core/Src/stm32f4xx_it.o
                0x0000000008001184                NMI_Handler
 .text.HardFault_Handler
                0x000000000800118a        0x6 ./Core/Src/stm32f4xx_it.o
                0x000000000800118a                HardFault_Handler
 .text.MemManage_Handler
                0x0000000008001190        0x6 ./Core/Src/stm32f4xx_it.o
                0x0000000008001190                MemManage_Handler
 .text.BusFault_Handler
                0x0000000008001196        0x6 ./Core/Src/stm32f4xx_it.o
                0x0000000008001196                BusFault_Handler
 .text.UsageFault_Handler
                0x000000000800119c        0x6 ./Core/Src/stm32f4xx_it.o
                0x000000000800119c                UsageFault_Handler
 .text.SVC_Handler
                0x00000000080011a2        0xe ./Core/Src/stm32f4xx_it.o
                0x00000000080011a2                SVC_Handler
 .text.DebugMon_Handler
                0x00000000080011b0        0xe ./Core/Src/stm32f4xx_it.o
                0x00000000080011b0                DebugMon_Handler
 .text.PendSV_Handler
                0x00000000080011be        0xe ./Core/Src/stm32f4xx_it.o
                0x00000000080011be                PendSV_Handler
 .text.SysTick_Handler
                0x00000000080011cc        0xc ./Core/Src/stm32f4xx_it.o
                0x00000000080011cc                SysTick_Handler
 .text.EXTI0_IRQHandler
                0x00000000080011d8        0xe ./Core/Src/stm32f4xx_it.o
                0x00000000080011d8                EXTI0_IRQHandler
 *fill*         0x00000000080011e6        0x2 
 .text.DMA1_Stream5_IRQHandler
                0x00000000080011e8       0x14 ./Core/Src/stm32f4xx_it.o
                0x00000000080011e8                DMA1_Stream5_IRQHandler
 .text.OTG_FS_IRQHandler
                0x00000000080011fc       0x14 ./Core/Src/stm32f4xx_it.o
                0x00000000080011fc                OTG_FS_IRQHandler
 .text._sbrk    0x0000000008001210       0x6c ./Core/Src/sysmem.o
                0x0000000008001210                _sbrk
 .text.SystemInit
                0x000000000800127c       0x24 ./Core/Src/system_stm32f4xx.o
                0x000000000800127c                SystemInit
 .text.Reset_Handler
                0x00000000080012a0       0x50 ./Core/Startup/startup_stm32f407vgtx.o
                0x00000000080012a0                Reset_Handler
 .text.Default_Handler
                0x00000000080012f0        0x2 ./Core/Startup/startup_stm32f407vgtx.o
                0x00000000080012f0                RTC_Alarm_IRQHandler
                0x00000000080012f0                HASH_RNG_IRQHandler
                0x00000000080012f0                EXTI2_IRQHandler
                0x00000000080012f0                TIM8_CC_IRQHandler
                0x00000000080012f0                TIM1_CC_IRQHandler
                0x00000000080012f0                DMA2_Stream5_IRQHandler
                0x00000000080012f0                PVD_IRQHandler
                0x00000000080012f0                SDIO_IRQHandler
                0x00000000080012f0                TAMP_STAMP_IRQHandler
                0x00000000080012f0                CAN2_RX1_IRQHandler
                0x00000000080012f0                EXTI3_IRQHandler
                0x00000000080012f0                TIM8_TRG_COM_TIM14_IRQHandler
                0x00000000080012f0                TIM1_UP_TIM10_IRQHandler
                0x00000000080012f0                TIM8_UP_TIM13_IRQHandler
                0x00000000080012f0                I2C3_ER_IRQHandler
                0x00000000080012f0                I2C2_EV_IRQHandler
                0x00000000080012f0                DMA1_Stream2_IRQHandler
                0x00000000080012f0                CAN1_RX0_IRQHandler
                0x00000000080012f0                FPU_IRQHandler
                0x00000000080012f0                OTG_HS_WKUP_IRQHandler
                0x00000000080012f0                CAN2_SCE_IRQHandler
                0x00000000080012f0                DMA2_Stream2_IRQHandler
                0x00000000080012f0                SPI1_IRQHandler
                0x00000000080012f0                TIM6_DAC_IRQHandler
                0x00000000080012f0                TIM1_BRK_TIM9_IRQHandler
                0x00000000080012f0                DCMI_IRQHandler
                0x00000000080012f0                CAN2_RX0_IRQHandler
                0x00000000080012f0                DMA2_Stream3_IRQHandler
                0x00000000080012f0                USART6_IRQHandler
                0x00000000080012f0                USART3_IRQHandler
                0x00000000080012f0                CAN1_RX1_IRQHandler
                0x00000000080012f0                UART5_IRQHandler
                0x00000000080012f0                DMA2_Stream0_IRQHandler
                0x00000000080012f0                TIM4_IRQHandler
                0x00000000080012f0                I2C1_EV_IRQHandler
                0x00000000080012f0                DMA1_Stream6_IRQHandler
                0x00000000080012f0                DMA1_Stream1_IRQHandler
                0x00000000080012f0                UART4_IRQHandler
                0x00000000080012f0                TIM3_IRQHandler
                0x00000000080012f0                RCC_IRQHandler
                0x00000000080012f0                TIM8_BRK_TIM12_IRQHandler
                0x00000000080012f0                Default_Handler
                0x00000000080012f0                EXTI15_10_IRQHandler
                0x00000000080012f0                ADC_IRQHandler
                0x00000000080012f0                DMA1_Stream7_IRQHandler
                0x00000000080012f0                TIM7_IRQHandler
                0x00000000080012f0                CAN2_TX_IRQHandler
                0x00000000080012f0                TIM5_IRQHandler
                0x00000000080012f0                DMA2_Stream7_IRQHandler
                0x00000000080012f0                I2C3_EV_IRQHandler
                0x00000000080012f0                EXTI9_5_IRQHandler
                0x00000000080012f0                RTC_WKUP_IRQHandler
                0x00000000080012f0                ETH_WKUP_IRQHandler
                0x00000000080012f0                SPI2_IRQHandler
                0x00000000080012f0                OTG_HS_EP1_IN_IRQHandler
                0x00000000080012f0                DMA1_Stream0_IRQHandler
                0x00000000080012f0                CAN1_TX_IRQHandler
                0x00000000080012f0                EXTI4_IRQHandler
                0x00000000080012f0                FSMC_IRQHandler
                0x00000000080012f0                ETH_IRQHandler
                0x00000000080012f0                OTG_HS_EP1_OUT_IRQHandler
                0x00000000080012f0                WWDG_IRQHandler
                0x00000000080012f0                TIM2_IRQHandler
                0x00000000080012f0                OTG_FS_WKUP_IRQHandler
                0x00000000080012f0                TIM1_TRG_COM_TIM11_IRQHandler
                0x00000000080012f0                OTG_HS_IRQHandler
                0x00000000080012f0                EXTI1_IRQHandler
                0x00000000080012f0                USART2_IRQHandler
                0x00000000080012f0                I2C2_ER_IRQHandler
                0x00000000080012f0                DMA2_Stream1_IRQHandler
                0x00000000080012f0                CAN1_SCE_IRQHandler
                0x00000000080012f0                FLASH_IRQHandler
                0x00000000080012f0                DMA2_Stream4_IRQHandler
                0x00000000080012f0                USART1_IRQHandler
                0x00000000080012f0                SPI3_IRQHandler
                0x00000000080012f0                DMA1_Stream4_IRQHandler
                0x00000000080012f0                I2C1_ER_IRQHandler
                0x00000000080012f0                DMA2_Stream6_IRQHandler
                0x00000000080012f0                DMA1_Stream3_IRQHandler
 *fill*         0x00000000080012f2        0x2 
 .text.HAL_Init
                0x00000000080012f4       0x44 ./Drivers/STM32F4xx_HAL_Driver/Src/stm32f4xx_hal.o
                0x00000000080012f4                HAL_Init
 .text.HAL_InitTick
                0x0000000008001338       0x60 ./Drivers/STM32F4xx_HAL_Driver/Src/stm32f4xx_hal.o
                0x0000000008001338                HAL_InitTick
 .text.HAL_IncTick
                0x0000000008001398       0x28 ./Drivers/STM32F4xx_HAL_Driver/Src/stm32f4xx_hal.o
                0x0000000008001398                HAL_IncTick
 .text.HAL_GetTick
                0x00000000080013c0       0x18 ./Drivers/STM32F4xx_HAL_Driver/Src/stm32f4xx_hal.o
                0x00000000080013c0                HAL_GetTick
 .text.HAL_Delay
                0x00000000080013d8       0x48 ./Drivers/STM32F4xx_HAL_Driver/Src/stm32f4xx_hal.o
                0x00000000080013d8                HAL_Delay
 .text.__NVIC_SetPriorityGrouping
                0x0000000008001420       0x48 ./Drivers/STM32F4xx_HAL_Driver/Src/stm32f4xx_hal_cortex.o
 .text.__NVIC_GetPriorityGrouping
                0x0000000008001468       0x1c ./Drivers/STM32F4xx_HAL_Driver/Src/stm32f4xx_hal_cortex.o
 .text.__NVIC_EnableIRQ
                0x0000000008001484       0x3c ./Drivers/STM32F4xx_HAL_Driver/Src/stm32f4xx_hal_cortex.o
 .text.__NVIC_SetPriority
                0x00000000080014c0       0x54 ./Drivers/STM32F4xx_HAL_Driver/Src/stm32f4xx_hal_cortex.o
 .text.NVIC_EncodePriority
                0x0000000008001514       0x66 ./Drivers/STM32F4xx_HAL_Driver/Src/stm32f4xx_hal_cortex.o
 *fill*         0x000000000800157a        0x2 
 .text.SysTick_Config
                0x000000000800157c       0x44 ./Drivers/STM32F4xx_HAL_Driver/Src/stm32f4xx_hal_cortex.o
 .text.HAL_NVIC_SetPriorityGrouping
                0x00000000080015c0       0x16 ./Drivers/STM32F4xx_HAL_Driver/Src/stm32f4xx_hal_cortex.o
                0x00000000080015c0                HAL_NVIC_SetPriorityGrouping
 .text.HAL_NVIC_SetPriority
                0x00000000080015d6       0x38 ./Drivers/STM32F4xx_HAL_Driver/Src/stm32f4xx_hal_cortex.o
                0x00000000080015d6                HAL_NVIC_SetPriority
 .text.HAL_NVIC_EnableIRQ
                0x000000000800160e       0x1c ./Drivers/STM32F4xx_HAL_Driver/Src/stm32f4xx_hal_cortex.o
                0x000000000800160e                HAL_NVIC_EnableIRQ
 .text.HAL_SYSTICK_Config
                0x000000000800162a       0x18 ./Drivers/STM32F4xx_HAL_Driver/Src/stm32f4xx_hal_cortex.o
                0x000000000800162a                HAL_SYSTICK_Config
 *fill*         0x0000000008001642        0x2 
 .text.HAL_DMA_Init
                0x0000000008001644      0x15c ./Drivers/STM32F4xx_HAL_Driver/Src/stm32f4xx_hal_dma.o
                0x0000000008001644                HAL_DMA_Init
 .text.HAL_DMA_IRQHandler
                0x00000000080017a0      0x314 ./Drivers/STM32F4xx_HAL_Driver/Src/stm32f4xx_hal_dma.o
                0x00000000080017a0                HAL_DMA_IRQHandler
 .text.DMA_CalcBaseAndBitshift
                0x0000000008001ab4       0x6c ./Drivers/STM32F4xx_HAL_Driver/Src/stm32f4xx_hal_dma.o
 .text.DMA_CheckFifoParam
                0x0000000008001b20       0xf8 ./Drivers/STM32F4xx_HAL_Driver/Src/stm32f4xx_hal_dma.o
 .text.HAL_GPIO_Init
                0x0000000008001c18      0x338 ./Drivers/STM32F4xx_HAL_Driver/Src/stm32f4xx_hal_gpio.o
                0x0000000008001c18                HAL_GPIO_Init
 .text.HAL_GPIO_WritePin
                0x0000000008001f50       0x32 ./Drivers/STM32F4xx_HAL_Driver/Src/stm32f4xx_hal_gpio.o
                0x0000000008001f50                HAL_GPIO_WritePin
 .text.HAL_GPIO_TogglePin
                0x0000000008001f82       0x34 ./Drivers/STM32F4xx_HAL_Driver/Src/stm32f4xx_hal_gpio.o
                0x0000000008001f82                HAL_GPIO_TogglePin
 *fill*         0x0000000008001fb6        0x2 
 .text.HAL_GPIO_EXTI_IRQHandler
                0x0000000008001fb8       0x30 ./Drivers/STM32F4xx_HAL_Driver/Src/stm32f4xx_hal_gpio.o
                0x0000000008001fb8                HAL_GPIO_EXTI_IRQHandler
 .text.HAL_GPIO_EXTI_Callback
                0x0000000008001fe8       0x16 ./Drivers/STM32F4xx_HAL_Driver/Src/stm32f4xx_hal_gpio.o
                0x0000000008001fe8                HAL_GPIO_EXTI_Callback
 .text.HAL_HCD_Init
                0x0000000008001ffe       0xc4 ./Drivers/STM32F4xx_HAL_Driver/Src/stm32f4xx_hal_hcd.o
                0x0000000008001ffe                HAL_HCD_Init
 .text.HAL_HCD_HC_Init
                0x00000000080020c2      0x11e ./Drivers/STM32F4xx_HAL_Driver/Src/stm32f4xx_hal_hcd.o
                0x00000000080020c2                HAL_HCD_HC_Init
 .text.HAL_HCD_HC_Halt
                0x00000000080021e0       0x46 ./Drivers/STM32F4xx_HAL_Driver/Src/stm32f4xx_hal_hcd.o
                0x00000000080021e0                HAL_HCD_HC_Halt
 *fill*         0x0000000008002226        0x2 
 .text.HAL_HCD_HC_SubmitRequest
                0x0000000008002228      0x2ac ./Drivers/STM32F4xx_HAL_Driver/Src/stm32f4xx_hal_hcd.o
                0x0000000008002228                HAL_HCD_HC_SubmitRequest
 .text.HAL_HCD_IRQHandler
                0x00000000080024d4      0x216 ./Drivers/STM32F4xx_HAL_Driver/Src/stm32f4xx_hal_hcd.o
                0x00000000080024d4                HAL_HCD_IRQHandler
 .text.HAL_HCD_Start
                0x00000000080026ea       0x46 ./Drivers/STM32F4xx_HAL_Driver/Src/stm32f4xx_hal_hcd.o
                0x00000000080026ea                HAL_HCD_Start
 .text.HAL_HCD_Stop
                0x0000000008002730       0x3a ./Drivers/STM32F4xx_HAL_Driver/Src/stm32f4xx_hal_hcd.o
                0x0000000008002730                HAL_HCD_Stop
 .text.HAL_HCD_ResetPort
                0x000000000800276a       0x1c ./Drivers/STM32F4xx_HAL_Driver/Src/stm32f4xx_hal_hcd.o
                0x000000000800276a                HAL_HCD_ResetPort
 .text.HAL_HCD_HC_GetURBState
                0x0000000008002786       0x28 ./Drivers/STM32F4xx_HAL_Driver/Src/stm32f4xx_hal_hcd.o
                0x0000000008002786                HAL_HCD_HC_GetURBState
 .text.HAL_HCD_HC_GetXferCount
                0x00000000080027ae       0x28 ./Drivers/STM32F4xx_HAL_Driver/Src/stm32f4xx_hal_hcd.o
                0x00000000080027ae                HAL_HCD_HC_GetXferCount
 .text.HAL_HCD_GetCurrentFrame
                0x00000000080027d6       0x1c ./Drivers/STM32F4xx_HAL_Driver/Src/stm32f4xx_hal_hcd.o
                0x00000000080027d6                HAL_HCD_GetCurrentFrame
 .text.HAL_HCD_GetCurrentSpeed
                0x00000000080027f2       0x1c ./Drivers/STM32F4xx_HAL_Driver/Src/stm32f4xx_hal_hcd.o
                0x00000000080027f2                HAL_HCD_GetCurrentSpeed
 .text.HCD_HC_IN_IRQHandler
                0x000000000800280e      0x6aa ./Drivers/STM32F4xx_HAL_Driver/Src/stm32f4xx_hal_hcd.o
 .text.HCD_HC_OUT_IRQHandler
                0x0000000008002eb8      0x6d2 ./Drivers/STM32F4xx_HAL_Driver/Src/stm32f4xx_hal_hcd.o
 .text.HCD_RXQLVL_IRQHandler
                0x000000000800358a      0x1a4 ./Drivers/STM32F4xx_HAL_Driver/Src/stm32f4xx_hal_hcd.o
 .text.HCD_Port_IRQHandler
                0x000000000800372e       0xe6 ./Drivers/STM32F4xx_HAL_Driver/Src/stm32f4xx_hal_hcd.o
 .text.HAL_I2C_Init
                0x0000000008003814      0x288 ./Drivers/STM32F4xx_HAL_Driver/Src/stm32f4xx_hal_i2c.o
                0x0000000008003814                HAL_I2C_Init
 .text.HAL_I2S_Init
                0x0000000008003a9c      0x280 ./Drivers/STM32F4xx_HAL_Driver/Src/stm32f4xx_hal_i2s.o
                0x0000000008003a9c                HAL_I2S_Init
 .text.HAL_I2S_TxCpltCallback
                0x0000000008003d1c       0x14 ./Drivers/STM32F4xx_HAL_Driver/Src/stm32f4xx_hal_i2s.o
                0x0000000008003d1c                HAL_I2S_TxCpltCallback
 .text.HAL_I2S_RxCpltCallback
                0x0000000008003d30       0x14 ./Drivers/STM32F4xx_HAL_Driver/Src/stm32f4xx_hal_i2s.o
                0x0000000008003d30                HAL_I2S_RxCpltCallback
 .text.HAL_I2S_ErrorCallback
                0x0000000008003d44       0x14 ./Drivers/STM32F4xx_HAL_Driver/Src/stm32f4xx_hal_i2s.o
                0x0000000008003d44                HAL_I2S_ErrorCallback
 .text.I2S_Transmit_IT
                0x0000000008003d58       0x5c ./Drivers/STM32F4xx_HAL_Driver/Src/stm32f4xx_hal_i2s.o
 .text.I2S_Receive_IT
                0x0000000008003db4       0x5e ./Drivers/STM32F4xx_HAL_Driver/Src/stm32f4xx_hal_i2s.o
 .text.I2S_IRQHandler
                0x0000000008003e12      0x114 ./Drivers/STM32F4xx_HAL_Driver/Src/stm32f4xx_hal_i2s.o
 *fill*         0x0000000008003f26        0x2 
 .text.HAL_I2SEx_FullDuplex_IRQHandler
                0x0000000008003f28      0x2a8 ./Drivers/STM32F4xx_HAL_Driver/Src/stm32f4xx_hal_i2s_ex.o
                0x0000000008003f28                HAL_I2SEx_FullDuplex_IRQHandler
 .text.HAL_I2SEx_TxRxCpltCallback
                0x00000000080041d0       0x14 ./Drivers/STM32F4xx_HAL_Driver/Src/stm32f4xx_hal_i2s_ex.o
                0x00000000080041d0                HAL_I2SEx_TxRxCpltCallback
 .text.I2SEx_TxISR_I2S
                0x00000000080041e4       0x62 ./Drivers/STM32F4xx_HAL_Driver/Src/stm32f4xx_hal_i2s_ex.o
 *fill*         0x0000000008004246        0x2 
 .text.I2SEx_TxISR_I2SExt
                0x0000000008004248       0x98 ./Drivers/STM32F4xx_HAL_Driver/Src/stm32f4xx_hal_i2s_ex.o
 .text.I2SEx_RxISR_I2S
                0x00000000080042e0       0x64 ./Drivers/STM32F4xx_HAL_Driver/Src/stm32f4xx_hal_i2s_ex.o
 .text.I2SEx_RxISR_I2SExt
                0x0000000008004344       0x98 ./Drivers/STM32F4xx_HAL_Driver/Src/stm32f4xx_hal_i2s_ex.o
 .text.HAL_RCC_OscConfig
                0x00000000080043dc      0x4f0 ./Drivers/STM32F4xx_HAL_Driver/Src/stm32f4xx_hal_rcc.o
                0x00000000080043dc                HAL_RCC_OscConfig
 .text.HAL_RCC_ClockConfig
                0x00000000080048cc      0x1cc ./Drivers/STM32F4xx_HAL_Driver/Src/stm32f4xx_hal_rcc.o
                0x00000000080048cc                HAL_RCC_ClockConfig
 .text.HAL_RCC_GetSysClockFreq
                0x0000000008004a98      0x20c ./Drivers/STM32F4xx_HAL_Driver/Src/stm32f4xx_hal_rcc.o
                0x0000000008004a98                HAL_RCC_GetSysClockFreq
 .text.HAL_RCC_GetHCLKFreq
                0x0000000008004ca4       0x18 ./Drivers/STM32F4xx_HAL_Driver/Src/stm32f4xx_hal_rcc.o
                0x0000000008004ca4                HAL_RCC_GetHCLKFreq
 .text.HAL_RCC_GetPCLK1Freq
                0x0000000008004cbc       0x28 ./Drivers/STM32F4xx_HAL_Driver/Src/stm32f4xx_hal_rcc.o
                0x0000000008004cbc                HAL_RCC_GetPCLK1Freq
 .text.HAL_RCCEx_PeriphCLKConfig
                0x0000000008004ce4      0x1c4 ./Drivers/STM32F4xx_HAL_Driver/Src/stm32f4xx_hal_rcc_ex.o
                0x0000000008004ce4                HAL_RCCEx_PeriphCLKConfig
 .text.HAL_RCCEx_GetPeriphCLKFreq
                0x0000000008004ea8       0xbc ./Drivers/STM32F4xx_HAL_Driver/Src/stm32f4xx_hal_rcc_ex.o
                0x0000000008004ea8                HAL_RCCEx_GetPeriphCLKFreq
 .text.HAL_SPI_Init
                0x0000000008004f64      0x112 ./Drivers/STM32F4xx_HAL_Driver/Src/stm32f4xx_hal_spi.o
                0x0000000008004f64                HAL_SPI_Init
 .text.HAL_SPI_Transmit
                0x0000000008005076      0x278 ./Drivers/STM32F4xx_HAL_Driver/Src/stm32f4xx_hal_spi.o
                0x0000000008005076                HAL_SPI_Transmit
 .text.HAL_SPI_Receive
                0x00000000080052ee      0x222 ./Drivers/STM32F4xx_HAL_Driver/Src/stm32f4xx_hal_spi.o
                0x00000000080052ee                HAL_SPI_Receive
 .text.HAL_SPI_TransmitReceive
                0x0000000008005510      0x344 ./Drivers/STM32F4xx_HAL_Driver/Src/stm32f4xx_hal_spi.o
                0x0000000008005510                HAL_SPI_TransmitReceive
 .text.SPI_WaitFlagStateUntilTimeout
                0x0000000008005854      0x110 ./Drivers/STM32F4xx_HAL_Driver/Src/stm32f4xx_hal_spi.o
 .text.SPI_EndRxTransaction
                0x0000000008005964       0xca ./Drivers/STM32F4xx_HAL_Driver/Src/stm32f4xx_hal_spi.o
 *fill*         0x0000000008005a2e        0x2 
 .text.SPI_EndRxTxTransaction
                0x0000000008005a30       0x84 ./Drivers/STM32F4xx_HAL_Driver/Src/stm32f4xx_hal_spi.o
 .text.USB_CoreInit
                0x0000000008005ab4       0xc2 ./Drivers/STM32F4xx_HAL_Driver/Src/stm32f4xx_ll_usb.o
                0x0000000008005ab4                USB_CoreInit
 .text.USB_EnableGlobalInt
                0x0000000008005b76       0x22 ./Drivers/STM32F4xx_HAL_Driver/Src/stm32f4xx_ll_usb.o
                0x0000000008005b76                USB_EnableGlobalInt
 .text.USB_DisableGlobalInt
                0x0000000008005b98       0x22 ./Drivers/STM32F4xx_HAL_Driver/Src/stm32f4xx_ll_usb.o
                0x0000000008005b98                USB_DisableGlobalInt
 .text.USB_SetCurrentMode
                0x0000000008005bba       0x98 ./Drivers/STM32F4xx_HAL_Driver/Src/stm32f4xx_ll_usb.o
                0x0000000008005bba                USB_SetCurrentMode
 *fill*         0x0000000008005c52        0x2 
 .text.USB_FlushTxFifo
                0x0000000008005c54       0x68 ./Drivers/STM32F4xx_HAL_Driver/Src/stm32f4xx_ll_usb.o
                0x0000000008005c54                USB_FlushTxFifo
 .text.USB_FlushRxFifo
                0x0000000008005cbc       0x60 ./Drivers/STM32F4xx_HAL_Driver/Src/stm32f4xx_ll_usb.o
                0x0000000008005cbc                USB_FlushRxFifo
 .text.USB_WritePacket
                0x0000000008005d1c       0x7c ./Drivers/STM32F4xx_HAL_Driver/Src/stm32f4xx_ll_usb.o
                0x0000000008005d1c                USB_WritePacket
 .text.USB_ReadPacket
                0x0000000008005d98       0xb0 ./Drivers/STM32F4xx_HAL_Driver/Src/stm32f4xx_ll_usb.o
                0x0000000008005d98                USB_ReadPacket
 .text.USB_ReadInterrupts
                0x0000000008005e48       0x26 ./Drivers/STM32F4xx_HAL_Driver/Src/stm32f4xx_ll_usb.o
                0x0000000008005e48                USB_ReadInterrupts
 .text.USB_GetMode
                0x0000000008005e6e       0x1c ./Drivers/STM32F4xx_HAL_Driver/Src/stm32f4xx_ll_usb.o
                0x0000000008005e6e                USB_GetMode
 *fill*         0x0000000008005e8a        0x2 
 .text.USB_CoreReset
                0x0000000008005e8c       0x68 ./Drivers/STM32F4xx_HAL_Driver/Src/stm32f4xx_ll_usb.o
 .text.USB_HostInit
                0x0000000008005ef4      0x180 ./Drivers/STM32F4xx_HAL_Driver/Src/stm32f4xx_ll_usb.o
                0x0000000008005ef4                USB_HostInit
 .text.USB_InitFSLSPClkSel
                0x0000000008006074       0x74 ./Drivers/STM32F4xx_HAL_Driver/Src/stm32f4xx_ll_usb.o
                0x0000000008006074                USB_InitFSLSPClkSel
 .text.USB_ResetPort
                0x00000000080060e8       0x54 ./Drivers/STM32F4xx_HAL_Driver/Src/stm32f4xx_ll_usb.o
                0x00000000080060e8                USB_ResetPort
 .text.USB_DriveVbus
                0x000000000800613c       0x72 ./Drivers/STM32F4xx_HAL_Driver/Src/stm32f4xx_ll_usb.o
                0x000000000800613c                USB_DriveVbus
 .text.USB_GetHostSpeed
                0x00000000080061ae       0x2e ./Drivers/STM32F4xx_HAL_Driver/Src/stm32f4xx_ll_usb.o
                0x00000000080061ae                USB_GetHostSpeed
 .text.USB_GetCurrentFrame
                0x00000000080061dc       0x22 ./Drivers/STM32F4xx_HAL_Driver/Src/stm32f4xx_ll_usb.o
                0x00000000080061dc                USB_GetCurrentFrame
 *fill*         0x00000000080061fe        0x2 
 .text.USB_HC_Init
                0x0000000008006200      0x244 ./Drivers/STM32F4xx_HAL_Driver/Src/stm32f4xx_ll_usb.o
                0x0000000008006200                USB_HC_Init
 .text.USB_HC_StartXfer
                0x0000000008006444      0x284 ./Drivers/STM32F4xx_HAL_Driver/Src/stm32f4xx_ll_usb.o
                0x0000000008006444                USB_HC_StartXfer
 .text.USB_HC_ReadInterrupt
                0x00000000080066c8       0x22 ./Drivers/STM32F4xx_HAL_Driver/Src/stm32f4xx_ll_usb.o
                0x00000000080066c8                USB_HC_ReadInterrupt
 .text.USB_HC_Halt
                0x00000000080066ea      0x1f8 ./Drivers/STM32F4xx_HAL_Driver/Src/stm32f4xx_ll_usb.o
                0x00000000080066ea                USB_HC_Halt
 *fill*         0x00000000080068e2        0x2 
 .text.USB_DoPing
                0x00000000080068e4       0x78 ./Drivers/STM32F4xx_HAL_Driver/Src/stm32f4xx_ll_usb.o
                0x00000000080068e4                USB_DoPing
 .text.USB_StopHost
                0x000000000800695c      0x124 ./Drivers/STM32F4xx_HAL_Driver/Src/stm32f4xx_ll_usb.o
                0x000000000800695c                USB_StopHost
 .text.MX_FATFS_Init
                0x0000000008006a80       0x24 ./FATFS/App/fatfs.o
                0x0000000008006a80                MX_FATFS_Init
 .text.USBH_initialize
                0x0000000008006aa4       0x18 ./FATFS/Target/usbh_diskio.o
                0x0000000008006aa4                USBH_initialize
 .text.USBH_status
                0x0000000008006abc       0x38 ./FATFS/Target/usbh_diskio.o
                0x0000000008006abc                USBH_status
 .text.USBH_read
                0x0000000008006af4       0x74 ./FATFS/Target/usbh_diskio.o
                0x0000000008006af4                USBH_read
 .text.USBH_write
                0x0000000008006b68       0x84 ./FATFS/Target/usbh_diskio.o
                0x0000000008006b68                USBH_write
 .text.USBH_ioctl
                0x0000000008006bec       0xd8 ./FATFS/Target/usbh_diskio.o
                0x0000000008006bec                USBH_ioctl
 .text.USBH_MSC_InterfaceInit
                0x0000000008006cc4      0x244 ./Middlewares/ST/STM32_USB_Host_Library/Class/MSC/Src/usbh_msc.o
 .text.USBH_MSC_InterfaceDeInit
                0x0000000008006f08       0x8c ./Middlewares/ST/STM32_USB_Host_Library/Class/MSC/Src/usbh_msc.o
 .text.USBH_MSC_ClassRequest
                0x0000000008006f94       0xce ./Middlewares/ST/STM32_USB_Host_Library/Class/MSC/Src/usbh_msc.o
 *fill*         0x0000000008007062        0x2 
 .text.USBH_MSC_Process
                0x0000000008007064      0x520 ./Middlewares/ST/STM32_USB_Host_Library/Class/MSC/Src/usbh_msc.o
 .text.USBH_MSC_SOFProcess
                0x0000000008007584       0x16 ./Middlewares/ST/STM32_USB_Host_Library/Class/MSC/Src/usbh_msc.o
 .text.USBH_MSC_RdWrProcess
                0x000000000800759a      0x19e ./Middlewares/ST/STM32_USB_Host_Library/Class/MSC/Src/usbh_msc.o
 .text.USBH_MSC_UnitIsReady
                0x0000000008007738       0x4c ./Middlewares/ST/STM32_USB_Host_Library/Class/MSC/Src/usbh_msc.o
                0x0000000008007738                USBH_MSC_UnitIsReady
 .text.USBH_MSC_GetLUNInfo
                0x0000000008007784       0x48 ./Middlewares/ST/STM32_USB_Host_Library/Class/MSC/Src/usbh_msc.o
                0x0000000008007784                USBH_MSC_GetLUNInfo
 .text.USBH_MSC_Read
                0x00000000080077cc       0xd2 ./Middlewares/ST/STM32_USB_Host_Library/Class/MSC/Src/usbh_msc.o
                0x00000000080077cc                USBH_MSC_Read
 .text.USBH_MSC_Write
                0x000000000800789e       0xd2 ./Middlewares/ST/STM32_USB_Host_Library/Class/MSC/Src/usbh_msc.o
                0x000000000800789e                USBH_MSC_Write
 .text.USBH_MSC_BOT_REQ_Reset
                0x0000000008007970       0x3a ./Middlewares/ST/STM32_USB_Host_Library/Class/MSC/Src/usbh_msc_bot.o
                0x0000000008007970                USBH_MSC_BOT_REQ_Reset
 .text.USBH_MSC_BOT_REQ_GetMaxLUN
                0x00000000080079aa       0x3c ./Middlewares/ST/STM32_USB_Host_Library/Class/MSC/Src/usbh_msc_bot.o
                0x00000000080079aa                USBH_MSC_BOT_REQ_GetMaxLUN
 *fill*         0x00000000080079e6        0x2 
 .text.USBH_MSC_BOT_Init
                0x00000000080079e8       0x44 ./Middlewares/ST/STM32_USB_Host_Library/Class/MSC/Src/usbh_msc_bot.o
                0x00000000080079e8                USBH_MSC_BOT_Init
 .text.USBH_MSC_BOT_Process
                0x0000000008007a2c      0x39c ./Middlewares/ST/STM32_USB_Host_Library/Class/MSC/Src/usbh_msc_bot.o
                0x0000000008007a2c                USBH_MSC_BOT_Process
 .text.USBH_MSC_BOT_Abort
                0x0000000008007dc8       0x58 ./Middlewares/ST/STM32_USB_Host_Library/Class/MSC/Src/usbh_msc_bot.o
 .text.USBH_MSC_DecodeCSW
                0x0000000008007e20       0x88 ./Middlewares/ST/STM32_USB_Host_Library/Class/MSC/Src/usbh_msc_bot.o
 .text.USBH_MSC_SCSI_TestUnitReady
                0x0000000008007ea8       0x86 ./Middlewares/ST/STM32_USB_Host_Library/Class/MSC/Src/usbh_msc_scsi.o
                0x0000000008007ea8                USBH_MSC_SCSI_TestUnitReady
 .text.USBH_MSC_SCSI_ReadCapacity
                0x0000000008007f2e       0xf6 ./Middlewares/ST/STM32_USB_Host_Library/Class/MSC/Src/usbh_msc_scsi.o
                0x0000000008007f2e                USBH_MSC_SCSI_ReadCapacity
 .text.USBH_MSC_SCSI_Inquiry
                0x0000000008008024      0x14a ./Middlewares/ST/STM32_USB_Host_Library/Class/MSC/Src/usbh_msc_scsi.o
                0x0000000008008024                USBH_MSC_SCSI_Inquiry
 .text.USBH_MSC_SCSI_RequestSense
                0x000000000800816e       0xf2 ./Middlewares/ST/STM32_USB_Host_Library/Class/MSC/Src/usbh_msc_scsi.o
                0x000000000800816e                USBH_MSC_SCSI_RequestSense
 .text.USBH_MSC_SCSI_Write
                0x0000000008008260       0xd6 ./Middlewares/ST/STM32_USB_Host_Library/Class/MSC/Src/usbh_msc_scsi.o
                0x0000000008008260                USBH_MSC_SCSI_Write
 .text.USBH_MSC_SCSI_Read
                0x0000000008008336       0xd6 ./Middlewares/ST/STM32_USB_Host_Library/Class/MSC/Src/usbh_msc_scsi.o
                0x0000000008008336                USBH_MSC_SCSI_Read
 .text.USBH_Init
                0x000000000800840c       0x74 ./Middlewares/ST/STM32_USB_Host_Library/Core/Src/usbh_core.o
                0x000000000800840c                USBH_Init
 .text.DeInitStateMachine
                0x0000000008008480       0xa8 ./Middlewares/ST/STM32_USB_Host_Library/Core/Src/usbh_core.o
 .text.USBH_RegisterClass
                0x0000000008008528       0x54 ./Middlewares/ST/STM32_USB_Host_Library/Core/Src/usbh_core.o
                0x0000000008008528                USBH_RegisterClass
 .text.USBH_SelectInterface
                0x000000000800857c       0x38 ./Middlewares/ST/STM32_USB_Host_Library/Core/Src/usbh_core.o
                0x000000000800857c                USBH_SelectInterface
 .text.USBH_FindInterface
                0x00000000080085b4       0x8c ./Middlewares/ST/STM32_USB_Host_Library/Core/Src/usbh_core.o
                0x00000000080085b4                USBH_FindInterface
 .text.USBH_Start
                0x0000000008008640       0x20 ./Middlewares/ST/STM32_USB_Host_Library/Core/Src/usbh_core.o
                0x0000000008008640                USBH_Start
 .text.USBH_Process
                0x0000000008008660      0x3d8 ./Middlewares/ST/STM32_USB_Host_Library/Core/Src/usbh_core.o
                0x0000000008008660                USBH_Process
 .text.USBH_HandleEnum
                0x0000000008008a38      0x3c8 ./Middlewares/ST/STM32_USB_Host_Library/Core/Src/usbh_core.o
 .text.USBH_LL_SetTimer
                0x0000000008008e00       0x1e ./Middlewares/ST/STM32_USB_Host_Library/Core/Src/usbh_core.o
                0x0000000008008e00                USBH_LL_SetTimer
 .text.USBH_LL_IncTimer
                0x0000000008008e1e       0x24 ./Middlewares/ST/STM32_USB_Host_Library/Core/Src/usbh_core.o
                0x0000000008008e1e                USBH_LL_IncTimer
 .text.USBH_HandleSof
                0x0000000008008e42       0x30 ./Middlewares/ST/STM32_USB_Host_Library/Core/Src/usbh_core.o
 .text.USBH_LL_PortEnabled
                0x0000000008008e72       0x1c ./Middlewares/ST/STM32_USB_Host_Library/Core/Src/usbh_core.o
                0x0000000008008e72                USBH_LL_PortEnabled
 .text.USBH_LL_PortDisabled
                0x0000000008008e8e       0x1c ./Middlewares/ST/STM32_USB_Host_Library/Core/Src/usbh_core.o
                0x0000000008008e8e                USBH_LL_PortDisabled
 .text.USBH_LL_Connect
                0x0000000008008eaa       0x2e ./Middlewares/ST/STM32_USB_Host_Library/Core/Src/usbh_core.o
                0x0000000008008eaa                USBH_LL_Connect
 .text.USBH_LL_Disconnect
                0x0000000008008ed8       0x48 ./Middlewares/ST/STM32_USB_Host_Library/Core/Src/usbh_core.o
                0x0000000008008ed8                USBH_LL_Disconnect
 .text.USBH_Get_DevDesc
                0x0000000008008f20       0x50 ./Middlewares/ST/STM32_USB_Host_Library/Core/Src/usbh_ctlreq.o
                0x0000000008008f20                USBH_Get_DevDesc
 .text.USBH_Get_CfgDesc
                0x0000000008008f70       0x48 ./Middlewares/ST/STM32_USB_Host_Library/Core/Src/usbh_ctlreq.o
                0x0000000008008f70                USBH_Get_CfgDesc
 .text.USBH_Get_StringDesc
                0x0000000008008fb8       0x56 ./Middlewares/ST/STM32_USB_Host_Library/Core/Src/usbh_ctlreq.o
                0x0000000008008fb8                USBH_Get_StringDesc
 .text.USBH_GetDescriptor
                0x000000000800900e       0x6a ./Middlewares/ST/STM32_USB_Host_Library/Core/Src/usbh_ctlreq.o
                0x000000000800900e                USBH_GetDescriptor
 .text.USBH_SetAddress
                0x0000000008009078       0x48 ./Middlewares/ST/STM32_USB_Host_Library/Core/Src/usbh_ctlreq.o
                0x0000000008009078                USBH_SetAddress
 .text.USBH_SetCfg
                0x00000000080090c0       0x46 ./Middlewares/ST/STM32_USB_Host_Library/Core/Src/usbh_ctlreq.o
                0x00000000080090c0                USBH_SetCfg
 .text.USBH_SetFeature
                0x0000000008009106       0x48 ./Middlewares/ST/STM32_USB_Host_Library/Core/Src/usbh_ctlreq.o
                0x0000000008009106                USBH_SetFeature
 .text.USBH_ClrFeature
                0x000000000800914e       0x48 ./Middlewares/ST/STM32_USB_Host_Library/Core/Src/usbh_ctlreq.o
                0x000000000800914e                USBH_ClrFeature
 .text.USBH_ParseDevDesc
                0x0000000008009196      0x122 ./Middlewares/ST/STM32_USB_Host_Library/Core/Src/usbh_ctlreq.o
 .text.USBH_ParseCfgDesc
                0x00000000080092b8      0x1ec ./Middlewares/ST/STM32_USB_Host_Library/Core/Src/usbh_ctlreq.o
 .text.USBH_ParseInterfaceDesc
                0x00000000080094a4       0x5e ./Middlewares/ST/STM32_USB_Host_Library/Core/Src/usbh_ctlreq.o
 .text.USBH_ParseEPDesc
                0x0000000008009502      0x14a ./Middlewares/ST/STM32_USB_Host_Library/Core/Src/usbh_ctlreq.o
 .text.USBH_ParseStringDesc
                0x000000000800964c       0x66 ./Middlewares/ST/STM32_USB_Host_Library/Core/Src/usbh_ctlreq.o
 .text.USBH_GetNextDesc
                0x00000000080096b2       0x36 ./Middlewares/ST/STM32_USB_Host_Library/Core/Src/usbh_ctlreq.o
                0x00000000080096b2                USBH_GetNextDesc
 .text.USBH_CtlReq
                0x00000000080096e8       0x7a ./Middlewares/ST/STM32_USB_Host_Library/Core/Src/usbh_ctlreq.o
                0x00000000080096e8                USBH_CtlReq
 *fill*         0x0000000008009762        0x2 
 .text.USBH_HandleControl
                0x0000000008009764      0x2e8 ./Middlewares/ST/STM32_USB_Host_Library/Core/Src/usbh_ctlreq.o
 .text.USBH_CtlSendSetup
                0x0000000008009a4c       0x34 ./Middlewares/ST/STM32_USB_Host_Library/Core/Src/usbh_ioreq.o
                0x0000000008009a4c                USBH_CtlSendSetup
 .text.USBH_CtlSendData
                0x0000000008009a80       0x4a ./Middlewares/ST/STM32_USB_Host_Library/Core/Src/usbh_ioreq.o
                0x0000000008009a80                USBH_CtlSendData
 .text.USBH_CtlReceiveData
                0x0000000008009aca       0x3c ./Middlewares/ST/STM32_USB_Host_Library/Core/Src/usbh_ioreq.o
                0x0000000008009aca                USBH_CtlReceiveData
 .text.USBH_BulkSendData
                0x0000000008009b06       0x4a ./Middlewares/ST/STM32_USB_Host_Library/Core/Src/usbh_ioreq.o
                0x0000000008009b06                USBH_BulkSendData
 .text.USBH_BulkReceiveData
                0x0000000008009b50       0x3c ./Middlewares/ST/STM32_USB_Host_Library/Core/Src/usbh_ioreq.o
                0x0000000008009b50                USBH_BulkReceiveData
 .text.USBH_OpenPipe
                0x0000000008009b8c       0x3e ./Middlewares/ST/STM32_USB_Host_Library/Core/Src/usbh_pipes.o
                0x0000000008009b8c                USBH_OpenPipe
 .text.USBH_ClosePipe
                0x0000000008009bca       0x20 ./Middlewares/ST/STM32_USB_Host_Library/Core/Src/usbh_pipes.o
                0x0000000008009bca                USBH_ClosePipe
 .text.USBH_AllocPipe
                0x0000000008009bea       0x42 ./Middlewares/ST/STM32_USB_Host_Library/Core/Src/usbh_pipes.o
                0x0000000008009bea                USBH_AllocPipe
 .text.USBH_FreePipe
                0x0000000008009c2c       0x3c ./Middlewares/ST/STM32_USB_Host_Library/Core/Src/usbh_pipes.o
                0x0000000008009c2c                USBH_FreePipe
 .text.USBH_GetFreePipe
                0x0000000008009c68       0x48 ./Middlewares/ST/STM32_USB_Host_Library/Core/Src/usbh_pipes.o
 .text.FATFS_LinkDriverEx
                0x0000000008009cb0       0x98 ./Middlewares/Third_Party/FatFs/src/ff_gen_drv.o
                0x0000000008009cb0                FATFS_LinkDriverEx
 .text.FATFS_LinkDriver
                0x0000000008009d48       0x1e ./Middlewares/Third_Party/FatFs/src/ff_gen_drv.o
                0x0000000008009d48                FATFS_LinkDriver
 *fill*         0x0000000008009d66        0x2 
 .text.MX_USB_HOST_Init
                0x0000000008009d68       0x4c ./USB_HOST/App/usb_host.o
                0x0000000008009d68                MX_USB_HOST_Init
 .text.MX_USB_HOST_Process
                0x0000000008009db4       0x14 ./USB_HOST/App/usb_host.o
                0x0000000008009db4                MX_USB_HOST_Process
 .text.USBH_UserProcess
                0x0000000008009dc8       0x5c ./USB_HOST/App/usb_host.o
 .text.HAL_HCD_MspInit
                0x0000000008009e24       0xe4 ./USB_HOST/Target/usbh_conf.o
                0x0000000008009e24                HAL_HCD_MspInit
 .text.HAL_HCD_SOF_Callback
                0x0000000008009f08       0x1c ./USB_HOST/Target/usbh_conf.o
                0x0000000008009f08                HAL_HCD_SOF_Callback
 .text.HAL_HCD_Connect_Callback
                0x0000000008009f24       0x1c ./USB_HOST/Target/usbh_conf.o
                0x0000000008009f24                HAL_HCD_Connect_Callback
 .text.HAL_HCD_Disconnect_Callback
                0x0000000008009f40       0x1c ./USB_HOST/Target/usbh_conf.o
                0x0000000008009f40                HAL_HCD_Disconnect_Callback
 .text.HAL_HCD_HC_NotifyURBChange_Callback
                0x0000000008009f5c       0x1c ./USB_HOST/Target/usbh_conf.o
                0x0000000008009f5c                HAL_HCD_HC_NotifyURBChange_Callback
 .text.HAL_HCD_PortEnabled_Callback
                0x0000000008009f78       0x1c ./USB_HOST/Target/usbh_conf.o
                0x0000000008009f78                HAL_HCD_PortEnabled_Callback
 .text.HAL_HCD_PortDisabled_Callback
                0x0000000008009f94       0x1c ./USB_HOST/Target/usbh_conf.o
                0x0000000008009f94                HAL_HCD_PortDisabled_Callback
 .text.USBH_LL_Init
                0x0000000008009fb0       0x78 ./USB_HOST/Target/usbh_conf.o
                0x0000000008009fb0                USBH_LL_Init
 .text.USBH_LL_Start
                0x000000000800a028       0x36 ./USB_HOST/Target/usbh_conf.o
                0x000000000800a028                USBH_LL_Start
 .text.USBH_LL_Stop
                0x000000000800a05e       0x36 ./USB_HOST/Target/usbh_conf.o
                0x000000000800a05e                USBH_LL_Stop
 .text.USBH_LL_GetSpeed
                0x000000000800a094       0x4e ./USB_HOST/Target/usbh_conf.o
                0x000000000800a094                USBH_LL_GetSpeed
 .text.USBH_LL_ResetPort
                0x000000000800a0e2       0x36 ./USB_HOST/Target/usbh_conf.o
                0x000000000800a0e2                USBH_LL_ResetPort
 .text.USBH_LL_GetLastXferSize
                0x000000000800a118       0x26 ./USB_HOST/Target/usbh_conf.o
                0x000000000800a118                USBH_LL_GetLastXferSize
 .text.USBH_LL_OpenPipe
                0x000000000800a13e       0x5e ./USB_HOST/Target/usbh_conf.o
                0x000000000800a13e                USBH_LL_OpenPipe
 .text.USBH_LL_ClosePipe
                0x000000000800a19c       0x3e ./USB_HOST/Target/usbh_conf.o
                0x000000000800a19c                USBH_LL_ClosePipe
 .text.USBH_LL_SubmitURB
                0x000000000800a1da       0x62 ./USB_HOST/Target/usbh_conf.o
                0x000000000800a1da                USBH_LL_SubmitURB
 .text.USBH_LL_GetURBState
                0x000000000800a23c       0x26 ./USB_HOST/Target/usbh_conf.o
                0x000000000800a23c                USBH_LL_GetURBState
 .text.USBH_LL_DriverVBUS
                0x000000000800a262       0x2e ./USB_HOST/Target/usbh_conf.o
                0x000000000800a262                USBH_LL_DriverVBUS
 .text.USBH_LL_SetToggle
                0x000000000800a290       0x60 ./USB_HOST/Target/usbh_conf.o
                0x000000000800a290                USBH_LL_SetToggle
 .text.USBH_LL_GetToggle
                0x000000000800a2f0       0x60 ./USB_HOST/Target/usbh_conf.o
                0x000000000800a2f0                USBH_LL_GetToggle
 .text.USBH_Delay
                0x000000000800a350       0x16 ./USB_HOST/Target/usbh_conf.o
                0x000000000800a350                USBH_Delay
 *fill*         0x000000000800a366        0x2 
 .text.USBH_Get_USB_Status
                0x000000000800a368       0x58 ./USB_HOST/Target/usbh_conf.o
                0x000000000800a368                USBH_Get_USB_Status
 .text.MX_DriverVbusFS
                0x000000000800a3c0       0x38 ./USB_HOST/Target/usbh_platform.o
                0x000000000800a3c0                MX_DriverVbusFS
 .text.__errno  0x000000000800a3f8        0xc c:/st/stm32cubeide_1.9.0/stm32cubeide/plugins/com.st.stm32cube.ide.mcu.externaltools.gnu-tools-for-stm32.10.3-2021.10.win32_1.0.0.202111181127/tools/bin/../lib/gcc/arm-none-eabi/10.3.1/../../../../arm-none-eabi/lib/thumb/v7e-m+fp/hard\libc_nano.a(lib_a-errno.o)
                0x000000000800a3f8                __errno
 .text.__libc_init_array
                0x000000000800a404       0x48 c:/st/stm32cubeide_1.9.0/stm32cubeide/plugins/com.st.stm32cube.ide.mcu.externaltools.gnu-tools-for-stm32.10.3-2021.10.win32_1.0.0.202111181127/tools/bin/../lib/gcc/arm-none-eabi/10.3.1/../../../../arm-none-eabi/lib/thumb/v7e-m+fp/hard\libc_nano.a(lib_a-init.o)
                0x000000000800a404                __libc_init_array
 .text.malloc   0x000000000800a44c       0x10 c:/st/stm32cubeide_1.9.0/stm32cubeide/plugins/com.st.stm32cube.ide.mcu.externaltools.gnu-tools-for-stm32.10.3-2021.10.win32_1.0.0.202111181127/tools/bin/../lib/gcc/arm-none-eabi/10.3.1/../../../../arm-none-eabi/lib/thumb/v7e-m+fp/hard\libc_nano.a(lib_a-malloc.o)
                0x000000000800a44c                malloc
 .text.free     0x000000000800a45c       0x10 c:/st/stm32cubeide_1.9.0/stm32cubeide/plugins/com.st.stm32cube.ide.mcu.externaltools.gnu-tools-for-stm32.10.3-2021.10.win32_1.0.0.202111181127/tools/bin/../lib/gcc/arm-none-eabi/10.3.1/../../../../arm-none-eabi/lib/thumb/v7e-m+fp/hard\libc_nano.a(lib_a-malloc.o)
                0x000000000800a45c                free
 .text.memcpy   0x000000000800a46c       0x1c c:/st/stm32cubeide_1.9.0/stm32cubeide/plugins/com.st.stm32cube.ide.mcu.externaltools.gnu-tools-for-stm32.10.3-2021.10.win32_1.0.0.202111181127/tools/bin/../lib/gcc/arm-none-eabi/10.3.1/../../../../arm-none-eabi/lib/thumb/v7e-m+fp/hard\libc_nano.a(lib_a-memcpy-stub.o)
                0x000000000800a46c                memcpy
 .text.memset   0x000000000800a488       0x10 c:/st/stm32cubeide_1.9.0/stm32cubeide/plugins/com.st.stm32cube.ide.mcu.externaltools.gnu-tools-for-stm32.10.3-2021.10.win32_1.0.0.202111181127/tools/bin/../lib/gcc/arm-none-eabi/10.3.1/../../../../arm-none-eabi/lib/thumb/v7e-m+fp/hard\libc_nano.a(lib_a-memset.o)
                0x000000000800a488                memset
 .text._free_r  0x000000000800a498       0x98 c:/st/stm32cubeide_1.9.0/stm32cubeide/plugins/com.st.stm32cube.ide.mcu.externaltools.gnu-tools-for-stm32.10.3-2021.10.win32_1.0.0.202111181127/tools/bin/../lib/gcc/arm-none-eabi/10.3.1/../../../../arm-none-eabi/lib/thumb/v7e-m+fp/hard\libc_nano.a(lib_a-nano-freer.o)
                0x000000000800a498                _free_r
 .text.sbrk_aligned
                0x000000000800a530       0x40 c:/st/stm32cubeide_1.9.0/stm32cubeide/plugins/com.st.stm32cube.ide.mcu.externaltools.gnu-tools-for-stm32.10.3-2021.10.win32_1.0.0.202111181127/tools/bin/../lib/gcc/arm-none-eabi/10.3.1/../../../../arm-none-eabi/lib/thumb/v7e-m+fp/hard\libc_nano.a(lib_a-nano-mallocr.o)
 .text._malloc_r
                0x000000000800a570       0xe8 c:/st/stm32cubeide_1.9.0/stm32cubeide/plugins/com.st.stm32cube.ide.mcu.externaltools.gnu-tools-for-stm32.10.3-2021.10.win32_1.0.0.202111181127/tools/bin/../lib/gcc/arm-none-eabi/10.3.1/../../../../arm-none-eabi/lib/thumb/v7e-m+fp/hard\libc_nano.a(lib_a-nano-mallocr.o)
                0x000000000800a570                _malloc_r
 .text._sbrk_r  0x000000000800a658       0x20 c:/st/stm32cubeide_1.9.0/stm32cubeide/plugins/com.st.stm32cube.ide.mcu.externaltools.gnu-tools-for-stm32.10.3-2021.10.win32_1.0.0.202111181127/tools/bin/../lib/gcc/arm-none-eabi/10.3.1/../../../../arm-none-eabi/lib/thumb/v7e-m+fp/hard\libc_nano.a(lib_a-sbrkr.o)
                0x000000000800a658                _sbrk_r
 .text.__malloc_lock
                0x000000000800a678        0xc c:/st/stm32cubeide_1.9.0/stm32cubeide/plugins/com.st.stm32cube.ide.mcu.externaltools.gnu-tools-for-stm32.10.3-2021.10.win32_1.0.0.202111181127/tools/bin/../lib/gcc/arm-none-eabi/10.3.1/../../../../arm-none-eabi/lib/thumb/v7e-m+fp/hard\libc_nano.a(lib_a-mlock.o)
                0x000000000800a678                __malloc_lock
 .text.__malloc_unlock
                0x000000000800a684        0xc c:/st/stm32cubeide_1.9.0/stm32cubeide/plugins/com.st.stm32cube.ide.mcu.externaltools.gnu-tools-for-stm32.10.3-2021.10.win32_1.0.0.202111181127/tools/bin/../lib/gcc/arm-none-eabi/10.3.1/../../../../arm-none-eabi/lib/thumb/v7e-m+fp/hard\libc_nano.a(lib_a-mlock.o)
                0x000000000800a684                __malloc_unlock
 .text.__retarget_lock_acquire_recursive
                0x000000000800a690        0x2 c:/st/stm32cubeide_1.9.0/stm32cubeide/plugins/com.st.stm32cube.ide.mcu.externaltools.gnu-tools-for-stm32.10.3-2021.10.win32_1.0.0.202111181127/tools/bin/../lib/gcc/arm-none-eabi/10.3.1/../../../../arm-none-eabi/lib/thumb/v7e-m+fp/hard\libc_nano.a(lib_a-lock.o)
                0x000000000800a690                __retarget_lock_acquire_recursive
 .text.__retarget_lock_release_recursive
                0x000000000800a692        0x2 c:/st/stm32cubeide_1.9.0/stm32cubeide/plugins/com.st.stm32cube.ide.mcu.externaltools.gnu-tools-for-stm32.10.3-2021.10.win32_1.0.0.202111181127/tools/bin/../lib/gcc/arm-none-eabi/10.3.1/../../../../arm-none-eabi/lib/thumb/v7e-m+fp/hard\libc_nano.a(lib_a-lock.o)
                0x000000000800a692                __retarget_lock_release_recursive
 *(.glue_7)
 .glue_7        0x000000000800a694        0x0 linker stubs
 *(.glue_7t)
 .glue_7t       0x000000000800a694        0x0 linker stubs
 *(.eh_frame)
 .eh_frame      0x000000000800a694        0x0 c:/st/stm32cubeide_1.9.0/stm32cubeide/plugins/com.st.stm32cube.ide.mcu.externaltools.gnu-tools-for-stm32.10.3-2021.10.win32_1.0.0.202111181127/tools/bin/../lib/gcc/arm-none-eabi/10.3.1/thumb/v7e-m+fp/hard/crtbegin.o
 *(.init)
 .init          0x000000000800a694        0x4 c:/st/stm32cubeide_1.9.0/stm32cubeide/plugins/com.st.stm32cube.ide.mcu.externaltools.gnu-tools-for-stm32.10.3-2021.10.win32_1.0.0.202111181127/tools/bin/../lib/gcc/arm-none-eabi/10.3.1/thumb/v7e-m+fp/hard/crti.o
                0x000000000800a694                _init
 .init          0x000000000800a698        0x8 c:/st/stm32cubeide_1.9.0/stm32cubeide/plugins/com.st.stm32cube.ide.mcu.externaltools.gnu-tools-for-stm32.10.3-2021.10.win32_1.0.0.202111181127/tools/bin/../lib/gcc/arm-none-eabi/10.3.1/thumb/v7e-m+fp/hard/crtn.o
 *(.fini)
 .fini          0x000000000800a6a0        0x4 c:/st/stm32cubeide_1.9.0/stm32cubeide/plugins/com.st.stm32cube.ide.mcu.externaltools.gnu-tools-for-stm32.10.3-2021.10.win32_1.0.0.202111181127/tools/bin/../lib/gcc/arm-none-eabi/10.3.1/thumb/v7e-m+fp/hard/crti.o
                0x000000000800a6a0                _fini
 .fini          0x000000000800a6a4        0x8 c:/st/stm32cubeide_1.9.0/stm32cubeide/plugins/com.st.stm32cube.ide.mcu.externaltools.gnu-tools-for-stm32.10.3-2021.10.win32_1.0.0.202111181127/tools/bin/../lib/gcc/arm-none-eabi/10.3.1/thumb/v7e-m+fp/hard/crtn.o
                0x000000000800a6ac                . = ALIGN (0x4)
                0x000000000800a6ac                _etext = .

.vfp11_veneer   0x000000000800a6ac        0x0
 .vfp11_veneer  0x000000000800a6ac        0x0 linker stubs

.v4_bx          0x000000000800a6ac        0x0
 .v4_bx         0x000000000800a6ac        0x0 linker stubs

.iplt           0x000000000800a6ac        0x0
 .iplt          0x000000000800a6ac        0x0 c:/st/stm32cubeide_1.9.0/stm32cubeide/plugins/com.st.stm32cube.ide.mcu.externaltools.gnu-tools-for-stm32.10.3-2021.10.win32_1.0.0.202111181127/tools/bin/../lib/gcc/arm-none-eabi/10.3.1/thumb/v7e-m+fp/hard/crtbegin.o

.rodata         0x000000000800a6ac       0x38
                0x000000000800a6ac                . = ALIGN (0x4)
 *(.rodata)
 .rodata        0x000000000800a6ac        0x4 ./Middlewares/ST/STM32_USB_Host_Library/Class/MSC/Src/usbh_msc.o
 *(.rodata*)
 .rodata.AHBPrescTable
                0x000000000800a6b0       0x10 ./Core/Src/system_stm32f4xx.o
                0x000000000800a6b0                AHBPrescTable
 .rodata.APBPrescTable
                0x000000000800a6c0        0x8 ./Core/Src/system_stm32f4xx.o
                0x000000000800a6c0                APBPrescTable
 .rodata.flagBitshiftOffset.0
                0x000000000800a6c8        0x8 ./Drivers/STM32F4xx_HAL_Driver/Src/stm32f4xx_hal_dma.o
 .rodata.USBH_Driver
                0x000000000800a6d0       0x14 ./FATFS/Target/usbh_diskio.o
                0x000000000800a6d0                USBH_Driver
                0x000000000800a6e4                . = ALIGN (0x4)

.ARM.extab      0x000000000800a6e4        0x0
                0x000000000800a6e4                . = ALIGN (0x4)
 *(.ARM.extab* .gnu.linkonce.armextab.*)
                0x000000000800a6e4                . = ALIGN (0x4)

.ARM            0x000000000800a6e4        0x8
                0x000000000800a6e4                . = ALIGN (0x4)
                0x000000000800a6e4                __exidx_start = .
 *(.ARM.exidx*)
 .ARM.exidx     0x000000000800a6e4        0x8 c:/st/stm32cubeide_1.9.0/stm32cubeide/plugins/com.st.stm32cube.ide.mcu.externaltools.gnu-tools-for-stm32.10.3-2021.10.win32_1.0.0.202111181127/tools/bin/../lib/gcc/arm-none-eabi/10.3.1/thumb/v7e-m+fp/hard\libgcc.a(_udivmoddi4.o)
                0x000000000800a6ec                __exidx_end = .
                0x000000000800a6ec                . = ALIGN (0x4)

.rel.dyn        0x000000000800a6ec        0x0
 .rel.iplt      0x000000000800a6ec        0x0 c:/st/stm32cubeide_1.9.0/stm32cubeide/plugins/com.st.stm32cube.ide.mcu.externaltools.gnu-tools-for-stm32.10.3-2021.10.win32_1.0.0.202111181127/tools/bin/../lib/gcc/arm-none-eabi/10.3.1/thumb/v7e-m+fp/hard/crtbegin.o

.preinit_array  0x000000000800a6ec        0x0
                0x000000000800a6ec                . = ALIGN (0x4)
                0x000000000800a6ec                PROVIDE (__preinit_array_start = .)
 *(.preinit_array*)
                0x000000000800a6ec                PROVIDE (__preinit_array_end = .)
                0x000000000800a6ec                . = ALIGN (0x4)

.init_array     0x000000000800a6ec        0x4
                0x000000000800a6ec                . = ALIGN (0x4)
                0x000000000800a6ec                PROVIDE (__init_array_start = .)
 *(SORT_BY_NAME(.init_array.*))
 *(.init_array*)
 .init_array    0x000000000800a6ec        0x4 c:/st/stm32cubeide_1.9.0/stm32cubeide/plugins/com.st.stm32cube.ide.mcu.externaltools.gnu-tools-for-stm32.10.3-2021.10.win32_1.0.0.202111181127/tools/bin/../lib/gcc/arm-none-eabi/10.3.1/thumb/v7e-m+fp/hard/crtbegin.o
                0x000000000800a6f0                PROVIDE (__init_array_end = .)
                0x000000000800a6f0                . = ALIGN (0x4)

.fini_array     0x000000000800a6f0        0x4
                0x000000000800a6f0                . = ALIGN (0x4)
                [!provide]                        PROVIDE (__fini_array_start = .)
 *(SORT_BY_NAME(.fini_array.*))
 *(.fini_array*)
 .fini_array    0x000000000800a6f0        0x4 c:/st/stm32cubeide_1.9.0/stm32cubeide/plugins/com.st.stm32cube.ide.mcu.externaltools.gnu-tools-for-stm32.10.3-2021.10.win32_1.0.0.202111181127/tools/bin/../lib/gcc/arm-none-eabi/10.3.1/thumb/v7e-m+fp/hard/crtbegin.o
                [!provide]                        PROVIDE (__fini_array_end = .)
                0x000000000800a6f4                . = ALIGN (0x4)
                0x000000000800a6f4                _sidata = LOADADDR (.data)

.data           0x0000000020000000       0x94 load address 0x000000000800a6f4
                0x0000000020000000                . = ALIGN (0x4)
                0x0000000020000000                _sdata = .
 *(.data)
 *(.data*)
 .data.lis3dsh_Sensitivity
                0x0000000020000000        0x4 ./Core/Src/MY_LIS3DSH.o
 .data.SystemCoreClock
                0x0000000020000004        0x4 ./Core/Src/system_stm32f4xx.o
                0x0000000020000004                SystemCoreClock
 .data.uwTickPrio
                0x0000000020000008        0x4 ./Drivers/STM32F4xx_HAL_Driver/Src/stm32f4xx_hal.o
                0x0000000020000008                uwTickPrio
 .data.uwTickFreq
                0x000000002000000c        0x1 ./Drivers/STM32F4xx_HAL_Driver/Src/stm32f4xx_hal.o
                0x000000002000000c                uwTickFreq
 *fill*         0x000000002000000d        0x3 
 .data.USBH_msc
                0x0000000020000010       0x20 ./Middlewares/ST/STM32_USB_Host_Library/Class/MSC/Src/usbh_msc.o
                0x0000000020000010                USBH_msc
 .data._impure_ptr
                0x0000000020000030        0x4 c:/st/stm32cubeide_1.9.0/stm32cubeide/plugins/com.st.stm32cube.ide.mcu.externaltools.gnu-tools-for-stm32.10.3-2021.10.win32_1.0.0.202111181127/tools/bin/../lib/gcc/arm-none-eabi/10.3.1/../../../../arm-none-eabi/lib/thumb/v7e-m+fp/hard\libc_nano.a(lib_a-impure.o)
                0x0000000020000030                _impure_ptr
 .data.impure_data
                0x0000000020000034       0x60 c:/st/stm32cubeide_1.9.0/stm32cubeide/plugins/com.st.stm32cube.ide.mcu.externaltools.gnu-tools-for-stm32.10.3-2021.10.win32_1.0.0.202111181127/tools/bin/../lib/gcc/arm-none-eabi/10.3.1/../../../../arm-none-eabi/lib/thumb/v7e-m+fp/hard\libc_nano.a(lib_a-impure.o)
 *(.RamFunc)
 *(.RamFunc*)
                0x0000000020000094                . = ALIGN (0x4)
                0x0000000020000094                _edata = .
                0x000000000800a788                _siccmram = LOADADDR (.ccmram)

.igot.plt       0x0000000020000094        0x0 load address 0x000000000800a788
 .igot.plt      0x0000000020000094        0x0 c:/st/stm32cubeide_1.9.0/stm32cubeide/plugins/com.st.stm32cube.ide.mcu.externaltools.gnu-tools-for-stm32.10.3-2021.10.win32_1.0.0.202111181127/tools/bin/../lib/gcc/arm-none-eabi/10.3.1/thumb/v7e-m+fp/hard/crtbegin.o

.ccmram         0x0000000010000000        0x0 load address 0x000000000800a788
                0x0000000010000000                . = ALIGN (0x4)
                0x0000000010000000                _sccmram = .
 *(.ccmram)
 *(.ccmram*)
                0x0000000010000000                . = ALIGN (0x4)
                0x0000000010000000                _eccmram = .
                0x0000000010000000                . = ALIGN (0x4)

.bss            0x0000000020000094      0x8f0
                0x0000000020000094                _sbss = .
                0x0000000020000094                __bss_start__ = _sbss
 *(.bss)
 .bss           0x0000000020000094       0x1c c:/st/stm32cubeide_1.9.0/stm32cubeide/plugins/com.st.stm32cube.ide.mcu.externaltools.gnu-tools-for-stm32.10.3-2021.10.win32_1.0.0.202111181127/tools/bin/../lib/gcc/arm-none-eabi/10.3.1/thumb/v7e-m+fp/hard/crtbegin.o
 *(.bss*)
 .bss.accSPI_Handle
                0x00000000200000b0       0x58 ./Core/Src/MY_LIS3DSH.o
 .bss.hi2c1     0x0000000020000108       0x54 ./Core/Src/i2c.o
                0x0000000020000108                hi2c1
 .bss.hi2s3     0x000000002000015c       0x48 ./Core/Src/i2s.o
                0x000000002000015c                hi2s3
 .bss.hdma_spi3_tx
                0x00000000200001a4       0x60 ./Core/Src/i2s.o
                0x00000000200001a4                hdma_spi3_tx
 .bss.myData    0x0000000020000204        0x6 ./Core/Src/main.o
                0x0000000020000204                myData
 *fill*         0x000000002000020a        0x2 
 .bss.tiltedLeft
                0x000000002000020c        0x4 ./Core/Src/main.o
                0x000000002000020c                tiltedLeft
 .bss.tiltedRight
                0x0000000020000210        0x4 ./Core/Src/main.o
                0x0000000020000210                tiltedRight
 .bss.tiltedForward
                0x0000000020000214        0x4 ./Core/Src/main.o
                0x0000000020000214                tiltedForward
 .bss.tiltedBack
                0x0000000020000218        0x4 ./Core/Src/main.o
                0x0000000020000218                tiltedBack
 .bss.isFinished
                0x000000002000021c        0x4 ./Core/Src/main.o
                0x000000002000021c                isFinished
 .bss.hspi1     0x0000000020000220       0x58 ./Core/Src/spi.o
                0x0000000020000220                hspi1
 .bss.__sbrk_heap_end
                0x0000000020000278        0x4 ./Core/Src/sysmem.o
 .bss.uwTick    0x000000002000027c        0x4 ./Drivers/STM32F4xx_HAL_Driver/Src/stm32f4xx_hal.o
                0x000000002000027c                uwTick
 .bss.retUSBH   0x0000000020000280        0x1 ./FATFS/App/fatfs.o
                0x0000000020000280                retUSBH
 *fill*         0x0000000020000281        0x3 
 .bss.USBHPath  0x0000000020000284        0x4 ./FATFS/App/fatfs.o
                0x0000000020000284                USBHPath
 .bss.disk      0x0000000020000288        0xc ./Middlewares/Third_Party/FatFs/src/ff_gen_drv.o
                0x0000000020000288                disk
 .bss.hUsbHostFS
                0x0000000020000294      0x3d8 ./USB_HOST/App/usb_host.o
                0x0000000020000294                hUsbHostFS
 .bss.Appli_state
                0x000000002000066c        0x1 ./USB_HOST/App/usb_host.o
                0x000000002000066c                Appli_state
 *fill*         0x000000002000066d        0x3 
 .bss.hhcd_USB_OTG_FS
                0x0000000020000670      0x304 ./USB_HOST/Target/usbh_conf.o
                0x0000000020000670                hhcd_USB_OTG_FS
 .bss.__malloc_free_list
                0x0000000020000974        0x4 c:/st/stm32cubeide_1.9.0/stm32cubeide/plugins/com.st.stm32cube.ide.mcu.externaltools.gnu-tools-for-stm32.10.3-2021.10.win32_1.0.0.202111181127/tools/bin/../lib/gcc/arm-none-eabi/10.3.1/../../../../arm-none-eabi/lib/thumb/v7e-m+fp/hard\libc_nano.a(lib_a-nano-mallocr.o)
                0x0000000020000974                __malloc_free_list
 .bss.__malloc_sbrk_start
                0x0000000020000978        0x4 c:/st/stm32cubeide_1.9.0/stm32cubeide/plugins/com.st.stm32cube.ide.mcu.externaltools.gnu-tools-for-stm32.10.3-2021.10.win32_1.0.0.202111181127/tools/bin/../lib/gcc/arm-none-eabi/10.3.1/../../../../arm-none-eabi/lib/thumb/v7e-m+fp/hard\libc_nano.a(lib_a-nano-mallocr.o)
                0x0000000020000978                __malloc_sbrk_start
 .bss.errno     0x000000002000097c        0x4 c:/st/stm32cubeide_1.9.0/stm32cubeide/plugins/com.st.stm32cube.ide.mcu.externaltools.gnu-tools-for-stm32.10.3-2021.10.win32_1.0.0.202111181127/tools/bin/../lib/gcc/arm-none-eabi/10.3.1/../../../../arm-none-eabi/lib/thumb/v7e-m+fp/hard\libc_nano.a(lib_a-reent.o)
                0x000000002000097c                errno
 .bss.__lock___malloc_recursive_mutex
                0x0000000020000980        0x1 c:/st/stm32cubeide_1.9.0/stm32cubeide/plugins/com.st.stm32cube.ide.mcu.externaltools.gnu-tools-for-stm32.10.3-2021.10.win32_1.0.0.202111181127/tools/bin/../lib/gcc/arm-none-eabi/10.3.1/../../../../arm-none-eabi/lib/thumb/v7e-m+fp/hard\libc_nano.a(lib_a-lock.o)
                0x0000000020000980                __lock___malloc_recursive_mutex
 *(COMMON)
                0x0000000020000984                . = ALIGN (0x4)
 *fill*         0x0000000020000981        0x3 
                0x0000000020000984                _ebss = .
                0x0000000020000984                __bss_end__ = _ebss

._user_heap_stack
                0x0000000020000984      0x604
                0x0000000020000988                . = ALIGN (0x8)
 *fill*         0x0000000020000984        0x4 
                [!provide]                        PROVIDE (end = .)
                0x0000000020000988                PROVIDE (_end = .)
                0x0000000020000b88                . = (. + _Min_Heap_Size)
 *fill*         0x0000000020000988      0x200 
                0x0000000020000f88                . = (. + _Min_Stack_Size)
 *fill*         0x0000000020000b88      0x400 
                0x0000000020000f88                . = ALIGN (0x8)

/DISCARD/
 libc.a(*)
 libm.a(*)
 libgcc.a(*)

.ARM.attributes
                0x0000000000000000       0x30
 *(.ARM.attributes)
 .ARM.attributes
                0x0000000000000000       0x1e c:/st/stm32cubeide_1.9.0/stm32cubeide/plugins/com.st.stm32cube.ide.mcu.externaltools.gnu-tools-for-stm32.10.3-2021.10.win32_1.0.0.202111181127/tools/bin/../lib/gcc/arm-none-eabi/10.3.1/thumb/v7e-m+fp/hard/crti.o
 .ARM.attributes
                0x000000000000001e       0x34 c:/st/stm32cubeide_1.9.0/stm32cubeide/plugins/com.st.stm32cube.ide.mcu.externaltools.gnu-tools-for-stm32.10.3-2021.10.win32_1.0.0.202111181127/tools/bin/../lib/gcc/arm-none-eabi/10.3.1/thumb/v7e-m+fp/hard/crtbegin.o
 .ARM.attributes
                0x0000000000000052       0x34 ./Core/Src/MY_LIS3DSH.o
 .ARM.attributes
                0x0000000000000086       0x34 ./Core/Src/dma.o
 .ARM.attributes
                0x00000000000000ba       0x34 ./Core/Src/gpio.o
 .ARM.attributes
                0x00000000000000ee       0x34 ./Core/Src/i2c.o
 .ARM.attributes
                0x0000000000000122       0x34 ./Core/Src/i2s.o
 .ARM.attributes
                0x0000000000000156       0x34 ./Core/Src/main.o
 .ARM.attributes
                0x000000000000018a       0x34 ./Core/Src/spi.o
 .ARM.attributes
                0x00000000000001be       0x34 ./Core/Src/stm32f4xx_hal_msp.o
 .ARM.attributes
                0x00000000000001f2       0x34 ./Core/Src/stm32f4xx_it.o
 .ARM.attributes
                0x0000000000000226       0x34 ./Core/Src/sysmem.o
 .ARM.attributes
                0x000000000000025a       0x34 ./Core/Src/system_stm32f4xx.o
 .ARM.attributes
                0x000000000000028e       0x21 ./Core/Startup/startup_stm32f407vgtx.o
 .ARM.attributes
                0x00000000000002af       0x34 ./Drivers/STM32F4xx_HAL_Driver/Src/stm32f4xx_hal.o
 .ARM.attributes
                0x00000000000002e3       0x34 ./Drivers/STM32F4xx_HAL_Driver/Src/stm32f4xx_hal_cortex.o
 .ARM.attributes
                0x0000000000000317       0x34 ./Drivers/STM32F4xx_HAL_Driver/Src/stm32f4xx_hal_dma.o
 .ARM.attributes
                0x000000000000034b       0x34 ./Drivers/STM32F4xx_HAL_Driver/Src/stm32f4xx_hal_gpio.o
 .ARM.attributes
                0x000000000000037f       0x34 ./Drivers/STM32F4xx_HAL_Driver/Src/stm32f4xx_hal_hcd.o
 .ARM.attributes
                0x00000000000003b3       0x34 ./Drivers/STM32F4xx_HAL_Driver/Src/stm32f4xx_hal_i2c.o
 .ARM.attributes
                0x00000000000003e7       0x34 ./Drivers/STM32F4xx_HAL_Driver/Src/stm32f4xx_hal_i2s.o
 .ARM.attributes
                0x000000000000041b       0x34 ./Drivers/STM32F4xx_HAL_Driver/Src/stm32f4xx_hal_i2s_ex.o
 .ARM.attributes
                0x000000000000044f       0x34 ./Drivers/STM32F4xx_HAL_Driver/Src/stm32f4xx_hal_rcc.o
 .ARM.attributes
                0x0000000000000483       0x34 ./Drivers/STM32F4xx_HAL_Driver/Src/stm32f4xx_hal_rcc_ex.o
 .ARM.attributes
                0x00000000000004b7       0x34 ./Drivers/STM32F4xx_HAL_Driver/Src/stm32f4xx_hal_spi.o
 .ARM.attributes
                0x00000000000004eb       0x34 ./Drivers/STM32F4xx_HAL_Driver/Src/stm32f4xx_ll_usb.o
 .ARM.attributes
                0x000000000000051f       0x34 ./FATFS/App/fatfs.o
 .ARM.attributes
                0x0000000000000553       0x34 ./FATFS/Target/usbh_diskio.o
 .ARM.attributes
                0x0000000000000587       0x34 ./Middlewares/ST/STM32_USB_Host_Library/Class/MSC/Src/usbh_msc.o
 .ARM.attributes
                0x00000000000005bb       0x34 ./Middlewares/ST/STM32_USB_Host_Library/Class/MSC/Src/usbh_msc_bot.o
 .ARM.attributes
                0x00000000000005ef       0x34 ./Middlewares/ST/STM32_USB_Host_Library/Class/MSC/Src/usbh_msc_scsi.o
 .ARM.attributes
                0x0000000000000623       0x34 ./Middlewares/ST/STM32_USB_Host_Library/Core/Src/usbh_core.o
 .ARM.attributes
                0x0000000000000657       0x34 ./Middlewares/ST/STM32_USB_Host_Library/Core/Src/usbh_ctlreq.o
 .ARM.attributes
                0x000000000000068b       0x34 ./Middlewares/ST/STM32_USB_Host_Library/Core/Src/usbh_ioreq.o
 .ARM.attributes
                0x00000000000006bf       0x34 ./Middlewares/ST/STM32_USB_Host_Library/Core/Src/usbh_pipes.o
 .ARM.attributes
                0x00000000000006f3       0x34 ./Middlewares/Third_Party/FatFs/src/ff_gen_drv.o
 .ARM.attributes
                0x0000000000000727       0x34 ./USB_HOST/App/usb_host.o
 .ARM.attributes
                0x000000000000075b       0x34 ./USB_HOST/Target/usbh_conf.o
 .ARM.attributes
                0x000000000000078f       0x34 ./USB_HOST/Target/usbh_platform.o
 .ARM.attributes
                0x00000000000007c3       0x34 c:/st/stm32cubeide_1.9.0/stm32cubeide/plugins/com.st.stm32cube.ide.mcu.externaltools.gnu-tools-for-stm32.10.3-2021.10.win32_1.0.0.202111181127/tools/bin/../lib/gcc/arm-none-eabi/10.3.1/../../../../arm-none-eabi/lib/thumb/v7e-m+fp/hard\libc_nano.a(lib_a-errno.o)
 .ARM.attributes
                0x00000000000007f7       0x34 c:/st/stm32cubeide_1.9.0/stm32cubeide/plugins/com.st.stm32cube.ide.mcu.externaltools.gnu-tools-for-stm32.10.3-2021.10.win32_1.0.0.202111181127/tools/bin/../lib/gcc/arm-none-eabi/10.3.1/../../../../arm-none-eabi/lib/thumb/v7e-m+fp/hard\libc_nano.a(lib_a-impure.o)
 .ARM.attributes
                0x000000000000082b       0x34 c:/st/stm32cubeide_1.9.0/stm32cubeide/plugins/com.st.stm32cube.ide.mcu.externaltools.gnu-tools-for-stm32.10.3-2021.10.win32_1.0.0.202111181127/tools/bin/../lib/gcc/arm-none-eabi/10.3.1/../../../../arm-none-eabi/lib/thumb/v7e-m+fp/hard\libc_nano.a(lib_a-init.o)
 .ARM.attributes
                0x000000000000085f       0x34 c:/st/stm32cubeide_1.9.0/stm32cubeide/plugins/com.st.stm32cube.ide.mcu.externaltools.gnu-tools-for-stm32.10.3-2021.10.win32_1.0.0.202111181127/tools/bin/../lib/gcc/arm-none-eabi/10.3.1/../../../../arm-none-eabi/lib/thumb/v7e-m+fp/hard\libc_nano.a(lib_a-malloc.o)
 .ARM.attributes
                0x0000000000000893       0x34 c:/st/stm32cubeide_1.9.0/stm32cubeide/plugins/com.st.stm32cube.ide.mcu.externaltools.gnu-tools-for-stm32.10.3-2021.10.win32_1.0.0.202111181127/tools/bin/../lib/gcc/arm-none-eabi/10.3.1/../../../../arm-none-eabi/lib/thumb/v7e-m+fp/hard\libc_nano.a(lib_a-memcpy-stub.o)
 .ARM.attributes
                0x00000000000008c7       0x34 c:/st/stm32cubeide_1.9.0/stm32cubeide/plugins/com.st.stm32cube.ide.mcu.externaltools.gnu-tools-for-stm32.10.3-2021.10.win32_1.0.0.202111181127/tools/bin/../lib/gcc/arm-none-eabi/10.3.1/../../../../arm-none-eabi/lib/thumb/v7e-m+fp/hard\libc_nano.a(lib_a-memset.o)
 .ARM.attributes
                0x00000000000008fb       0x34 c:/st/stm32cubeide_1.9.0/stm32cubeide/plugins/com.st.stm32cube.ide.mcu.externaltools.gnu-tools-for-stm32.10.3-2021.10.win32_1.0.0.202111181127/tools/bin/../lib/gcc/arm-none-eabi/10.3.1/../../../../arm-none-eabi/lib/thumb/v7e-m+fp/hard\libc_nano.a(lib_a-nano-freer.o)
 .ARM.attributes
                0x000000000000092f       0x34 c:/st/stm32cubeide_1.9.0/stm32cubeide/plugins/com.st.stm32cube.ide.mcu.externaltools.gnu-tools-for-stm32.10.3-2021.10.win32_1.0.0.202111181127/tools/bin/../lib/gcc/arm-none-eabi/10.3.1/../../../../arm-none-eabi/lib/thumb/v7e-m+fp/hard\libc_nano.a(lib_a-nano-mallocr.o)
 .ARM.attributes
                0x0000000000000963       0x34 c:/st/stm32cubeide_1.9.0/stm32cubeide/plugins/com.st.stm32cube.ide.mcu.externaltools.gnu-tools-for-stm32.10.3-2021.10.win32_1.0.0.202111181127/tools/bin/../lib/gcc/arm-none-eabi/10.3.1/../../../../arm-none-eabi/lib/thumb/v7e-m+fp/hard\libc_nano.a(lib_a-sbrkr.o)
 .ARM.attributes
                0x0000000000000997       0x34 c:/st/stm32cubeide_1.9.0/stm32cubeide/plugins/com.st.stm32cube.ide.mcu.externaltools.gnu-tools-for-stm32.10.3-2021.10.win32_1.0.0.202111181127/tools/bin/../lib/gcc/arm-none-eabi/10.3.1/../../../../arm-none-eabi/lib/thumb/v7e-m+fp/hard\libc_nano.a(lib_a-mlock.o)
 .ARM.attributes
                0x00000000000009cb       0x34 c:/st/stm32cubeide_1.9.0/stm32cubeide/plugins/com.st.stm32cube.ide.mcu.externaltools.gnu-tools-for-stm32.10.3-2021.10.win32_1.0.0.202111181127/tools/bin/../lib/gcc/arm-none-eabi/10.3.1/../../../../arm-none-eabi/lib/thumb/v7e-m+fp/hard\libc_nano.a(lib_a-reent.o)
 .ARM.attributes
                0x00000000000009ff       0x34 c:/st/stm32cubeide_1.9.0/stm32cubeide/plugins/com.st.stm32cube.ide.mcu.externaltools.gnu-tools-for-stm32.10.3-2021.10.win32_1.0.0.202111181127/tools/bin/../lib/gcc/arm-none-eabi/10.3.1/../../../../arm-none-eabi/lib/thumb/v7e-m+fp/hard\libc_nano.a(lib_a-lock.o)
 .ARM.attributes
                0x0000000000000a33       0x1e c:/st/stm32cubeide_1.9.0/stm32cubeide/plugins/com.st.stm32cube.ide.mcu.externaltools.gnu-tools-for-stm32.10.3-2021.10.win32_1.0.0.202111181127/tools/bin/../lib/gcc/arm-none-eabi/10.3.1/thumb/v7e-m+fp/hard\libgcc.a(_aeabi_uldivmod.o)
 .ARM.attributes
                0x0000000000000a51       0x34 c:/st/stm32cubeide_1.9.0/stm32cubeide/plugins/com.st.stm32cube.ide.mcu.externaltools.gnu-tools-for-stm32.10.3-2021.10.win32_1.0.0.202111181127/tools/bin/../lib/gcc/arm-none-eabi/10.3.1/thumb/v7e-m+fp/hard\libgcc.a(_udivmoddi4.o)
 .ARM.attributes
                0x0000000000000a85       0x1e c:/st/stm32cubeide_1.9.0/stm32cubeide/plugins/com.st.stm32cube.ide.mcu.externaltools.gnu-tools-for-stm32.10.3-2021.10.win32_1.0.0.202111181127/tools/bin/../lib/gcc/arm-none-eabi/10.3.1/thumb/v7e-m+fp/hard\libgcc.a(_dvmd_tls.o)
 .ARM.attributes
                0x0000000000000aa3       0x1e c:/st/stm32cubeide_1.9.0/stm32cubeide/plugins/com.st.stm32cube.ide.mcu.externaltools.gnu-tools-for-stm32.10.3-2021.10.win32_1.0.0.202111181127/tools/bin/../lib/gcc/arm-none-eabi/10.3.1/thumb/v7e-m+fp/hard/crtn.o
OUTPUT(PMPS_Projekat_AjlaPuskarevic_EdinMustafic.elf elf32-littlearm)
LOAD linker stubs
LOAD c:/st/stm32cubeide_1.9.0/stm32cubeide/plugins/com.st.stm32cube.ide.mcu.externaltools.gnu-tools-for-stm32.10.3-2021.10.win32_1.0.0.202111181127/tools/bin/../lib/gcc/arm-none-eabi/10.3.1/../../../../arm-none-eabi/lib/thumb/v7e-m+fp/hard\libc.a
LOAD c:/st/stm32cubeide_1.9.0/stm32cubeide/plugins/com.st.stm32cube.ide.mcu.externaltools.gnu-tools-for-stm32.10.3-2021.10.win32_1.0.0.202111181127/tools/bin/../lib/gcc/arm-none-eabi/10.3.1/../../../../arm-none-eabi/lib/thumb/v7e-m+fp/hard\libm.a
LOAD c:/st/stm32cubeide_1.9.0/stm32cubeide/plugins/com.st.stm32cube.ide.mcu.externaltools.gnu-tools-for-stm32.10.3-2021.10.win32_1.0.0.202111181127/tools/bin/../lib/gcc/arm-none-eabi/10.3.1/thumb/v7e-m+fp/hard\libgcc.a

.debug_info     0x0000000000000000    0x1c516
 .debug_info    0x0000000000000000      0xb85 ./Core/Src/MY_LIS3DSH.o
 .debug_info    0x0000000000000b85      0x4ec ./Core/Src/dma.o
 .debug_info    0x0000000000001071      0x724 ./Core/Src/gpio.o
 .debug_info    0x0000000000001795      0xa0e ./Core/Src/i2c.o
 .debug_info    0x00000000000021a3      0xabb ./Core/Src/i2s.o
 .debug_info    0x0000000000002c5e      0xcf9 ./Core/Src/main.o
 .debug_info    0x0000000000003957      0x9eb ./Core/Src/spi.o
 .debug_info    0x0000000000004342      0x2bb ./Core/Src/stm32f4xx_hal_msp.o
 .debug_info    0x00000000000045fd      0x91e ./Core/Src/stm32f4xx_it.o
 .debug_info    0x0000000000004f1b      0x171 ./Core/Src/sysmem.o
 .debug_info    0x000000000000508c      0x523 ./Core/Src/system_stm32f4xx.o
 .debug_info    0x00000000000055af       0x22 ./Core/Startup/startup_stm32f407vgtx.o
 .debug_info    0x00000000000055d1      0x97c ./Drivers/STM32F4xx_HAL_Driver/Src/stm32f4xx_hal.o
 .debug_info    0x0000000000005f4d      0xe1b ./Drivers/STM32F4xx_HAL_Driver/Src/stm32f4xx_hal_cortex.o
 .debug_info    0x0000000000006d68      0x94f ./Drivers/STM32F4xx_HAL_Driver/Src/stm32f4xx_hal_dma.o
 .debug_info    0x00000000000076b7      0x76a ./Drivers/STM32F4xx_HAL_Driver/Src/stm32f4xx_hal_gpio.o
 .debug_info    0x0000000000007e21     0x10c6 ./Drivers/STM32F4xx_HAL_Driver/Src/stm32f4xx_hal_hcd.o
 .debug_info    0x0000000000008ee7     0x2609 ./Drivers/STM32F4xx_HAL_Driver/Src/stm32f4xx_hal_i2c.o
 .debug_info    0x000000000000b4f0      0xeb6 ./Drivers/STM32F4xx_HAL_Driver/Src/stm32f4xx_hal_i2s.o
 .debug_info    0x000000000000c3a6      0xb7b ./Drivers/STM32F4xx_HAL_Driver/Src/stm32f4xx_hal_i2s_ex.o
 .debug_info    0x000000000000cf21      0x966 ./Drivers/STM32F4xx_HAL_Driver/Src/stm32f4xx_hal_rcc.o
 .debug_info    0x000000000000d887      0x569 ./Drivers/STM32F4xx_HAL_Driver/Src/stm32f4xx_hal_rcc_ex.o
 .debug_info    0x000000000000ddf0     0x1758 ./Drivers/STM32F4xx_HAL_Driver/Src/stm32f4xx_hal_spi.o
 .debug_info    0x000000000000f548     0x1a97 ./Drivers/STM32F4xx_HAL_Driver/Src/stm32f4xx_ll_usb.o
 .debug_info    0x0000000000010fdf      0x519 ./FATFS/App/fatfs.o
 .debug_info    0x00000000000114f8      0xf2f ./FATFS/Target/usbh_diskio.o
 .debug_info    0x0000000000012427     0x15f3 ./Middlewares/ST/STM32_USB_Host_Library/Class/MSC/Src/usbh_msc.o
 .debug_info    0x0000000000013a1a     0x1250 ./Middlewares/ST/STM32_USB_Host_Library/Class/MSC/Src/usbh_msc_bot.o
 .debug_info    0x0000000000014c6a     0x1227 ./Middlewares/ST/STM32_USB_Host_Library/Class/MSC/Src/usbh_msc_scsi.o
 .debug_info    0x0000000000015e91     0x1065 ./Middlewares/ST/STM32_USB_Host_Library/Core/Src/usbh_core.o
 .debug_info    0x0000000000016ef6     0x1083 ./Middlewares/ST/STM32_USB_Host_Library/Core/Src/usbh_ctlreq.o
 .debug_info    0x0000000000017f79      0xcf6 ./Middlewares/ST/STM32_USB_Host_Library/Core/Src/usbh_ioreq.o
 .debug_info    0x0000000000018c6f      0xb34 ./Middlewares/ST/STM32_USB_Host_Library/Core/Src/usbh_pipes.o
 .debug_info    0x00000000000197a3      0x3a9 ./Middlewares/Third_Party/FatFs/src/ff_gen_drv.o
 .debug_info    0x0000000000019b4c      0xab2 ./USB_HOST/App/usb_host.o
 .debug_info    0x000000000001a5fe     0x1d2f ./USB_HOST/Target/usbh_conf.o
 .debug_info    0x000000000001c32d      0x1e9 ./USB_HOST/Target/usbh_platform.o

.debug_abbrev   0x0000000000000000     0x4dcb
 .debug_abbrev  0x0000000000000000      0x22d ./Core/Src/MY_LIS3DSH.o
 .debug_abbrev  0x000000000000022d      0x10a ./Core/Src/dma.o
 .debug_abbrev  0x0000000000000337      0x164 ./Core/Src/gpio.o
 .debug_abbrev  0x000000000000049b      0x1e0 ./Core/Src/i2c.o
 .debug_abbrev  0x000000000000067b      0x1f3 ./Core/Src/i2s.o
 .debug_abbrev  0x000000000000086e      0x26f ./Core/Src/main.o
 .debug_abbrev  0x0000000000000add      0x1e0 ./Core/Src/spi.o
 .debug_abbrev  0x0000000000000cbd       0xf0 ./Core/Src/stm32f4xx_hal_msp.o
 .debug_abbrev  0x0000000000000dad      0x1d7 ./Core/Src/stm32f4xx_it.o
 .debug_abbrev  0x0000000000000f84       0xbb ./Core/Src/sysmem.o
 .debug_abbrev  0x000000000000103f      0x116 ./Core/Src/system_stm32f4xx.o
 .debug_abbrev  0x0000000000001155       0x12 ./Core/Startup/startup_stm32f407vgtx.o
 .debug_abbrev  0x0000000000001167      0x20d ./Drivers/STM32F4xx_HAL_Driver/Src/stm32f4xx_hal.o
 .debug_abbrev  0x0000000000001374      0x316 ./Drivers/STM32F4xx_HAL_Driver/Src/stm32f4xx_hal_cortex.o
 .debug_abbrev  0x000000000000168a      0x25b ./Drivers/STM32F4xx_HAL_Driver/Src/stm32f4xx_hal_dma.o
 .debug_abbrev  0x00000000000018e5      0x1c4 ./Drivers/STM32F4xx_HAL_Driver/Src/stm32f4xx_hal_gpio.o
 .debug_abbrev  0x0000000000001aa9      0x27e ./Drivers/STM32F4xx_HAL_Driver/Src/stm32f4xx_hal_hcd.o
 .debug_abbrev  0x0000000000001d27      0x297 ./Drivers/STM32F4xx_HAL_Driver/Src/stm32f4xx_hal_i2c.o
 .debug_abbrev  0x0000000000001fbe      0x247 ./Drivers/STM32F4xx_HAL_Driver/Src/stm32f4xx_hal_i2s.o
 .debug_abbrev  0x0000000000002205      0x278 ./Drivers/STM32F4xx_HAL_Driver/Src/stm32f4xx_hal_i2s_ex.o
 .debug_abbrev  0x000000000000247d      0x2aa ./Drivers/STM32F4xx_HAL_Driver/Src/stm32f4xx_hal_rcc.o
 .debug_abbrev  0x0000000000002727      0x1a8 ./Drivers/STM32F4xx_HAL_Driver/Src/stm32f4xx_hal_rcc_ex.o
 .debug_abbrev  0x00000000000028cf      0x26e ./Drivers/STM32F4xx_HAL_Driver/Src/stm32f4xx_hal_spi.o
 .debug_abbrev  0x0000000000002b3d      0x296 ./Drivers/STM32F4xx_HAL_Driver/Src/stm32f4xx_ll_usb.o
 .debug_abbrev  0x0000000000002dd3      0x15a ./FATFS/App/fatfs.o
 .debug_abbrev  0x0000000000002f2d      0x27a ./FATFS/Target/usbh_diskio.o
 .debug_abbrev  0x00000000000031a7      0x346 ./Middlewares/ST/STM32_USB_Host_Library/Class/MSC/Src/usbh_msc.o
 .debug_abbrev  0x00000000000034ed      0x2d4 ./Middlewares/ST/STM32_USB_Host_Library/Class/MSC/Src/usbh_msc_bot.o
 .debug_abbrev  0x00000000000037c1      0x2bd ./Middlewares/ST/STM32_USB_Host_Library/Class/MSC/Src/usbh_msc_scsi.o
 .debug_abbrev  0x0000000000003a7e      0x317 ./Middlewares/ST/STM32_USB_Host_Library/Core/Src/usbh_core.o
 .debug_abbrev  0x0000000000003d95      0x2e6 ./Middlewares/ST/STM32_USB_Host_Library/Core/Src/usbh_ctlreq.o
 .debug_abbrev  0x000000000000407b      0x232 ./Middlewares/ST/STM32_USB_Host_Library/Core/Src/usbh_ioreq.o
 .debug_abbrev  0x00000000000042ad      0x270 ./Middlewares/ST/STM32_USB_Host_Library/Core/Src/usbh_pipes.o
 .debug_abbrev  0x000000000000451d      0x196 ./Middlewares/Third_Party/FatFs/src/ff_gen_drv.o
 .debug_abbrev  0x00000000000046b3      0x25a ./USB_HOST/App/usb_host.o
 .debug_abbrev  0x000000000000490d      0x3ac ./USB_HOST/Target/usbh_conf.o
 .debug_abbrev  0x0000000000004cb9      0x112 ./USB_HOST/Target/usbh_platform.o

.debug_aranges  0x0000000000000000     0x13a0
 .debug_aranges
                0x0000000000000000       0x60 ./Core/Src/MY_LIS3DSH.o
 .debug_aranges
                0x0000000000000060       0x20 ./Core/Src/dma.o
 .debug_aranges
                0x0000000000000080       0x20 ./Core/Src/gpio.o
 .debug_aranges
                0x00000000000000a0       0x30 ./Core/Src/i2c.o
 .debug_aranges
                0x00000000000000d0       0x30 ./Core/Src/i2s.o
 .debug_aranges
                0x0000000000000100       0x38 ./Core/Src/main.o
 .debug_aranges
                0x0000000000000138       0x30 ./Core/Src/spi.o
 .debug_aranges
                0x0000000000000168       0x20 ./Core/Src/stm32f4xx_hal_msp.o
 .debug_aranges
                0x0000000000000188       0x78 ./Core/Src/stm32f4xx_it.o
 .debug_aranges
                0x0000000000000200       0x20 ./Core/Src/sysmem.o
 .debug_aranges
                0x0000000000000220       0x28 ./Core/Src/system_stm32f4xx.o
 .debug_aranges
                0x0000000000000248       0x28 ./Core/Startup/startup_stm32f407vgtx.o
 .debug_aranges
                0x0000000000000270       0xf0 ./Drivers/STM32F4xx_HAL_Driver/Src/stm32f4xx_hal.o
 .debug_aranges
                0x0000000000000360      0x118 ./Drivers/STM32F4xx_HAL_Driver/Src/stm32f4xx_hal_cortex.o
 .debug_aranges
                0x0000000000000478       0x90 ./Drivers/STM32F4xx_HAL_Driver/Src/stm32f4xx_hal_dma.o
 .debug_aranges
                0x0000000000000508       0x58 ./Drivers/STM32F4xx_HAL_Driver/Src/stm32f4xx_hal_gpio.o
 .debug_aranges
                0x0000000000000560       0xf8 ./Drivers/STM32F4xx_HAL_Driver/Src/stm32f4xx_hal_hcd.o
 .debug_aranges
                0x0000000000000658      0x2a0 ./Drivers/STM32F4xx_HAL_Driver/Src/stm32f4xx_hal_i2c.o
 .debug_aranges
                0x00000000000008f8      0x108 ./Drivers/STM32F4xx_HAL_Driver/Src/stm32f4xx_hal_i2s.o
 .debug_aranges
                0x0000000000000a00       0x88 ./Drivers/STM32F4xx_HAL_Driver/Src/stm32f4xx_hal_i2s_ex.o
 .debug_aranges
                0x0000000000000a88       0x88 ./Drivers/STM32F4xx_HAL_Driver/Src/stm32f4xx_hal_rcc.o
 .debug_aranges
                0x0000000000000b10       0x48 ./Drivers/STM32F4xx_HAL_Driver/Src/stm32f4xx_hal_rcc_ex.o
 .debug_aranges
                0x0000000000000b58      0x1d0 ./Drivers/STM32F4xx_HAL_Driver/Src/stm32f4xx_hal_spi.o
 .debug_aranges
                0x0000000000000d28      0x1a0 ./Drivers/STM32F4xx_HAL_Driver/Src/stm32f4xx_ll_usb.o
 .debug_aranges
                0x0000000000000ec8       0x28 ./FATFS/App/fatfs.o
 .debug_aranges
                0x0000000000000ef0       0x40 ./FATFS/Target/usbh_diskio.o
 .debug_aranges
                0x0000000000000f30       0x78 ./Middlewares/ST/STM32_USB_Host_Library/Class/MSC/Src/usbh_msc.o
 .debug_aranges
                0x0000000000000fa8       0x48 ./Middlewares/ST/STM32_USB_Host_Library/Class/MSC/Src/usbh_msc_bot.o
 .debug_aranges
                0x0000000000000ff0       0x48 ./Middlewares/ST/STM32_USB_Host_Library/Class/MSC/Src/usbh_msc_scsi.o
 .debug_aranges
                0x0000000000001038       0xc0 ./Middlewares/ST/STM32_USB_Host_Library/Core/Src/usbh_core.o
 .debug_aranges
                0x00000000000010f8       0xa0 ./Middlewares/ST/STM32_USB_Host_Library/Core/Src/usbh_ctlreq.o
 .debug_aranges
                0x0000000000001198       0x60 ./Middlewares/ST/STM32_USB_Host_Library/Core/Src/usbh_ioreq.o
 .debug_aranges
                0x00000000000011f8       0x40 ./Middlewares/ST/STM32_USB_Host_Library/Core/Src/usbh_pipes.o
 .debug_aranges
                0x0000000000001238       0x40 ./Middlewares/Third_Party/FatFs/src/ff_gen_drv.o
 .debug_aranges
                0x0000000000001278       0x30 ./USB_HOST/App/usb_host.o
 .debug_aranges
                0x00000000000012a8       0xd8 ./USB_HOST/Target/usbh_conf.o
 .debug_aranges
                0x0000000000001380       0x20 ./USB_HOST/Target/usbh_platform.o

.debug_ranges   0x0000000000000000     0x1170
 .debug_ranges  0x0000000000000000       0x50 ./Core/Src/MY_LIS3DSH.o
 .debug_ranges  0x0000000000000050       0x10 ./Core/Src/dma.o
 .debug_ranges  0x0000000000000060       0x10 ./Core/Src/gpio.o
 .debug_ranges  0x0000000000000070       0x20 ./Core/Src/i2c.o
 .debug_ranges  0x0000000000000090       0x20 ./Core/Src/i2s.o