../Core/Src/AUDIO.c:13:9:AUDIO_OUT_Init	32	static
../Core/Src/AUDIO.c:50:9:AUDIO_OUT_Play	16	static
../Core/Src/AUDIO.c:64:6:AUDIO_OUT_ChangeBuffer	16	static
../Core/Src/AUDIO.c:69:9:AUDIO_OUT_Pause	8	static
../Core/Src/AUDIO.c:83:9:AUDIO_OUT_Resume	8	static
../Core/Src/AUDIO.c:97:9:AUDIO_OUT_Stop	16	static
../Core/Src/AUDIO.c:118:9:AUDIO_OUT_SetVolume	16	static
../Core/Src/AUDIO.c:130:9:AUDIO_OUT_SetMute	16	static
../Core/Src/AUDIO.c:142:9:AUDIO_OUT_SetOutputMode	16	static
../Core/Src/AUDIO.c:154:6:AUDIO_OUT_SetFrequency	32	static
../Core/Src/AUDIO.c:177:6:HAL_I2S_TxCpltCallback	16	static
../Core/Src/AUDIO.c:185:6:HAL_I2S_TxHalfCpltCallback	16	static
../Core/Src/AUDIO.c:193:13:AUDIO_OUT_ClockConfig	48	static
../Core/Src/AUDIO.c:222:13:AUDIO_OUT_MspInit	56	static
../Core/Src/AUDIO.c:276:13:AUDIO_OUT_MspDeInit	40	static
../Core/Src/AUDIO.c:301:13:AUDIO_OUT_TransferComplete_CallBack	4	static
../Core/Src/AUDIO.c:305:13:AUDIO_OUT_HalfTransfer_CallBack	4	static
../Core/Src/AUDIO.c:309:13:AUDIO_OUT_Error_CallBack	4	static
../Core/Src/AUDIO.c:313:16:I2S3_Init	16	static
../Core/Src/AUDIO.c:336:6:HAL_I2S_ErrorCallback	16	static
